Archive member included because of file (symbol)

d:/program files (x86)/atmel/avr studio 5.1/extensions/atmel/avrgcc/3.3.1.27/avrtoolchain/bin/../lib/gcc/avr/4.5.1/../../../../avr/lib/avr5\libm.a(addsf3.o)
                              HefnyCopter2.o (__subsf3)
d:/program files (x86)/atmel/avr studio 5.1/extensions/atmel/avrgcc/3.3.1.27/avrtoolchain/bin/../lib/gcc/avr/4.5.1/../../../../avr/lib/avr5\libm.a(addsf3x.o)
                              d:/program files (x86)/atmel/avr studio 5.1/extensions/atmel/avrgcc/3.3.1.27/avrtoolchain/bin/../lib/gcc/avr/4.5.1/../../../../avr/lib/avr5\libm.a(addsf3.o) (__addsf3x)
d:/program files (x86)/atmel/avr studio 5.1/extensions/atmel/avrgcc/3.3.1.27/avrtoolchain/bin/../lib/gcc/avr/4.5.1/../../../../avr/lib/avr5\libm.a(cmpsf2.o)
                              IMU/IMU.o (__eqsf2)
d:/program files (x86)/atmel/avr studio 5.1/extensions/atmel/avrgcc/3.3.1.27/avrtoolchain/bin/../lib/gcc/avr/4.5.1/../../../../avr/lib/avr5\libm.a(divsf3.o)
                              IMU/PID.o (__divsf3)
d:/program files (x86)/atmel/avr studio 5.1/extensions/atmel/avrgcc/3.3.1.27/avrtoolchain/bin/../lib/gcc/avr/4.5.1/../../../../avr/lib/avr5\libm.a(divsf3x.o)
                              d:/program files (x86)/atmel/avr studio 5.1/extensions/atmel/avrgcc/3.3.1.27/avrtoolchain/bin/../lib/gcc/avr/4.5.1/../../../../avr/lib/avr5\libm.a(divsf3.o) (__divsf3x)
d:/program files (x86)/atmel/avr studio 5.1/extensions/atmel/avrgcc/3.3.1.27/avrtoolchain/bin/../lib/gcc/avr/4.5.1/../../../../avr/lib/avr5\libm.a(fixsfsi.o)
                              HefnyCopter2.o (__fixsfsi)
d:/program files (x86)/atmel/avr studio 5.1/extensions/atmel/avrgcc/3.3.1.27/avrtoolchain/bin/../lib/gcc/avr/4.5.1/../../../../avr/lib/avr5\libm.a(fixunssfsi.o)
                              IMU/IMU.o (__fixunssfsi)
d:/program files (x86)/atmel/avr studio 5.1/extensions/atmel/avrgcc/3.3.1.27/avrtoolchain/bin/../lib/gcc/avr/4.5.1/../../../../avr/lib/avr5\libm.a(floatsisf.o)
                              IMU/IMU.o (__floatunsisf)
d:/program files (x86)/atmel/avr studio 5.1/extensions/atmel/avrgcc/3.3.1.27/avrtoolchain/bin/../lib/gcc/avr/4.5.1/../../../../avr/lib/avr5\libm.a(fp_cmp.o)
                              d:/program files (x86)/atmel/avr studio 5.1/extensions/atmel/avrgcc/3.3.1.27/avrtoolchain/bin/../lib/gcc/avr/4.5.1/../../../../avr/lib/avr5\libm.a(cmpsf2.o) (__fp_cmp)
d:/program files (x86)/atmel/avr studio 5.1/extensions/atmel/avrgcc/3.3.1.27/avrtoolchain/bin/../lib/gcc/avr/4.5.1/../../../../avr/lib/avr5\libm.a(fp_inf.o)
                              d:/program files (x86)/atmel/avr studio 5.1/extensions/atmel/avrgcc/3.3.1.27/avrtoolchain/bin/../lib/gcc/avr/4.5.1/../../../../avr/lib/avr5\libm.a(addsf3x.o) (__fp_inf)
d:/program files (x86)/atmel/avr studio 5.1/extensions/atmel/avrgcc/3.3.1.27/avrtoolchain/bin/../lib/gcc/avr/4.5.1/../../../../avr/lib/avr5\libm.a(fp_nan.o)
                              d:/program files (x86)/atmel/avr studio 5.1/extensions/atmel/avrgcc/3.3.1.27/avrtoolchain/bin/../lib/gcc/avr/4.5.1/../../../../avr/lib/avr5\libm.a(addsf3x.o) (__fp_nan)
d:/program files (x86)/atmel/avr studio 5.1/extensions/atmel/avrgcc/3.3.1.27/avrtoolchain/bin/../lib/gcc/avr/4.5.1/../../../../avr/lib/avr5\libm.a(fp_pscA.o)
                              d:/program files (x86)/atmel/avr studio 5.1/extensions/atmel/avrgcc/3.3.1.27/avrtoolchain/bin/../lib/gcc/avr/4.5.1/../../../../avr/lib/avr5\libm.a(addsf3x.o) (__fp_pscA)
d:/program files (x86)/atmel/avr studio 5.1/extensions/atmel/avrgcc/3.3.1.27/avrtoolchain/bin/../lib/gcc/avr/4.5.1/../../../../avr/lib/avr5\libm.a(fp_pscB.o)
                              d:/program files (x86)/atmel/avr studio 5.1/extensions/atmel/avrgcc/3.3.1.27/avrtoolchain/bin/../lib/gcc/avr/4.5.1/../../../../avr/lib/avr5\libm.a(addsf3x.o) (__fp_pscB)
d:/program files (x86)/atmel/avr studio 5.1/extensions/atmel/avrgcc/3.3.1.27/avrtoolchain/bin/../lib/gcc/avr/4.5.1/../../../../avr/lib/avr5\libm.a(fp_round.o)
                              d:/program files (x86)/atmel/avr studio 5.1/extensions/atmel/avrgcc/3.3.1.27/avrtoolchain/bin/../lib/gcc/avr/4.5.1/../../../../avr/lib/avr5\libm.a(addsf3.o) (__fp_round)
d:/program files (x86)/atmel/avr studio 5.1/extensions/atmel/avrgcc/3.3.1.27/avrtoolchain/bin/../lib/gcc/avr/4.5.1/../../../../avr/lib/avr5\libm.a(fp_split3.o)
                              d:/program files (x86)/atmel/avr studio 5.1/extensions/atmel/avrgcc/3.3.1.27/avrtoolchain/bin/../lib/gcc/avr/4.5.1/../../../../avr/lib/avr5\libm.a(addsf3x.o) (__fp_split3)
d:/program files (x86)/atmel/avr studio 5.1/extensions/atmel/avrgcc/3.3.1.27/avrtoolchain/bin/../lib/gcc/avr/4.5.1/../../../../avr/lib/avr5\libm.a(fp_zero.o)
                              d:/program files (x86)/atmel/avr studio 5.1/extensions/atmel/avrgcc/3.3.1.27/avrtoolchain/bin/../lib/gcc/avr/4.5.1/../../../../avr/lib/avr5\libm.a(addsf3x.o) (__fp_zero)
[...]
Memory Configuration

Name             Origin             Length             Attributes
text             0x00000000         0x00020000         xr
data             0x00800060         0x0000ffa0         rw !x
eeprom           0x00810000         0x00010000         rw !x
fuse             0x00820000         0x00000400         rw !x
lock             0x00830000         0x00000400         rw !x
signature        0x00840000         0x00000400         rw !x
*default*        0x00000000         0xffffffff

Linker script and memory map

Address of section .data set to 0x800100
LOAD d:/program files (x86)/atmel/avr studio 5.1/extensions/atmel/avrgcc/3.3.1.27/avrtoolchain/bin/../lib/gcc/avr/4.5.1/../../../../avr/lib/avr5/crtm324pa.o
LOAD Accessories/Beeper.o
LOAD Accessories/KeyBoard.o
LOAD Accessories/LCD.o
LOAD Accessories/LED.o
LOAD Accessories/Misc.o
LOAD Accessories/Ultrasonic.o
LOAD Arming.o
LOAD Core/eepROM.o
LOAD Core/Timer.o
LOAD Core/UART.o
LOAD GFX/font12x16.o
LOAD GFX/font6x8.o
LOAD GFX/Fonts.o
LOAD GFX/glyphs.o
LOAD GFX/logo.o
LOAD HefnyCopter2.o
LOAD IMU/DCM.o
LOAD IMU/PID.o
LOAD IMU/IMU.o
LOAD IMU/Kalman.o
LOAD Math/Math.o
LOAD Motor.o
LOAD Receiver.o
LOAD Sensors/Sensors.o
LOAD Sensors/ADC_PORT.o
LOAD UI/menu.o
LOAD d:/program files (x86)/atmel/avr studio 5.1/extensions/atmel/avrgcc/3.3.1.27/avrtoolchain/bin/../lib/gcc/avr/4.5.1/../../../../avr/lib/avr5\libm.a
LOAD d:/program files (x86)/atmel/avr studio 5.1/extensions/atmel/avrgcc/3.3.1.27/avrtoolchain/bin/../lib/gcc/avr/4.5.1/avr5\libgcc.a
LOAD d:/program files (x86)/atmel/avr studio 5.1/extensions/atmel/avrgcc/3.3.1.27/avrtoolchain/bin/../lib/gcc/avr/4.5.1/../../../../avr/lib/avr5\libc.a
LOAD d:/program files (x86)/atmel/avr studio 5.1/extensions/atmel/avrgcc/3.3.1.27/avrtoolchain/bin/../lib/gcc/avr/4.5.1/avr5\libgcc.a

.hash
 *(.hash)

.dynsym
 *(.dynsym)

.dynstr
 *(.dynstr)

.gnu.version
 *(.gnu.version)

.gnu.version_d
 *(.gnu.version_d)

.gnu.version_r
 *(.gnu.version_r)

.rel.init
 *(.rel.init)

.rela.init
 *(.rela.init)

.rel.text
 *(.rel.text)
 *(.rel.text.*)
 *(.rel.gnu.linkonce.t*)

.rela.text
 *(.rela.text)
 *(.rela.text.*)
 *(.rela.gnu.linkonce.t*)

.rel.fini
 *(.rel.fini)

.rela.fini
 *(.rela.fini)

.rel.rodata
 *(.rel.rodata)
 *(.rel.rodata.*)
 *(.rel.gnu.linkonce.r*)

.rela.rodata
 *(.rela.rodata)
 *(.rela.rodata.*)
 *(.rela.gnu.linkonce.r*)

.rel.data
 *(.rel.data)
 *(.rel.data.*)
 *(.rel.gnu.linkonce.d*)

.rela.data
 *(.rela.data)
 *(.rela.data.*)
 *(.rela.gnu.linkonce.d*)

.rel.ctors
 *(.rel.ctors)

.rela.ctors
 *(.rela.ctors)

.rel.dtors
 *(.rel.dtors)

.rela.dtors
 *(.rela.dtors)

.rel.got
 *(.rel.got)

.rela.got
 *(.rela.got)

.rel.bss
 *(.rel.bss)

.rela.bss
 *(.rela.bss)

.rel.plt
 *(.rel.plt)

.rela.plt
 *(.rela.plt)

.text           0x00000000     0x7b06
 *(.vectors)
 .vectors       0x00000000       0x7c d:/program files (x86)/atmel/avr studio 5.1/extensions/atmel/avrgcc/3.3.1.27/avrtoolchain/bin/../lib/gcc/avr/4.5.1/../../../../avr/lib/avr5/crtm324pa.o
                0x00000000                __vector_default
                0x00000000                __vectors
 *(.vectors)
 *(.progmem.gcc*)
 .progmem.gcc_fplib
                0x0000007c       0x1e d:/program files (x86)/atmel/avr studio 5.1/extensions/atmel/avrgcc/3.3.1.27/avrtoolchain/bin/../lib/gcc/avr/4.5.1/../../../../avr/lib/avr5\libm.a(fp_sinus.o)
 *(.progmem*)
 .progmem.data  0x0000009a       0x14 Accessories/LCD.o
 .progmem.data  0x000000ae       0xc9 Core/eepROM.o
 .progmem.data  0x00000177      0x604 GFX/font12x16.o
                0x00000177                font12x16
 .progmem.data  0x0000077b      0x244 GFX/font6x8.o
                0x0000077b                font6x8
 .progmem.data  0x000009bf        0x4 GFX/Fonts.o
                0x000009bf                fonts
 .progmem.data  0x000009c3       0x3a GFX/glyphs.o
                0x000009c3                glyArrowUp
                0x000009cd                glyArrowDown
                0x000009d7                glyBall
                0x000009eb                glyDirCW
                0x000009f6                glyDirCCW
 .progmem.data  0x000009fd      0x202 GFX/logo.o
                0x000009fd                glyLogo
 .progmem.data  0x00000bff      0x5ba UI/menu.o
                0x00000bff                scrESCCal
 .progmem.data  0x000011b9       0xfa d:/program files (x86)/atmel/avr studio 5.1/extensions/atmel/avrgcc/3.3.1.27/avrtoolchain/bin/../lib/gcc/avr/4.5.1/../../../../avr/lib/avr5\libc.a(ftoa_engine.o)
                0x000012b4                . = ALIGN (0x2)
 *fill*         0x000012b3        0x1 00
                0x000012b4                __trampolines_start = .
 *(.trampolines)
 .trampolines   0x000012b4        0x0 linker stubs
 *(.trampolines*)
                0x000012b4                __trampolines_end = .
 *(.jumptables)
 *(.jumptables*)
 *(.lowtext)
 .lowtext       0x000012b4       0xb2 Accessories/LCD.o
                0x000012b4                __vector_18
 .lowtext       0x00001366      0x3ac Receiver.o
                0x00001366                __vector_6
                0x00001498                __vector_2
                0x00001514                __vector_1
                0x00001590                __vector_7
                0x000015f2                __vector_3
                0x0000169a                __vector_5
 *(.lowtext*)
                0x00001712                __ctors_start = .
 *(.ctors)
                0x00001712                __ctors_end = .
                0x00001712                __dtors_start = .
 *(.dtors)
                0x00001712                __dtors_end = .
 SORT(*)(.ctors)
 SORT(*)(.dtors)
 *(.init0)
 .init0         0x00001712        0x0 d:/program files (x86)/atmel/avr studio 5.1/extensions/atmel/avrgcc/3.3.1.27/avrtoolchain/bin/../lib/gcc/avr/4.5.1/../../../../avr/lib/avr5/crtm324pa.o
                0x00001712                __init
 *(.init0)
 *(.init1)
 *(.init1)
 *(.init2)
 .init2         0x00001712        0xc d:/program files (x86)/atmel/avr studio 5.1/extensions/atmel/avrgcc/3.3.1.27/avrtoolchain/bin/../lib/gcc/avr/4.5.1/../../../../avr/lib/avr5/crtm324pa.o
 *(.init2)
 *(.init3)
 *(.init3)
 *(.init4)
 .init4         0x0000171e       0x16 d:/program files (x86)/atmel/avr studio 5.1/extensions/atmel/avrgcc/3.3.1.27/avrtoolchain/bin/../lib/gcc/avr/4.5.1/avr5\libgcc.a(_copy_data.o)
                0x0000171e                __do_copy_data
 .init4         0x00001734       0x10 d:/program files (x86)/atmel/avr studio 5.1/extensions/atmel/avrgcc/3.3.1.27/avrtoolchain/bin/../lib/gcc/avr/4.5.1/avr5\libgcc.a(_clear_bss.o)
                0x00001734                __do_clear_bss
 *(.init4)
 *(.init5)
 *(.init5)
 *(.init6)
 *(.init6)
 *(.init7)
 *(.init7)
 *(.init8)
 *(.init8)
 *(.init9)
 .init9         0x00001744        0x8 d:/program files (x86)/atmel/avr studio 5.1/extensions/atmel/avrgcc/3.3.1.27/avrtoolchain/bin/../lib/gcc/avr/4.5.1/../../../../avr/lib/avr5/crtm324pa.o
 *(.init9)
 *(.text)
 .text          0x0000174c        0x4 d:/program files (x86)/atmel/avr studio 5.1/extensions/atmel/avrgcc/3.3.1.27/avrtoolchain/bin/../lib/gcc/avr/4.5.1/../../../../avr/lib/avr5/crtm324pa.o
                0x0000174c                __vector_22
                0x0000174c                __vector_12
                0x0000174c                __bad_interrupt
                0x0000174c                __vector_23
                0x0000174c                __vector_30
                0x0000174c                __vector_25
                0x0000174c                __vector_13
                0x0000174c                __vector_17
                0x0000174c                __vector_19
                0x0000174c                __vector_27
                0x0000174c                __vector_4
                0x0000174c                __vector_9
                0x0000174c                __vector_21
                0x0000174c                __vector_29
                0x0000174c                __vector_8
                0x0000174c                __vector_26
                0x0000174c                __vector_14
                0x0000174c                __vector_10
                0x0000174c                __vector_16
                0x0000174c                __vector_20
 .text          0x00001750       0x40 Accessories/Beeper.o
                0x00001750                Beeper_Beep
 .text          0x00001790       0x82 Accessories/KeyBoard.o
                0x00001790                KeyBoard_Init
                0x0000179e                Keyboard_Read
                0x0000180c                Keyboard_State
 .text          0x00001812      0x542 Accessories/LCD.o
                0x0000183e                LCD_SetPos
                0x00001850                lcdXY
                0x0000185a                lcdSetPixel
                0x000018a8                LCD_Line
                0x000018aa                LCD_Rectangle
                0x000018ac                LCD_FillRectangle
                0x000018ae                LCD_Clear
                0x000018d0                lcdWriteSprite_P
                0x000019be                lcdWriteGlyph_P
                0x000019d0                lcdWriteChar
                0x00001a10                LCD_WriteString
                0x00001a38                LCD_WriteString_P
                0x00001a54                lcdReverse
                0x00001a68                LCD_WriteStringex
                0x00001ac0                LCD_WriteSpace
                0x00001adc                LCD_WritePadded
                0x00001b16                LCD_WritePadded_P
                0x00001b48                LCD_WriteString_Pex
                0x00001b92                LCD_WriteValue_double_ex
                0x00001c12                LCD_WriteValue_double
                0x00001c24                LCD_WriteValue
                0x00001c96                LCD_Enable
                0x00001ca8                LCD_Disable
                0x00001cb4                lcdSetContrast
                0x00001ce6                LCD_SelectFont
                0x00001cfe                LCD_Init
 .text          0x00001d54       0x9e Accessories/LED.o
                0x00001d54                LED_FlashOrangeLED
 .text          0x00001df2       0x4c Accessories/Misc.o
                0x00001df2                delay_us
                0x00001e18                delay_ms
 .text          0x00001e3e       0x14 Accessories/Ultrasonic.o
                0x00001e3e                Ultrasonic_Init
 .text          0x00001e52       0xd6 Arming.o
                0x00001e52                Disarm
                0x00001e74                Arm
 .text          0x00001f28      0x124 Core/eepROM.o
                0x00001f28                Set_EEPROM_Default_Config
                0x00001f3a                eeprom_write_byte_changed
                0x00001f68                eeprom_write_block_changes
                0x00001fac                Load_Config_from_EEPROM
                0x00001fbe                Save_Config_to_EEPROM
                0x00001fde                Save_Default_Config_to_EEPROM
                0x0000200c                Initial_EEPROM_Config_Load
 .text          0x0000204c       0x88 Core/Timer.o
                0x0000204c                __vector_15
                0x0000207a                __vector_11
                0x000020a8                Timer_Init
 .text          0x000020d4      0x26a Core/UART.o
                0x000020d4                UART_Init
                0x000020f6                send_byte
                0x00002104                Send_Data
                0x0000213e                ParseCommand
                0x0000221c                __vector_28
                0x00002304                Send_Data_TEST
 .text          0x0000233e       0x20 GFX/font12x16.o
 .text          0x0000235e       0x1a GFX/font6x8.o
 .text          0x00002378        0x0 GFX/Fonts.o
 .text          0x00002378        0x0 GFX/glyphs.o
 .text          0x00002378        0x0 GFX/logo.o
 .text          0x00002378      0xe6e HefnyCopter2.o
                0x00002378                Setup
                0x000023f2                Loop
                0x0000243a                LoopESCCalibration
                0x00002446                LoopCalibration
                0x0000246e                HandleSticksForArming
                0x00002752                HandleSticksAsKeys
                0x0000286c                ZEROMotors
                0x000028a8                MainLoop
                0x0000318e                main
 .text          0x000031e6        0x0 IMU/DCM.o
 .text          0x000031e6      0x512 IMU/PID.o
                0x000031e6                PID_Calculate_ACC
                0x0000347c                PID_Calculate
                0x00003680                ZERO_Is
 .text          0x000036f8      0xd8c IMU/IMU.o
                0x000036f8                RotateV
                0x0000394e                IMU_Reset
                0x00003986                IMU
                0x000041ca                IMU_HeightKeeping
 .text          0x00004484        0x0 IMU/Kalman.o
 .text          0x00004484      0x3b8 Math/Math.o
                0x00004484                arctan2
                0x000045b6                Limiterf
                0x00004630                Limiter
                0x00004648                ScaleSensor
                0x0000464e                _atan2
                0x0000479e                InvSqrt
 .text          0x0000483c      0x252 Motor.o
                0x0000483c                Motor_GenerateOutputSignal
 .text          0x00004a8e      0x5aa Receiver.o
                0x00004a8e                CalculateSignalLength1
                0x00004ae0                CalculateSignalLength2
                0x00004b2a                RX_Init
                0x00004bfc                RX_raw_GetReceiverValues
                0x00004c24                RX_GetReceiverValues
                0x00004c76                RX_GetReceiverThrottleValue
                0x00004d98                RX_CopyLatestReceiverValues
                0x00004e4c                RX_StickCenterCalibrationInit
                0x00004f9a                RX_StickCenterCalibration
 .text          0x00005038      0x350 Sensors/Sensors.o
                0x00005038                Sensors_Init
                0x00005046                Sensors_Test
                0x000050b6                Sensors_Calibrate
                0x00005206                Sensor_GetBattery
                0x0000522c                Sensors_ReadAll
 .text          0x00005388       0x88 Sensors/ADC_PORT.o
                0x00005388                __vector_24
                0x000053e6                ADCPort_Init
                0x000053f8                ADCPort_Get
 .text          0x00005410     0x1b12 UI/menu.o
                0x00005410                _hHomeRestart
                0x0000541e                tsmMain
                0x0000545c                _hDebug
                0x00005596                _hSensorCalibration
                0x00005612                _hSensorTest
                0x00005652                _hHomeArmedESC
                0x00005724                _helper_DisplayPitchRollYaw
                0x0000576a                _helper_SwitchPitchRollYaw
                0x00005792                _helper_DisplayBiStateText
                0x000057ea                _helper_SaveinEEPROM_ifChanged
                0x000057fc                _helper_DisplayRXStatus
                0x0000586e                _hStickCentering
                0x00005b7e                _hReceiverTest
                0x00005c04                _helper_Words
                0x00005c30                Menu_LoadPage
                0x00005c54                _hFactoryReset
                0x00005c76                _hESCCalibration
                0x00005cb0                _hHomeArmed
                0x00005ce8                _hHomePage
                0x00005ea0                defaultHandler
                0x00005eec                editModeHandler
                0x0000608e                PageKey
                0x000060c4                _hAltitudeHold
                0x00006218                _hSelfLeveling
                0x00006626                _hStabilization
                0x000069f0                _hMiscSettings
                0x00006b60                _hModeSettings
                0x00006d36                doMenu
                0x00006e44                _hMenu
                0x00006e76                Menu_MenuShow
                0x00006efc                Menu_MenuInit
                0x00006f0a                tsmLoadModelLayout
                0x00006f0c                Menu_EnableAllItems
 .text          0x00006f22        0x0 d:/program files (x86)/atmel/avr studio 5.1/extensions/atmel/avrgcc/3.3.1.27/avrtoolchain/bin/../lib/gcc/avr/4.5.1/../../../../avr/lib/avr5\libm.a(addsf3.o)
 .text          0x00006f22        0x0 d:/program files (x86)/atmel/avr studio 5.1/extensions/atmel/avrgcc/3.3.1.27/avrtoolchain/bin/../lib/gcc/avr/4.5.1/../../../../avr/lib/avr5\libm.a(addsf3x.o)
 .text          0x00006f22        0x0 d:/program files (x86)/atmel/avr studio 5.1/extensions/atmel/avrgcc/3.3.1.27/avrtoolchain/bin/../lib/gcc/avr/4.5.1/../../../../avr/lib/avr5\libm.a(cmpsf2.o)
 .text          0x00006f22        0x0 d:/program files (x86)/atmel/avr studio 5.1/extensions/atmel/avrgcc/3.3.1.27/avrtoolchain/bin/../lib/gcc/avr/4.5.1/../../../../avr/lib/avr5\libm.a(divsf3.o)
 .text          0x00006f22        0x0 d:/program files (x86)/atmel/avr studio 5.1/extensions/atmel/avrgcc/3.3.1.27/avrtoolchain/bin/../lib/gcc/avr/4.5.1/../../../../avr/lib/avr5\libm.a(divsf3x.o)
 .text          0x00006f22        0x0 d:/program files (x86)/atmel/avr studio 5.1/extensions/atmel/avrgcc/3.3.1.27/avrtoolchain/bin/../lib/gcc/avr/4.5.1/../../../../avr/lib/avr5\libm.a(fixsfsi.o)
 .text          0x00006f22        0x0 d:/program files (x86)/atmel/avr studio 5.1/extensions/atmel/avrgcc/3.3.1.27/avrtoolchain/bin/../lib/gcc/avr/4.5.1/../../../../avr/lib/avr5\libm.a(fixunssfsi.o)
 .text          0x00006f22        0x0 d:/program files (x86)/atmel/avr studio 5.1/extensions/atmel/avrgcc/3.3.1.27/avrtoolchain/bin/../lib/gcc/avr/4.5.1/../../../../avr/lib/avr5\libm.a(floatsisf.o)
 .text          0x00006f22        0x0 d:/program files (x86)/atmel/avr studio 5.1/extensions/atmel/avrgcc/3.3.1.27/avrtoolchain/bin/../lib/gcc/avr/4.5.1/../../../../avr/lib/avr5\libm.a(fp_cmp.o)
 .text          0x00006f22        0x0 d:/program files (x86)/atmel/avr studio 5.1/extensions/atmel/avrgcc/3.3.1.27/avrtoolchain/bin/../lib/gcc/avr/4.5.1/../../../../avr/lib/avr5\libm.a(fp_inf.o)
 .text          0x00006f22        0x0 d:/program files (x86)/atmel/avr studio 5.1/extensions/atmel/avrgcc/3.3.1.27/avrtoolchain/bin/../lib/gcc/avr/4.5.1/../../../../avr/lib/avr5\libm.a(fp_nan.o)
 .text          0x00006f22        0x0 d:/program files (x86)/atmel/avr studio 5.1/extensions/atmel/avrgcc/3.3.1.27/avrtoolchain/bin/../lib/gcc/avr/4.5.1/../../../../avr/lib/avr5\libm.a(fp_pscA.o)
 .text          0x00006f22        0x0 d:/program files (x86)/atmel/avr studio 5.1/extensions/atmel/avrgcc/3.3.1.27/avrtoolchain/bin/../lib/gcc/avr/4.5.1/../../../../avr/lib/avr5\libm.a(fp_pscB.o)
 .text          0x00006f22        0x0 d:/program files (x86)/atmel/avr studio 5.1/extensions/atmel/avrgcc/3.3.1.27/avrtoolchain/bin/../lib/gcc/avr/4.5.1/../../../../avr/lib/avr5\libm.a(fp_round.o)
 .text          0x00006f22        0x0 d:/program files (x86)/atmel/avr studio 5.1/extensions/atmel/avrgcc/3.3.1.27/avrtoolchain/bin/../lib/gcc/avr/4.5.1/../../../../avr/lib/avr5\libm.a(fp_split3.o)
 .text          0x00006f22        0x0 d:/program files (x86)/atmel/avr studio 5.1/extensions/atmel/avrgcc/3.3.1.27/avrtoolchain/bin/../lib/gcc/avr/4.5.1/../../../../avr/lib/avr5\libm.a(fp_zero.o)
 .text          0x00006f22        0x0 d:/program files (x86)/atmel/avr studio 5.1/extensions/atmel/avrgcc/3.3.1.27/avrtoolchain/bin/../lib/gcc/avr/4.5.1/../../../../avr/lib/avr5\libm.a(gesf2.o)
 .text          0x00006f22        0x0 d:/program files (x86)/atmel/avr studio 5.1/extensions/atmel/avrgcc/3.3.1.27/avrtoolchain/bin/../lib/gcc/avr/4.5.1/../../../../avr/lib/avr5\libm.a(mulsf3.o)
 .text          0x00006f22        0x0 d:/program files (x86)/atmel/avr studio 5.1/extensions/atmel/avrgcc/3.3.1.27/avrtoolchain/bin/../lib/gcc/avr/4.5.1/../../../../avr/lib/avr5\libm.a(mulsf3x.o)
 .text          0x00006f22        0x0 d:/program files (x86)/atmel/avr studio 5.1/extensions/atmel/avrgcc/3.3.1.27/avrtoolchain/bin/../lib/gcc/avr/4.5.1/../../../../avr/lib/avr5\libm.a(sin.o)
 .text          0x00006f22        0x0 d:/program files (x86)/atmel/avr studio 5.1/extensions/atmel/avrgcc/3.3.1.27/avrtoolchain/bin/../lib/gcc/avr/4.5.1/../../../../avr/lib/avr5\libm.a(fp_rempio2.o)
 .text          0x00006f22        0x0 d:/program files (x86)/atmel/avr studio 5.1/extensions/atmel/avrgcc/3.3.1.27/avrtoolchain/bin/../lib/gcc/avr/4.5.1/../../../../avr/lib/avr5\libm.a(fp_sinus.o)
 .text          0x00006f22        0x0 d:/program files (x86)/atmel/avr studio 5.1/extensions/atmel/avrgcc/3.3.1.27/avrtoolchain/bin/../lib/gcc/avr/4.5.1/../../../../avr/lib/avr5\libm.a(fp_mpack.o)
 .text          0x00006f22        0x0 d:/program files (x86)/atmel/avr studio 5.1/extensions/atmel/avrgcc/3.3.1.27/avrtoolchain/bin/../lib/gcc/avr/4.5.1/../../../../avr/lib/avr5\libm.a(fp_powsodd.o)
 .text          0x00006f22        0x0 d:/program files (x86)/atmel/avr studio 5.1/extensions/atmel/avrgcc/3.3.1.27/avrtoolchain/bin/../lib/gcc/avr/4.5.1/../../../../avr/lib/avr5\libm.a(fp_powser.o)
 .text          0x00006f22        0x0 d:/program files (x86)/atmel/avr studio 5.1/extensions/atmel/avrgcc/3.3.1.27/avrtoolchain/bin/../lib/gcc/avr/4.5.1/avr5\libgcc.a(_udivmodhi4.o)
 .text          0x00006f22        0x0 d:/program files (x86)/atmel/avr studio 5.1/extensions/atmel/avrgcc/3.3.1.27/avrtoolchain/bin/../lib/gcc/avr/4.5.1/avr5\libgcc.a(_divmodhi4.o)
 .text          0x00006f22        0x0 d:/program files (x86)/atmel/avr studio 5.1/extensions/atmel/avrgcc/3.3.1.27/avrtoolchain/bin/../lib/gcc/avr/4.5.1/avr5\libgcc.a(_exit.o)
 .text          0x00006f22        0x0 d:/program files (x86)/atmel/avr studio 5.1/extensions/atmel/avrgcc/3.3.1.27/avrtoolchain/bin/../lib/gcc/avr/4.5.1/avr5\libgcc.a(_copy_data.o)
 .text          0x00006f22        0x0 d:/program files (x86)/atmel/avr studio 5.1/extensions/atmel/avrgcc/3.3.1.27/avrtoolchain/bin/../lib/gcc/avr/4.5.1/avr5\libgcc.a(_clear_bss.o)
 .text          0x00006f22        0x0 d:/program files (x86)/atmel/avr studio 5.1/extensions/atmel/avrgcc/3.3.1.27/avrtoolchain/bin/../lib/gcc/avr/4.5.1/../../../../avr/lib/avr5\libc.a(abs.o)
 .text          0x00006f22        0x0 d:/program files (x86)/atmel/avr studio 5.1/extensions/atmel/avrgcc/3.3.1.27/avrtoolchain/bin/../lib/gcc/avr/4.5.1/../../../../avr/lib/avr5\libc.a(dtostrf.o)
 .text          0x00006f22        0x0 d:/program files (x86)/atmel/avr studio 5.1/extensions/atmel/avrgcc/3.3.1.27/avrtoolchain/bin/../lib/gcc/avr/4.5.1/../../../../avr/lib/avr5\libc.a(memcpy_P.o)
 .text          0x00006f22        0x0 d:/program files (x86)/atmel/avr studio 5.1/extensions/atmel/avrgcc/3.3.1.27/avrtoolchain/bin/../lib/gcc/avr/4.5.1/../../../../avr/lib/avr5\libc.a(strcpy_P.o)
 .text          0x00006f22        0x0 d:/program files (x86)/atmel/avr studio 5.1/extensions/atmel/avrgcc/3.3.1.27/avrtoolchain/bin/../lib/gcc/avr/4.5.1/../../../../avr/lib/avr5\libc.a(strlen_P.o)
 .text          0x00006f22        0x0 d:/program files (x86)/atmel/avr studio 5.1/extensions/atmel/avrgcc/3.3.1.27/avrtoolchain/bin/../lib/gcc/avr/4.5.1/../../../../avr/lib/avr5\libc.a(memcpy.o)
 .text          0x00006f22        0x0 d:/program files (x86)/atmel/avr studio 5.1/extensions/atmel/avrgcc/3.3.1.27/avrtoolchain/bin/../lib/gcc/avr/4.5.1/../../../../avr/lib/avr5\libc.a(strcat.o)
 .text          0x00006f22        0x0 d:/program files (x86)/atmel/avr studio 5.1/extensions/atmel/avrgcc/3.3.1.27/avrtoolchain/bin/../lib/gcc/avr/4.5.1/../../../../avr/lib/avr5\libc.a(itoa.o)
 .text          0x00006f22        0x0 d:/program files (x86)/atmel/avr studio 5.1/extensions/atmel/avrgcc/3.3.1.27/avrtoolchain/bin/../lib/gcc/avr/4.5.1/../../../../avr/lib/avr5\libc.a(utoa.o)
 .text          0x00006f22        0x0 d:/program files (x86)/atmel/avr studio 5.1/extensions/atmel/avrgcc/3.3.1.27/avrtoolchain/bin/../lib/gcc/avr/4.5.1/../../../../avr/lib/avr5\libc.a(eerd_block_atmega324pa.o)
 .text          0x00006f22        0x0 d:/program files (x86)/atmel/avr studio 5.1/extensions/atmel/avrgcc/3.3.1.27/avrtoolchain/bin/../lib/gcc/avr/4.5.1/../../../../avr/lib/avr5\libc.a(eerd_byte_atmega324pa.o)
 .text          0x00006f22        0x0 d:/program files (x86)/atmel/avr studio 5.1/extensions/atmel/avrgcc/3.3.1.27/avrtoolchain/bin/../lib/gcc/avr/4.5.1/../../../../avr/lib/avr5\libc.a(eewr_byte_atmega324pa.o)
 .text          0x00006f22        0x0 d:/program files (x86)/atmel/avr studio 5.1/extensions/atmel/avrgcc/3.3.1.27/avrtoolchain/bin/../lib/gcc/avr/4.5.1/../../../../avr/lib/avr5\libc.a(dtoa_prf.o)
 .text          0x00006f22        0x0 d:/program files (x86)/atmel/avr studio 5.1/extensions/atmel/avrgcc/3.3.1.27/avrtoolchain/bin/../lib/gcc/avr/4.5.1/../../../../avr/lib/avr5\libc.a(ftoa_engine.o)
 .text          0x00006f22        0x0 d:/program files (x86)/atmel/avr studio 5.1/extensions/atmel/avrgcc/3.3.1.27/avrtoolchain/bin/../lib/gcc/avr/4.5.1/../../../../avr/lib/avr5\libc.a(strrev.o)
 .text          0x00006f22        0x0 d:/program files (x86)/atmel/avr studio 5.1/extensions/atmel/avrgcc/3.3.1.27/avrtoolchain/bin/../lib/gcc/avr/4.5.1/avr5\libgcc.a(_prologue.o)
 .text          0x00006f22        0x0 d:/program files (x86)/atmel/avr studio 5.1/extensions/atmel/avrgcc/3.3.1.27/avrtoolchain/bin/../lib/gcc/avr/4.5.1/avr5\libgcc.a(_epilogue.o)
                0x00006f22                . = ALIGN (0x2)
 *(.text.*)
 .text.avr-libc.fplib
                0x00006f22        0xa d:/program files (x86)/atmel/avr studio 5.1/extensions/atmel/avrgcc/3.3.1.27/avrtoolchain/bin/../lib/gcc/avr/4.5.1/../../../../avr/lib/avr5\libm.a(addsf3.o)
                0x00006f22                __subsf3
                0x00006f24                __addsf3
 .text.avr-libc.fplib
                0x00006f2c       0xc0 d:/program files (x86)/atmel/avr studio 5.1/extensions/atmel/avrgcc/3.3.1.27/avrtoolchain/bin/../lib/gcc/avr/4.5.1/../../../../avr/lib/avr5\libm.a(addsf3x.o)
                0x00006f46                __addsf3x
 .text.avr-libc.fplib
                0x00006fec        0x8 d:/program files (x86)/atmel/avr studio 5.1/extensions/atmel/avrgcc/3.3.1.27/avrtoolchain/bin/../lib/gcc/avr/4.5.1/../../../../avr/lib/avr5\libm.a(cmpsf2.o)
                0x00006fec                __nesf2
                0x00006fec                __eqsf2
                0x00006fec                __cmpsf2
                0x00006fec                __ltsf2
                0x00006fec                __lesf2
 .text.avr-libc.fplib
                0x00006ff4        0x4 d:/program files (x86)/atmel/avr studio 5.1/extensions/atmel/avrgcc/3.3.1.27/avrtoolchain/bin/../lib/gcc/avr/4.5.1/../../../../avr/lib/avr5\libm.a(divsf3.o)
                0x00006ff4                __divsf3
 .text.avr-libc.fplib
                0x00006ff8       0xcc d:/program files (x86)/atmel/avr studio 5.1/extensions/atmel/avrgcc/3.3.1.27/avrtoolchain/bin/../lib/gcc/avr/4.5.1/../../../../avr/lib/avr5\libm.a(divsf3x.o)
                0x0000700e                __divsf3x
                0x00007012                __divsf3_pse
 .text.avr-libc.fplib
                0x000070c4        0xa d:/program files (x86)/atmel/avr studio 5.1/extensions/atmel/avrgcc/3.3.1.27/avrtoolchain/bin/../lib/gcc/avr/4.5.1/../../../../avr/lib/avr5\libm.a(fixsfsi.o)
                0x000070c4                __fixsfsi
 .text.avr-libc.fplib
                0x000070ce       0x58 d:/program files (x86)/atmel/avr studio 5.1/extensions/atmel/avrgcc/3.3.1.27/avrtoolchain/bin/../lib/gcc/avr/4.5.1/../../../../avr/lib/avr5\libm.a(fixunssfsi.o)
                0x000070ce                __fixunssfsi
 .text.avr-libc.fplib
                0x00007126       0x7a d:/program files (x86)/atmel/avr studio 5.1/extensions/atmel/avrgcc/3.3.1.27/avrtoolchain/bin/../lib/gcc/avr/4.5.1/../../../../avr/lib/avr5\libm.a(floatsisf.o)
                0x00007126                __floatunsisf
                0x0000712a                __floatsisf
 .text.avr-libc.fplib
                0x000071a0       0x48 d:/program files (x86)/atmel/avr studio 5.1/extensions/atmel/avrgcc/3.3.1.27/avrtoolchain/bin/../lib/gcc/avr/4.5.1/../../../../avr/lib/avr5\libm.a(fp_cmp.o)
                0x000071a0                __fp_cmp
 .text.avr-libc.fplib
                0x000071e8        0xc d:/program files (x86)/atmel/avr studio 5.1/extensions/atmel/avrgcc/3.3.1.27/avrtoolchain/bin/../lib/gcc/avr/4.5.1/../../../../avr/lib/avr5\libm.a(fp_inf.o)
                0x000071e8                __fp_inf
 .text.avr-libc.fplib
                0x000071f4        0x6 d:/program files (x86)/atmel/avr studio 5.1/extensions/atmel/avrgcc/3.3.1.27/avrtoolchain/bin/../lib/gcc/avr/4.5.1/../../../../avr/lib/avr5\libm.a(fp_nan.o)
                0x000071f4                __fp_nan
 .text.avr-libc.fplib
                0x000071fa        0xe d:/program files (x86)/atmel/avr studio 5.1/extensions/atmel/avrgcc/3.3.1.27/avrtoolchain/bin/../lib/gcc/avr/4.5.1/../../../../avr/lib/avr5\libm.a(fp_pscA.o)
                0x000071fa                __fp_pscA
 .text.avr-libc.fplib
                0x00007208        0xe d:/program files (x86)/atmel/avr studio 5.1/extensions/atmel/avrgcc/3.3.1.27/avrtoolchain/bin/../lib/gcc/avr/4.5.1/../../../../avr/lib/avr5\libm.a(fp_pscB.o)
                0x00007208                __fp_pscB
 .text.avr-libc.fplib
                0x00007216       0x22 d:/program files (x86)/atmel/avr studio 5.1/extensions/atmel/avrgcc/3.3.1.27/avrtoolchain/bin/../lib/gcc/avr/4.5.1/../../../../avr/lib/avr5\libm.a(fp_round.o)
                0x00007216                __fp_round
 .text.avr-libc.fplib
                0x00007238       0x44 d:/program files (x86)/atmel/avr studio 5.1/extensions/atmel/avrgcc/3.3.1.27/avrtoolchain/bin/../lib/gcc/avr/4.5.1/../../../../avr/lib/avr5\libm.a(fp_split3.o)
                0x00007238                __fp_split3
                0x00007248                __fp_splitA
 .text.avr-libc.fplib
                0x0000727c        0xe d:/program files (x86)/atmel/avr studio 5.1/extensions/atmel/avrgcc/3.3.1.27/avrtoolchain/bin/../lib/gcc/avr/4.5.1/../../../../avr/lib/avr5\libm.a(fp_zero.o)
                0x0000727c                __fp_zero
                0x0000727e                __fp_szero
 .text.avr-libc.fplib
                0x0000728a        0x8 d:/program files (x86)/atmel/avr studio 5.1/extensions/atmel/avrgcc/3.3.1.27/avrtoolchain/bin/../lib/gcc/avr/4.5.1/../../../../avr/lib/avr5\libm.a(gesf2.o)
                0x0000728a                __gesf2
                0x0000728a                __gtsf2
 .text.avr-libc.fplib
                0x00007292        0x4 d:/program files (x86)/atmel/avr studio 5.1/extensions/atmel/avrgcc/3.3.1.27/avrtoolchain/bin/../lib/gcc/avr/4.5.1/../../../../avr/lib/avr5\libm.a(mulsf3.o)
                0x00007292                __mulsf3
 .text.avr-libc.fplib
                0x00007296       0xc2 d:/program files (x86)/atmel/avr studio 5.1/extensions/atmel/avrgcc/3.3.1.27/avrtoolchain/bin/../lib/gcc/avr/4.5.1/../../../../avr/lib/avr5\libm.a(mulsf3x.o)
                0x000072aa                __mulsf3x
                0x000072ae                __mulsf3_pse
 .text.avr-libc.fplib
                0x00007358        0xc d:/program files (x86)/atmel/avr studio 5.1/extensions/atmel/avrgcc/3.3.1.27/avrtoolchain/bin/../lib/gcc/avr/4.5.1/../../../../avr/lib/avr5\libm.a(sin.o)
                0x00007358                sin
 .text.avr-libc.fplib
                0x00007364       0x50 d:/program files (x86)/atmel/avr studio 5.1/extensions/atmel/avrgcc/3.3.1.27/avrtoolchain/bin/../lib/gcc/avr/4.5.1/../../../../avr/lib/avr5\libm.a(fp_rempio2.o)
                0x00007366                __fp_rempio2
 .text.avr-libc.fplib
                0x000073b4       0x22 d:/program files (x86)/atmel/avr studio 5.1/extensions/atmel/avrgcc/3.3.1.27/avrtoolchain/bin/../lib/gcc/avr/4.5.1/../../../../avr/lib/avr5\libm.a(fp_sinus.o)
                0x000073b4                __fp_sinus
 .text.avr-libc.fplib
                0x000073d6       0x1c d:/program files (x86)/atmel/avr studio 5.1/extensions/atmel/avrgcc/3.3.1.27/avrtoolchain/bin/../lib/gcc/avr/4.5.1/../../../../avr/lib/avr5\libm.a(fp_mpack.o)
                0x000073d6                __fp_mpack
                0x000073da                __fp_mpack_finite
 .text.avr-libc.fplib
                0x000073f2       0x22 d:/program files (x86)/atmel/avr studio 5.1/extensions/atmel/avrgcc/3.3.1.27/avrtoolchain/bin/../lib/gcc/avr/4.5.1/../../../../avr/lib/avr5\libm.a(fp_powsodd.o)
                0x000073f2                __fp_powsodd
 .text.avr-libc.fplib
                0x00007414       0x4a d:/program files (x86)/atmel/avr studio 5.1/extensions/atmel/avrgcc/3.3.1.27/avrtoolchain/bin/../lib/gcc/avr/4.5.1/../../../../avr/lib/avr5\libm.a(fp_powser.o)
                0x00007414                __fp_powser
 .text.libgcc   0x0000745e       0x28 d:/program files (x86)/atmel/avr studio 5.1/extensions/atmel/avrgcc/3.3.1.27/avrtoolchain/bin/../lib/gcc/avr/4.5.1/avr5\libgcc.a(_udivmodhi4.o)
                0x0000745e                __udivmodhi4
 .text.libgcc   0x00007486       0x26 d:/program files (x86)/atmel/avr studio 5.1/extensions/atmel/avrgcc/3.3.1.27/avrtoolchain/bin/../lib/gcc/avr/4.5.1/avr5\libgcc.a(_divmodhi4.o)
                0x00007486                _div
                0x00007486                __divmodhi4
 .text.libgcc   0x000074ac        0x0 d:/program files (x86)/atmel/avr studio 5.1/extensions/atmel/avrgcc/3.3.1.27/avrtoolchain/bin/../lib/gcc/avr/4.5.1/avr5\libgcc.a(_exit.o)
 .text.libgcc   0x000074ac        0x0 d:/program files (x86)/atmel/avr studio 5.1/extensions/atmel/avrgcc/3.3.1.27/avrtoolchain/bin/../lib/gcc/avr/4.5.1/avr5\libgcc.a(_copy_data.o)
 .text.libgcc   0x000074ac        0x0 d:/program files (x86)/atmel/avr studio 5.1/extensions/atmel/avrgcc/3.3.1.27/avrtoolchain/bin/../lib/gcc/avr/4.5.1/avr5\libgcc.a(_clear_bss.o)
 .text.avr-libc
                0x000074ac       0x12 d:/program files (x86)/atmel/avr studio 5.1/extensions/atmel/avrgcc/3.3.1.27/avrtoolchain/bin/../lib/gcc/avr/4.5.1/../../../../avr/lib/avr5\libc.a(abs.o)
                0x000074ac                abs
 .text.avr-libc
                0x000074be       0x44 d:/program files (x86)/atmel/avr studio 5.1/extensions/atmel/avrgcc/3.3.1.27/avrtoolchain/bin/../lib/gcc/avr/4.5.1/../../../../avr/lib/avr5\libc.a(dtostrf.o)
                0x000074be                dtostrf
 .text.avr-libc
                0x00007502       0x12 d:/program files (x86)/atmel/avr studio 5.1/extensions/atmel/avrgcc/3.3.1.27/avrtoolchain/bin/../lib/gcc/avr/4.5.1/../../../../avr/lib/avr5\libc.a(memcpy_P.o)
                0x00007502                memcpy_P
 .text.avr-libc
                0x00007514        0xe d:/program files (x86)/atmel/avr studio 5.1/extensions/atmel/avrgcc/3.3.1.27/avrtoolchain/bin/../lib/gcc/avr/4.5.1/../../../../avr/lib/avr5\libc.a(strcpy_P.o)
                0x00007514                strcpy_P
 .text.avr-libc
                0x00007522       0x12 d:/program files (x86)/atmel/avr studio 5.1/extensions/atmel/avrgcc/3.3.1.27/avrtoolchain/bin/../lib/gcc/avr/4.5.1/../../../../avr/lib/avr5\libc.a(strlen_P.o)
                0x00007522                strlen_P
 .text.avr-libc
                0x00007534       0x12 d:/program files (x86)/atmel/avr studio 5.1/extensions/atmel/avrgcc/3.3.1.27/avrtoolchain/bin/../lib/gcc/avr/4.5.1/../../../../avr/lib/avr5\libc.a(memcpy.o)
                0x00007534                memcpy
 .text.avr-libc
                0x00007546       0x16 d:/program files (x86)/atmel/avr studio 5.1/extensions/atmel/avrgcc/3.3.1.27/avrtoolchain/bin/../lib/gcc/avr/4.5.1/../../../../avr/lib/avr5\libc.a(strcat.o)
                0x00007546                strcat
 .text.avr-libc
                0x0000755c       0x42 d:/program files (x86)/atmel/avr studio 5.1/extensions/atmel/avrgcc/3.3.1.27/avrtoolchain/bin/../lib/gcc/avr/4.5.1/../../../../avr/lib/avr5\libc.a(itoa.o)
                0x0000755c                itoa
 .text.avr-libc
                0x0000759e       0x2c d:/program files (x86)/atmel/avr studio 5.1/extensions/atmel/avrgcc/3.3.1.27/avrtoolchain/bin/../lib/gcc/avr/4.5.1/../../../../avr/lib/avr5\libc.a(utoa.o)
                0x0000759e                utoa
 .text.avr-libc
                0x000075ca       0x20 d:/program files (x86)/atmel/avr studio 5.1/extensions/atmel/avrgcc/3.3.1.27/avrtoolchain/bin/../lib/gcc/avr/4.5.1/../../../../avr/lib/avr5\libc.a(eerd_block_atmega324pa.o)
                0x000075ca                __eerd_block_m324pa
                0x000075ce                __eerd_blraw_m324pa
 .text.avr-libc
                0x000075ea       0x10 d:/program files (x86)/atmel/avr studio 5.1/extensions/atmel/avrgcc/3.3.1.27/avrtoolchain/bin/../lib/gcc/avr/4.5.1/../../../../avr/lib/avr5\libc.a(eerd_byte_atmega324pa.o)
                0x000075ea                __eerd_byte_m324pa
 .text.avr-libc
                0x000075fa       0x1c d:/program files (x86)/atmel/avr studio 5.1/extensions/atmel/avrgcc/3.3.1.27/avrtoolchain/bin/../lib/gcc/avr/4.5.1/../../../../avr/lib/avr5\libc.a(eewr_byte_atmega324pa.o)
                0x000075fa                __eewr_byte_m324pa
                0x000075fc                __eewr_r18_m324pa
 .text.avr-libc
                0x00007616      0x2ae d:/program files (x86)/atmel/avr studio 5.1/extensions/atmel/avrgcc/3.3.1.27/avrtoolchain/bin/../lib/gcc/avr/4.5.1/../../../../avr/lib/avr5\libc.a(dtoa_prf.o)
                0x00007616                dtoa_prf
 .text.avr-libc
                0x000078c4      0x1b0 d:/program files (x86)/atmel/avr studio 5.1/extensions/atmel/avrgcc/3.3.1.27/avrtoolchain/bin/../lib/gcc/avr/4.5.1/../../../../avr/lib/avr5\libc.a(ftoa_engine.o)
                0x000078c4                __ftoa_engine
 .text.avr-libc
                0x00007a74       0x20 d:/program files (x86)/atmel/avr studio 5.1/extensions/atmel/avrgcc/3.3.1.27/avrtoolchain/bin/../lib/gcc/avr/4.5.1/../../../../avr/lib/avr5\libc.a(strrev.o)
                0x00007a74                strrev
 .text.libgcc   0x00007a94       0x38 d:/program files (x86)/atmel/avr studio 5.1/extensions/atmel/avrgcc/3.3.1.27/avrtoolchain/bin/../lib/gcc/avr/4.5.1/avr5\libgcc.a(_prologue.o)
                0x00007a94                __prologue_saves__
 .text.libgcc   0x00007acc       0x36 d:/program files (x86)/atmel/avr studio 5.1/extensions/atmel/avrgcc/3.3.1.27/avrtoolchain/bin/../lib/gcc/avr/4.5.1/avr5\libgcc.a(_epilogue.o)
                0x00007acc                __epilogue_restores__
                0x00007b02                . = ALIGN (0x2)
 *(.fini9)
 .fini9         0x00007b02        0x0 d:/program files (x86)/atmel/avr studio 5.1/extensions/atmel/avrgcc/3.3.1.27/avrtoolchain/bin/../lib/gcc/avr/4.5.1/avr5\libgcc.a(_exit.o)
                0x00007b02                _exit
                0x00007b02                exit
 *(.fini9)
 *(.fini8)
 *(.fini8)
 *(.fini7)
 *(.fini7)
 *(.fini6)
 *(.fini6)
 *(.fini5)
 *(.fini5)
 *(.fini4)
 *(.fini4)
 *(.fini3)
 *(.fini3)
 *(.fini2)
 *(.fini2)
 *(.fini1)
 *(.fini1)
 *(.fini0)
 .fini0         0x00007b02        0x4 d:/program files (x86)/atmel/avr studio 5.1/extensions/atmel/avrgcc/3.3.1.27/avrtoolchain/bin/../lib/gcc/avr/4.5.1/avr5\libgcc.a(_exit.o)
 *(.fini0)
                0x00007b06                _etext = .

.data           0x00800100       0x22 load address 0x00007b06
                0x00800100                PROVIDE (__data_start, .)
 *(.data)
 .data          0x00800100        0x0 d:/program files (x86)/atmel/avr studio 5.1/extensions/atmel/avrgcc/3.3.1.27/avrtoolchain/bin/../lib/gcc/avr/4.5.1/../../../../avr/lib/avr5/crtm324pa.o
 .data          0x00800100        0x0 Accessories/Beeper.o
 .data          0x00800100        0x0 Accessories/KeyBoard.o
 .data          0x00800100        0x0 Accessories/LCD.o
 .data          0x00800100        0x0 Accessories/LED.o
 .data          0x00800100        0x0 Accessories/Misc.o
 .data          0x00800100        0x0 Accessories/Ultrasonic.o
 .data          0x00800100        0x0 Arming.o
 .data          0x00800100        0x0 Core/eepROM.o
 .data          0x00800100        0x0 Core/Timer.o
 .data          0x00800100        0x4 Core/UART.o
 .data          0x00800104        0x0 GFX/font12x16.o
 .data          0x00800104        0x0 GFX/font6x8.o
 .data          0x00800104        0x0 GFX/Fonts.o
 .data          0x00800104        0x0 GFX/glyphs.o
 .data          0x00800104        0x0 GFX/logo.o
 .data          0x00800104        0x4 HefnyCopter2.o
 .data          0x00800108        0x0 IMU/DCM.o
 .data          0x00800108        0x0 IMU/PID.o
 .data          0x00800108        0x0 IMU/IMU.o
 .data          0x00800108        0x0 IMU/Kalman.o
 .data          0x00800108        0x0 Math/Math.o
 .data          0x00800108        0x0 Motor.o
 .data          0x00800108        0x0 Receiver.o
 .data          0x00800108        0xd Sensors/Sensors.o
 .data          0x00800115        0x0 Sensors/ADC_PORT.o
 .data          0x00800115        0xc UI/menu.o
 .data          0x00800121        0x0 d:/program files (x86)/atmel/avr studio 5.1/extensions/atmel/avrgcc/3.3.1.27/avrtoolchain/bin/../lib/gcc/avr/4.5.1/../../../../avr/lib/avr5\libm.a(addsf3.o)
 .data          0x00800121        0x0 d:/program files (x86)/atmel/avr studio 5.1/extensions/atmel/avrgcc/3.3.1.27/avrtoolchain/bin/../lib/gcc/avr/4.5.1/../../../../avr/lib/avr5\libm.a(addsf3x.o)
 .data          0x00800121        0x0 d:/program files (x86)/atmel/avr studio 5.1/extensions/atmel/avrgcc/3.3.1.27/avrtoolchain/bin/../lib/gcc/avr/4.5.1/../../../../avr/lib/avr5\libm.a(cmpsf2.o)
 .data          0x00800121        0x0 d:/program files (x86)/atmel/avr studio 5.1/extensions/atmel/avrgcc/3.3.1.27/avrtoolchain/bin/../lib/gcc/avr/4.5.1/../../../../avr/lib/avr5\libm.a(divsf3.o)
 .data          0x00800121        0x0 d:/program files (x86)/atmel/avr studio 5.1/extensions/atmel/avrgcc/3.3.1.27/avrtoolchain/bin/../lib/gcc/avr/4.5.1/../../../../avr/lib/avr5\libm.a(divsf3x.o)
 .data          0x00800121        0x0 d:/program files (x86)/atmel/avr studio 5.1/extensions/atmel/avrgcc/3.3.1.27/avrtoolchain/bin/../lib/gcc/avr/4.5.1/../../../../avr/lib/avr5\libm.a(fixsfsi.o)
 .data          0x00800121        0x0 d:/program files (x86)/atmel/avr studio 5.1/extensions/atmel/avrgcc/3.3.1.27/avrtoolchain/bin/../lib/gcc/avr/4.5.1/../../../../avr/lib/avr5\libm.a(fixunssfsi.o)
 .data          0x00800121        0x0 d:/program files (x86)/atmel/avr studio 5.1/extensions/atmel/avrgcc/3.3.1.27/avrtoolchain/bin/../lib/gcc/avr/4.5.1/../../../../avr/lib/avr5\libm.a(floatsisf.o)
 .data          0x00800121        0x0 d:/program files (x86)/atmel/avr studio 5.1/extensions/atmel/avrgcc/3.3.1.27/avrtoolchain/bin/../lib/gcc/avr/4.5.1/../../../../avr/lib/avr5\libm.a(fp_cmp.o)
 .data          0x00800121        0x0 d:/program files (x86)/atmel/avr studio 5.1/extensions/atmel/avrgcc/3.3.1.27/avrtoolchain/bin/../lib/gcc/avr/4.5.1/../../../../avr/lib/avr5\libm.a(fp_inf.o)
 .data          0x00800121        0x0 d:/program files (x86)/atmel/avr studio 5.1/extensions/atmel/avrgcc/3.3.1.27/avrtoolchain/bin/../lib/gcc/avr/4.5.1/../../../../avr/lib/avr5\libm.a(fp_nan.o)
 .data          0x00800121        0x0 d:/program files (x86)/atmel/avr studio 5.1/extensions/atmel/avrgcc/3.3.1.27/avrtoolchain/bin/../lib/gcc/avr/4.5.1/../../../../avr/lib/avr5\libm.a(fp_pscA.o)
 .data          0x00800121        0x0 d:/program files (x86)/atmel/avr studio 5.1/extensions/atmel/avrgcc/3.3.1.27/avrtoolchain/bin/../lib/gcc/avr/4.5.1/../../../../avr/lib/avr5\libm.a(fp_pscB.o)
 .data          0x00800121        0x0 d:/program files (x86)/atmel/avr studio 5.1/extensions/atmel/avrgcc/3.3.1.27/avrtoolchain/bin/../lib/gcc/avr/4.5.1/../../../../avr/lib/avr5\libm.a(fp_round.o)
 .data          0x00800121        0x0 d:/program files (x86)/atmel/avr studio 5.1/extensions/atmel/avrgcc/3.3.1.27/avrtoolchain/bin/../lib/gcc/avr/4.5.1/../../../../avr/lib/avr5\libm.a(fp_split3.o)
 .data          0x00800121        0x0 d:/program files (x86)/atmel/avr studio 5.1/extensions/atmel/avrgcc/3.3.1.27/avrtoolchain/bin/../lib/gcc/avr/4.5.1/../../../../avr/lib/avr5\libm.a(fp_zero.o)
 .data          0x00800121        0x0 d:/program files (x86)/atmel/avr studio 5.1/extensions/atmel/avrgcc/3.3.1.27/avrtoolchain/bin/../lib/gcc/avr/4.5.1/../../../../avr/lib/avr5\libm.a(gesf2.o)
 .data          0x00800121        0x0 d:/program files (x86)/atmel/avr studio 5.1/extensions/atmel/avrgcc/3.3.1.27/avrtoolchain/bin/../lib/gcc/avr/4.5.1/../../../../avr/lib/avr5\libm.a(mulsf3.o)
 .data          0x00800121        0x0 d:/program files (x86)/atmel/avr studio 5.1/extensions/atmel/avrgcc/3.3.1.27/avrtoolchain/bin/../lib/gcc/avr/4.5.1/../../../../avr/lib/avr5\libm.a(mulsf3x.o)
 .data          0x00800121        0x0 d:/program files (x86)/atmel/avr studio 5.1/extensions/atmel/avrgcc/3.3.1.27/avrtoolchain/bin/../lib/gcc/avr/4.5.1/../../../../avr/lib/avr5\libm.a(sin.o)
 .data          0x00800121        0x0 d:/program files (x86)/atmel/avr studio 5.1/extensions/atmel/avrgcc/3.3.1.27/avrtoolchain/bin/../lib/gcc/avr/4.5.1/../../../../avr/lib/avr5\libm.a(fp_rempio2.o)
 .data          0x00800121        0x0 d:/program files (x86)/atmel/avr studio 5.1/extensions/atmel/avrgcc/3.3.1.27/avrtoolchain/bin/../lib/gcc/avr/4.5.1/../../../../avr/lib/avr5\libm.a(fp_sinus.o)
 .data          0x00800121        0x0 d:/program files (x86)/atmel/avr studio 5.1/extensions/atmel/avrgcc/3.3.1.27/avrtoolchain/bin/../lib/gcc/avr/4.5.1/../../../../avr/lib/avr5\libm.a(fp_mpack.o)
 .data          0x00800121        0x0 d:/program files (x86)/atmel/avr studio 5.1/extensions/atmel/avrgcc/3.3.1.27/avrtoolchain/bin/../lib/gcc/avr/4.5.1/../../../../avr/lib/avr5\libm.a(fp_powsodd.o)
 .data          0x00800121        0x0 d:/program files (x86)/atmel/avr studio 5.1/extensions/atmel/avrgcc/3.3.1.27/avrtoolchain/bin/../lib/gcc/avr/4.5.1/../../../../avr/lib/avr5\libm.a(fp_powser.o)
 .data          0x00800121        0x0 d:/program files (x86)/atmel/avr studio 5.1/extensions/atmel/avrgcc/3.3.1.27/avrtoolchain/bin/../lib/gcc/avr/4.5.1/avr5\libgcc.a(_udivmodhi4.o)
 .data          0x00800121        0x0 d:/program files (x86)/atmel/avr studio 5.1/extensions/atmel/avrgcc/3.3.1.27/avrtoolchain/bin/../lib/gcc/avr/4.5.1/avr5\libgcc.a(_divmodhi4.o)
 .data          0x00800121        0x0 d:/program files (x86)/atmel/avr studio 5.1/extensions/atmel/avrgcc/3.3.1.27/avrtoolchain/bin/../lib/gcc/avr/4.5.1/avr5\libgcc.a(_exit.o)
 .data          0x00800121        0x0 d:/program files (x86)/atmel/avr studio 5.1/extensions/atmel/avrgcc/3.3.1.27/avrtoolchain/bin/../lib/gcc/avr/4.5.1/avr5\libgcc.a(_copy_data.o)
 .data          0x00800121        0x0 d:/program files (x86)/atmel/avr studio 5.1/extensions/atmel/avrgcc/3.3.1.27/avrtoolchain/bin/../lib/gcc/avr/4.5.1/avr5\libgcc.a(_clear_bss.o)
 .data          0x00800121        0x0 d:/program files (x86)/atmel/avr studio 5.1/extensions/atmel/avrgcc/3.3.1.27/avrtoolchain/bin/../lib/gcc/avr/4.5.1/../../../../avr/lib/avr5\libc.a(abs.o)
 .data          0x00800121        0x0 d:/program files (x86)/atmel/avr studio 5.1/extensions/atmel/avrgcc/3.3.1.27/avrtoolchain/bin/../lib/gcc/avr/4.5.1/../../../../avr/lib/avr5\libc.a(dtostrf.o)
 .data          0x00800121        0x0 d:/program files (x86)/atmel/avr studio 5.1/extensions/atmel/avrgcc/3.3.1.27/avrtoolchain/bin/../lib/gcc/avr/4.5.1/../../../../avr/lib/avr5\libc.a(memcpy_P.o)
 .data          0x00800121        0x0 d:/program files (x86)/atmel/avr studio 5.1/extensions/atmel/avrgcc/3.3.1.27/avrtoolchain/bin/../lib/gcc/avr/4.5.1/../../../../avr/lib/avr5\libc.a(strcpy_P.o)
 .data          0x00800121        0x0 d:/program files (x86)/atmel/avr studio 5.1/extensions/atmel/avrgcc/3.3.1.27/avrtoolchain/bin/../lib/gcc/avr/4.5.1/../../../../avr/lib/avr5\libc.a(strlen_P.o)
 .data          0x00800121        0x0 d:/program files (x86)/atmel/avr studio 5.1/extensions/atmel/avrgcc/3.3.1.27/avrtoolchain/bin/../lib/gcc/avr/4.5.1/../../../../avr/lib/avr5\libc.a(memcpy.o)
 .data          0x00800121        0x0 d:/program files (x86)/atmel/avr studio 5.1/extensions/atmel/avrgcc/3.3.1.27/avrtoolchain/bin/../lib/gcc/avr/4.5.1/../../../../avr/lib/avr5\libc.a(strcat.o)
 .data          0x00800121        0x0 d:/program files (x86)/atmel/avr studio 5.1/extensions/atmel/avrgcc/3.3.1.27/avrtoolchain/bin/../lib/gcc/avr/4.5.1/../../../../avr/lib/avr5\libc.a(itoa.o)
 .data          0x00800121        0x0 d:/program files (x86)/atmel/avr studio 5.1/extensions/atmel/avrgcc/3.3.1.27/avrtoolchain/bin/../lib/gcc/avr/4.5.1/../../../../avr/lib/avr5\libc.a(utoa.o)
 .data          0x00800121        0x0 d:/program files (x86)/atmel/avr studio 5.1/extensions/atmel/avrgcc/3.3.1.27/avrtoolchain/bin/../lib/gcc/avr/4.5.1/../../../../avr/lib/avr5\libc.a(eerd_block_atmega324pa.o)
 .data          0x00800121        0x0 d:/program files (x86)/atmel/avr studio 5.1/extensions/atmel/avrgcc/3.3.1.27/avrtoolchain/bin/../lib/gcc/avr/4.5.1/../../../../avr/lib/avr5\libc.a(eerd_byte_atmega324pa.o)
 .data          0x00800121        0x0 d:/program files (x86)/atmel/avr studio 5.1/extensions/atmel/avrgcc/3.3.1.27/avrtoolchain/bin/../lib/gcc/avr/4.5.1/../../../../avr/lib/avr5\libc.a(eewr_byte_atmega324pa.o)
 .data          0x00800121        0x0 d:/program files (x86)/atmel/avr studio 5.1/extensions/atmel/avrgcc/3.3.1.27/avrtoolchain/bin/../lib/gcc/avr/4.5.1/../../../../avr/lib/avr5\libc.a(dtoa_prf.o)
 .data          0x00800121        0x0 d:/program files (x86)/atmel/avr studio 5.1/extensions/atmel/avrgcc/3.3.1.27/avrtoolchain/bin/../lib/gcc/avr/4.5.1/../../../../avr/lib/avr5\libc.a(ftoa_engine.o)
 .data          0x00800121        0x0 d:/program files (x86)/atmel/avr studio 5.1/extensions/atmel/avrgcc/3.3.1.27/avrtoolchain/bin/../lib/gcc/avr/4.5.1/../../../../avr/lib/avr5\libc.a(strrev.o)
 .data          0x00800121        0x0 d:/program files (x86)/atmel/avr studio 5.1/extensions/atmel/avrgcc/3.3.1.27/avrtoolchain/bin/../lib/gcc/avr/4.5.1/avr5\libgcc.a(_prologue.o)
 .data          0x00800121        0x0 d:/program files (x86)/atmel/avr studio 5.1/extensions/atmel/avrgcc/3.3.1.27/avrtoolchain/bin/../lib/gcc/avr/4.5.1/avr5\libgcc.a(_epilogue.o)
 *(.data*)
 *(.rodata)
 *(.rodata*)
 *(.gnu.linkonce.d*)
                0x00800122                . = ALIGN (0x2)
 *fill*         0x00800121        0x1 00
                0x00800122                _edata = .
                0x00800122                PROVIDE (__data_end, .)

.bss            0x00800122      0x725
                0x00800122                PROVIDE (__bss_start, .)
 *(.bss)
 .bss           0x00800122        0x0 d:/program files (x86)/atmel/avr studio 5.1/extensions/atmel/avrgcc/3.3.1.27/avrtoolchain/bin/../lib/gcc/avr/4.5.1/../../../../avr/lib/avr5/crtm324pa.o
 .bss           0x00800122        0x0 Accessories/Beeper.o
 .bss           0x00800122        0x2 Accessories/KeyBoard.o
                0x00800122                TCNT_X_snapshot3
 .bss           0x00800124      0x409 Accessories/LCD.o
 .bss           0x0080052d        0x0 Accessories/LED.o
 .bss           0x0080052d        0x0 Accessories/Misc.o
 .bss           0x0080052d        0x0 Accessories/Ultrasonic.o
 .bss           0x0080052d        0x0 Arming.o
 .bss           0x0080052d        0x0 Core/eepROM.o
 .bss           0x0080052d        0x0 Core/Timer.o
 .bss           0x0080052d        0x2 Core/UART.o
                0x0080052d                RXIndex
 .bss           0x0080052f        0x0 GFX/font12x16.o
 .bss           0x0080052f        0x0 GFX/font6x8.o
 .bss           0x0080052f        0x0 GFX/Fonts.o
 .bss           0x0080052f        0x0 GFX/glyphs.o
 .bss           0x0080052f        0x0 GFX/logo.o
 .bss           0x0080052f        0x1 HefnyCopter2.o
 .bss           0x00800530        0x0 IMU/DCM.o
 .bss           0x00800530        0x0 IMU/PID.o
 .bss           0x00800530        0x6 IMU/IMU.o
 .bss           0x00800536        0x0 IMU/Kalman.o
 .bss           0x00800536        0x0 Math/Math.o
 .bss           0x00800536        0x1 Motor.o
 .bss           0x00800537        0x0 Receiver.o
 .bss           0x00800537        0x0 Sensors/Sensors.o
 .bss           0x00800537        0x1 Sensors/ADC_PORT.o
 .bss           0x00800538       0x10 UI/menu.o
                0x00800538                bValueChanged
                0x00800539                bNeedRestart
 .bss           0x00800548        0x0 d:/program files (x86)/atmel/avr studio 5.1/extensions/atmel/avrgcc/3.3.1.27/avrtoolchain/bin/../lib/gcc/avr/4.5.1/../../../../avr/lib/avr5\libm.a(addsf3.o)
 .bss           0x00800548        0x0 d:/program files (x86)/atmel/avr studio 5.1/extensions/atmel/avrgcc/3.3.1.27/avrtoolchain/bin/../lib/gcc/avr/4.5.1/../../../../avr/lib/avr5\libm.a(addsf3x.o)
 .bss           0x00800548        0x0 d:/program files (x86)/atmel/avr studio 5.1/extensions/atmel/avrgcc/3.3.1.27/avrtoolchain/bin/../lib/gcc/avr/4.5.1/../../../../avr/lib/avr5\libm.a(cmpsf2.o)
 .bss           0x00800548        0x0 d:/program files (x86)/atmel/avr studio 5.1/extensions/atmel/avrgcc/3.3.1.27/avrtoolchain/bin/../lib/gcc/avr/4.5.1/../../../../avr/lib/avr5\libm.a(divsf3.o)
 .bss           0x00800548        0x0 d:/program files (x86)/atmel/avr studio 5.1/extensions/atmel/avrgcc/3.3.1.27/avrtoolchain/bin/../lib/gcc/avr/4.5.1/../../../../avr/lib/avr5\libm.a(divsf3x.o)
 .bss           0x00800548        0x0 d:/program files (x86)/atmel/avr studio 5.1/extensions/atmel/avrgcc/3.3.1.27/avrtoolchain/bin/../lib/gcc/avr/4.5.1/../../../../avr/lib/avr5\libm.a(fixsfsi.o)
 .bss           0x00800548        0x0 d:/program files (x86)/atmel/avr studio 5.1/extensions/atmel/avrgcc/3.3.1.27/avrtoolchain/bin/../lib/gcc/avr/4.5.1/../../../../avr/lib/avr5\libm.a(fixunssfsi.o)
 .bss           0x00800548        0x0 d:/program files (x86)/atmel/avr studio 5.1/extensions/atmel/avrgcc/3.3.1.27/avrtoolchain/bin/../lib/gcc/avr/4.5.1/../../../../avr/lib/avr5\libm.a(floatsisf.o)
 .bss           0x00800548        0x0 d:/program files (x86)/atmel/avr studio 5.1/extensions/atmel/avrgcc/3.3.1.27/avrtoolchain/bin/../lib/gcc/avr/4.5.1/../../../../avr/lib/avr5\libm.a(fp_cmp.o)
 .bss           0x00800548        0x0 d:/program files (x86)/atmel/avr studio 5.1/extensions/atmel/avrgcc/3.3.1.27/avrtoolchain/bin/../lib/gcc/avr/4.5.1/../../../../avr/lib/avr5\libm.a(fp_inf.o)
 .bss           0x00800548        0x0 d:/program files (x86)/atmel/avr studio 5.1/extensions/atmel/avrgcc/3.3.1.27/avrtoolchain/bin/../lib/gcc/avr/4.5.1/../../../../avr/lib/avr5\libm.a(fp_nan.o)
 .bss           0x00800548        0x0 d:/program files (x86)/atmel/avr studio 5.1/extensions/atmel/avrgcc/3.3.1.27/avrtoolchain/bin/../lib/gcc/avr/4.5.1/../../../../avr/lib/avr5\libm.a(fp_pscA.o)
 .bss           0x00800548        0x0 d:/program files (x86)/atmel/avr studio 5.1/extensions/atmel/avrgcc/3.3.1.27/avrtoolchain/bin/../lib/gcc/avr/4.5.1/../../../../avr/lib/avr5\libm.a(fp_pscB.o)
 .bss           0x00800548        0x0 d:/program files (x86)/atmel/avr studio 5.1/extensions/atmel/avrgcc/3.3.1.27/avrtoolchain/bin/../lib/gcc/avr/4.5.1/../../../../avr/lib/avr5\libm.a(fp_round.o)
 .bss           0x00800548        0x0 d:/program files (x86)/atmel/avr studio 5.1/extensions/atmel/avrgcc/3.3.1.27/avrtoolchain/bin/../lib/gcc/avr/4.5.1/../../../../avr/lib/avr5\libm.a(fp_split3.o)
 .bss           0x00800548        0x0 d:/program files (x86)/atmel/avr studio 5.1/extensions/atmel/avrgcc/3.3.1.27/avrtoolchain/bin/../lib/gcc/avr/4.5.1/../../../../avr/lib/avr5\libm.a(fp_zero.o)
 .bss           0x00800548        0x0 d:/program files (x86)/atmel/avr studio 5.1/extensions/atmel/avrgcc/3.3.1.27/avrtoolchain/bin/../lib/gcc/avr/4.5.1/../../../../avr/lib/avr5\libm.a(gesf2.o)
 .bss           0x00800548        0x0 d:/program files (x86)/atmel/avr studio 5.1/extensions/atmel/avrgcc/3.3.1.27/avrtoolchain/bin/../lib/gcc/avr/4.5.1/../../../../avr/lib/avr5\libm.a(mulsf3.o)
 .bss           0x00800548        0x0 d:/program files (x86)/atmel/avr studio 5.1/extensions/atmel/avrgcc/3.3.1.27/avrtoolchain/bin/../lib/gcc/avr/4.5.1/../../../../avr/lib/avr5\libm.a(mulsf3x.o)
 .bss           0x00800548        0x0 d:/program files (x86)/atmel/avr studio 5.1/extensions/atmel/avrgcc/3.3.1.27/avrtoolchain/bin/../lib/gcc/avr/4.5.1/../../../../avr/lib/avr5\libm.a(sin.o)
 .bss           0x00800548        0x0 d:/program files (x86)/atmel/avr studio 5.1/extensions/atmel/avrgcc/3.3.1.27/avrtoolchain/bin/../lib/gcc/avr/4.5.1/../../../../avr/lib/avr5\libm.a(fp_rempio2.o)
 .bss           0x00800548        0x0 d:/program files (x86)/atmel/avr studio 5.1/extensions/atmel/avrgcc/3.3.1.27/avrtoolchain/bin/../lib/gcc/avr/4.5.1/../../../../avr/lib/avr5\libm.a(fp_sinus.o)
 .bss           0x00800548        0x0 d:/program files (x86)/atmel/avr studio 5.1/extensions/atmel/avrgcc/3.3.1.27/avrtoolchain/bin/../lib/gcc/avr/4.5.1/../../../../avr/lib/avr5\libm.a(fp_mpack.o)
 .bss           0x00800548        0x0 d:/program files (x86)/atmel/avr studio 5.1/extensions/atmel/avrgcc/3.3.1.27/avrtoolchain/bin/../lib/gcc/avr/4.5.1/../../../../avr/lib/avr5\libm.a(fp_powsodd.o)
 .bss           0x00800548        0x0 d:/program files (x86)/atmel/avr studio 5.1/extensions/atmel/avrgcc/3.3.1.27/avrtoolchain/bin/../lib/gcc/avr/4.5.1/../../../../avr/lib/avr5\libm.a(fp_powser.o)
 .bss           0x00800548        0x0 d:/program files (x86)/atmel/avr studio 5.1/extensions/atmel/avrgcc/3.3.1.27/avrtoolchain/bin/../lib/gcc/avr/4.5.1/avr5\libgcc.a(_udivmodhi4.o)
 .bss           0x00800548        0x0 d:/program files (x86)/atmel/avr studio 5.1/extensions/atmel/avrgcc/3.3.1.27/avrtoolchain/bin/../lib/gcc/avr/4.5.1/avr5\libgcc.a(_divmodhi4.o)
 .bss           0x00800548        0x0 d:/program files (x86)/atmel/avr studio 5.1/extensions/atmel/avrgcc/3.3.1.27/avrtoolchain/bin/../lib/gcc/avr/4.5.1/avr5\libgcc.a(_exit.o)
 .bss           0x00800548        0x0 d:/program files (x86)/atmel/avr studio 5.1/extensions/atmel/avrgcc/3.3.1.27/avrtoolchain/bin/../lib/gcc/avr/4.5.1/avr5\libgcc.a(_copy_data.o)
 .bss           0x00800548        0x0 d:/program files (x86)/atmel/avr studio 5.1/extensions/atmel/avrgcc/3.3.1.27/avrtoolchain/bin/../lib/gcc/avr/4.5.1/avr5\libgcc.a(_clear_bss.o)
 .bss           0x00800548        0x0 d:/program files (x86)/atmel/avr studio 5.1/extensions/atmel/avrgcc/3.3.1.27/avrtoolchain/bin/../lib/gcc/avr/4.5.1/../../../../avr/lib/avr5\libc.a(abs.o)
 .bss           0x00800548        0x0 d:/program files (x86)/atmel/avr studio 5.1/extensions/atmel/avrgcc/3.3.1.27/avrtoolchain/bin/../lib/gcc/avr/4.5.1/../../../../avr/lib/avr5\libc.a(dtostrf.o)
 .bss           0x00800548        0x0 d:/program files (x86)/atmel/avr studio 5.1/extensions/atmel/avrgcc/3.3.1.27/avrtoolchain/bin/../lib/gcc/avr/4.5.1/../../../../avr/lib/avr5\libc.a(memcpy_P.o)
 .bss           0x00800548        0x0 d:/program files (x86)/atmel/avr studio 5.1/extensions/atmel/avrgcc/3.3.1.27/avrtoolchain/bin/../lib/gcc/avr/4.5.1/../../../../avr/lib/avr5\libc.a(strcpy_P.o)
 .bss           0x00800548        0x0 d:/program files (x86)/atmel/avr studio 5.1/extensions/atmel/avrgcc/3.3.1.27/avrtoolchain/bin/../lib/gcc/avr/4.5.1/../../../../avr/lib/avr5\libc.a(strlen_P.o)
 .bss           0x00800548        0x0 d:/program files (x86)/atmel/avr studio 5.1/extensions/atmel/avrgcc/3.3.1.27/avrtoolchain/bin/../lib/gcc/avr/4.5.1/../../../../avr/lib/avr5\libc.a(memcpy.o)
 .bss           0x00800548        0x0 d:/program files (x86)/atmel/avr studio 5.1/extensions/atmel/avrgcc/3.3.1.27/avrtoolchain/bin/../lib/gcc/avr/4.5.1/../../../../avr/lib/avr5\libc.a(strcat.o)
 .bss           0x00800548        0x0 d:/program files (x86)/atmel/avr studio 5.1/extensions/atmel/avrgcc/3.3.1.27/avrtoolchain/bin/../lib/gcc/avr/4.5.1/../../../../avr/lib/avr5\libc.a(itoa.o)
 .bss           0x00800548        0x0 d:/program files (x86)/atmel/avr studio 5.1/extensions/atmel/avrgcc/3.3.1.27/avrtoolchain/bin/../lib/gcc/avr/4.5.1/../../../../avr/lib/avr5\libc.a(utoa.o)
 .bss           0x00800548        0x0 d:/program files (x86)/atmel/avr studio 5.1/extensions/atmel/avrgcc/3.3.1.27/avrtoolchain/bin/../lib/gcc/avr/4.5.1/../../../../avr/lib/avr5\libc.a(eerd_block_atmega324pa.o)
 .bss           0x00800548        0x0 d:/program files (x86)/atmel/avr studio 5.1/extensions/atmel/avrgcc/3.3.1.27/avrtoolchain/bin/../lib/gcc/avr/4.5.1/../../../../avr/lib/avr5\libc.a(eerd_byte_atmega324pa.o)
 .bss           0x00800548        0x0 d:/program files (x86)/atmel/avr studio 5.1/extensions/atmel/avrgcc/3.3.1.27/avrtoolchain/bin/../lib/gcc/avr/4.5.1/../../../../avr/lib/avr5\libc.a(eewr_byte_atmega324pa.o)
 .bss           0x00800548        0x0 d:/program files (x86)/atmel/avr studio 5.1/extensions/atmel/avrgcc/3.3.1.27/avrtoolchain/bin/../lib/gcc/avr/4.5.1/../../../../avr/lib/avr5\libc.a(dtoa_prf.o)
 .bss           0x00800548        0x0 d:/program files (x86)/atmel/avr studio 5.1/extensions/atmel/avrgcc/3.3.1.27/avrtoolchain/bin/../lib/gcc/avr/4.5.1/../../../../avr/lib/avr5\libc.a(ftoa_engine.o)
 .bss           0x00800548        0x0 d:/program files (x86)/atmel/avr studio 5.1/extensions/atmel/avrgcc/3.3.1.27/avrtoolchain/bin/../lib/gcc/avr/4.5.1/../../../../avr/lib/avr5\libc.a(strrev.o)
 .bss           0x00800548        0x0 d:/program files (x86)/atmel/avr studio 5.1/extensions/atmel/avrgcc/3.3.1.27/avrtoolchain/bin/../lib/gcc/avr/4.5.1/avr5\libgcc.a(_prologue.o)
 .bss           0x00800548        0x0 d:/program files (x86)/atmel/avr studio 5.1/extensions/atmel/avrgcc/3.3.1.27/avrtoolchain/bin/../lib/gcc/avr/4.5.1/avr5\libgcc.a(_epilogue.o)
 *(.bss*)
 *(COMMON)
 COMMON         0x00800548      0x281 Accessories/KeyBoard.o
                0x00800548                NavX
                0x0080054c                ACC_Roll_Offset
                0x0080054d                SystemActions
                0x0080054e                PID_AccTerms
                0x00800596                MotorOut
                0x0080059e                nResult
                0x008005ae                Result
                0x008005b6                gyroRoll
                0x008005b8                TCNT0_X
                0x008005ba                _mykey
                0x008005bb                TCNT2_X
                0x008005bd                lastKeys
                0x008005be                RX_Snapshot
                0x008005c8                nTemp16
                0x008005ca                ActiveRXIndex
                0x008005cb                _keyrepeat
                0x008005cc                RX_Length
                0x008005e0                CompGyroPitch
                0x008005e4                ACC_Pitch_Offset
                0x008005e5                UIEnableStickCommands
                0x008005e6                TCNT1_X_snapshot1
                0x008005e8                TCNT_X_snapshot2
                0x008005ea                sXDeg
                0x008005fe                NavY
                0x00800602                RX_Latest
                0x00800616                AnglePitch
                0x0080061a                nFlyingModes
                0x0080061b                TCNT_X_snapshotAutoDisarm
                0x0080061d                CompGyroZ
                0x00800621                RX_MAX_raw
                0x00800635                gyroPitch
                0x00800637                CompAccZ
                0x0080063b                Sensors_Latest
                0x0080065b                RX_Snapshot_1
                0x00800665                bResetTCNR1_X
                0x00800666                Landing
                0x0080066a                CurrentTCNT1_X
                0x0080066c                AngleZ
                0x00800670                TCNT1_X
                0x00800672                CompGyroRoll
                0x00800676                PID_GyroTerms
                0x008006be                AltDiff
                0x008006c2                RX_MIN_raw
                0x008006d6                _TXKeys
                0x008006d7                SystemErrorType
                0x008006d8                Sensors_dt
                0x008006da                LastAltitudeHold
                0x008006dc                TCNT1H_OLD
                0x008006de                AngleRoll
                0x008006e2                TimeDef
                0x008006e4                UpdateServo
                0x008006e5                gyroYaw
                0x008006e7                Config
                0x008007b0                PID_SonarTerms
                0x008007c8                IsArmed
 COMMON         0x008007c9       0x19 Core/UART.o
                0x008007c9                DataCounter
                0x008007ca                DisplayBuffer
                0x008007d4                RXChar
                0x008007d5                LastRXTime
                0x008007d7                DataPtr
                0x008007d9                RXBuffer
 COMMON         0x008007e2       0x1c HefnyCopter2.o
                0x008007e2                menuEnabled
                0x008007f3                editHiLimit
                0x008007f5                editValuePtr
                0x008007f7                editValueType
                0x008007f8                editMode
                0x008007f9                editLoLimit
                0x008007fb                RX_Good
                0x008007fc                editValue
 COMMON         0x008007fe       0x15 Motor.o
                0x008007fe                ElapsedTCNT2
                0x00800800                m4
                0x00800802                m2
                0x00800804                MotorStartTCNT
                0x00800806                tempTCNT2
                0x00800807                i
                0x00800809                PMW_Pulse_Interval
                0x0080080b                m1
                0x0080080d                tempTCNT1
                0x0080080f                m3
                0x00800811                CurrentTCNT2
 COMMON         0x00800813       0x23 Receiver.o
                0x00800813                RX2_LastValidSignal_timestampAux
                0x00800815                ShortTime
                0x00800817                RX2_LastValidSignal_timestamp
                0x00800819                RX1_LastValidSignal_timestamp
                0x0080081b                RX1_LastValidSignal_timestampAux
                0x0080081d                iTemp16
                0x0080081f                OldPortCValue
                0x00800820                LongTime
                0x00800822                RX_raw
 COMMON         0x00800836       0x10 Sensors/ADC_PORT.o
                0x00800836                ADCValues
 COMMON         0x00800846        0x1 UI/menu.o
                0x00800846                bError
                0x00800847                PROVIDE (__bss_end, .)
                0x00007b06                __data_load_start = LOADADDR (.data)
                0x00007b28                __data_load_end = (__data_load_start + SIZEOF (.data))

.noinit         0x00800847        0x0
                0x00800847                PROVIDE (__noinit_start, .)
 *(.noinit*)
                0x00800847                PROVIDE (__noinit_end, .)
                0x00800847                _end = .
                0x00800847                PROVIDE (__heap_start, .)

.eeprom         0x00810000        0x0
 *(.eeprom*)
                0x00810000                __eeprom_end = .

.fuse
 *(.fuse)
 *(.lfuse)
 *(.hfuse)
 *(.efuse)

.lock
 *(.lock*)

.signature
 *(.signature*)

.stab           0x00000000     0x3ea0
 *(.stab)
 .stab          0x00000000      0x6cc d:/program files (x86)/atmel/avr studio 5.1/extensions/atmel/avrgcc/3.3.1.27/avrtoolchain/bin/../lib/gcc/avr/4.5.1/../../../../avr/lib/avr5/crtm324pa.o
 .stab          0x000006cc       0x78 d:/program files (x86)/atmel/avr studio 5.1/extensions/atmel/avrgcc/3.3.1.27/avrtoolchain/bin/../lib/gcc/avr/4.5.1/../../../../avr/lib/avr5\libm.a(addsf3.o)
                                 0x84 (size before relaxing)
 .stab          0x00000744      0x4bc d:/program files (x86)/atmel/avr studio 5.1/extensions/atmel/avrgcc/3.3.1.27/avrtoolchain/bin/../lib/gcc/avr/4.5.1/../../../../avr/lib/avr5\libm.a(addsf3x.o)
                                0x4c8 (size before relaxing)
 .stab          0x00000c00       0x90 d:/program files (x86)/atmel/avr studio 5.1/extensions/atmel/avrgcc/3.3.1.27/avrtoolchain/bin/../lib/gcc/avr/4.5.1/../../../../avr/lib/avr5\libm.a(cmpsf2.o)
                                 0x9c (size before relaxing)
 .stab          0x00000c90       0x48 d:/program files (x86)/atmel/avr studio 5.1/extensions/atmel/avrgcc/3.3.1.27/avrtoolchain/bin/../lib/gcc/avr/4.5.1/../../../../avr/lib/avr5\libm.a(divsf3.o)
                                 0x54 (size before relaxing)
 .stab          0x00000cd8      0x510 d:/program files (x86)/atmel/avr studio 5.1/extensions/atmel/avrgcc/3.3.1.27/avrtoolchain/bin/../lib/gcc/avr/4.5.1/../../../../avr/lib/avr5\libm.a(divsf3x.o)
                                0x51c (size before relaxing)
 .stab          0x000011e8       0x6c d:/program files (x86)/atmel/avr studio 5.1/extensions/atmel/avrgcc/3.3.1.27/avrtoolchain/bin/../lib/gcc/avr/4.5.1/../../../../avr/lib/avr5\libm.a(fixsfsi.o)
                                 0x78 (size before relaxing)
 .stab          0x00001254      0x240 d:/program files (x86)/atmel/avr studio 5.1/extensions/atmel/avrgcc/3.3.1.27/avrtoolchain/bin/../lib/gcc/avr/4.5.1/../../../../avr/lib/avr5\libm.a(fixunssfsi.o)
                                0x24c (size before relaxing)
 .stab          0x00001494      0x318 d:/program files (x86)/atmel/avr studio 5.1/extensions/atmel/avrgcc/3.3.1.27/avrtoolchain/bin/../lib/gcc/avr/4.5.1/../../../../avr/lib/avr5\libm.a(floatsisf.o)
                                0x324 (size before relaxing)
 .stab          0x000017ac      0x1e0 d:/program files (x86)/atmel/avr studio 5.1/extensions/atmel/avrgcc/3.3.1.27/avrtoolchain/bin/../lib/gcc/avr/4.5.1/../../../../avr/lib/avr5\libm.a(fp_cmp.o)
                                0x1ec (size before relaxing)
 .stab          0x0000198c       0x78 d:/program files (x86)/atmel/avr studio 5.1/extensions/atmel/avrgcc/3.3.1.27/avrtoolchain/bin/../lib/gcc/avr/4.5.1/../../../../avr/lib/avr5\libm.a(fp_inf.o)
                                 0x84 (size before relaxing)
 .stab          0x00001a04       0x54 d:/program files (x86)/atmel/avr studio 5.1/extensions/atmel/avrgcc/3.3.1.27/avrtoolchain/bin/../lib/gcc/avr/4.5.1/../../../../avr/lib/avr5\libm.a(fp_nan.o)
                                 0x60 (size before relaxing)
 .stab          0x00001a58       0x84 d:/program files (x86)/atmel/avr studio 5.1/extensions/atmel/avrgcc/3.3.1.27/avrtoolchain/bin/../lib/gcc/avr/4.5.1/../../../../avr/lib/avr5\libm.a(fp_pscA.o)
                                 0x90 (size before relaxing)
 .stab          0x00001adc       0x84 d:/program files (x86)/atmel/avr studio 5.1/extensions/atmel/avrgcc/3.3.1.27/avrtoolchain/bin/../lib/gcc/avr/4.5.1/../../../../avr/lib/avr5\libm.a(fp_pscB.o)
                                 0x90 (size before relaxing)
 .stab          0x00001b60       0xfc d:/program files (x86)/atmel/avr studio 5.1/extensions/atmel/avrgcc/3.3.1.27/avrtoolchain/bin/../lib/gcc/avr/4.5.1/../../../../avr/lib/avr5\libm.a(fp_round.o)
                                0x108 (size before relaxing)
 .stab          0x00001c5c      0x1d4 d:/program files (x86)/atmel/avr studio 5.1/extensions/atmel/avrgcc/3.3.1.27/avrtoolchain/bin/../lib/gcc/avr/4.5.1/../../../../avr/lib/avr5\libm.a(fp_split3.o)
                                0x1e0 (size before relaxing)
 .stab          0x00001e30       0x90 d:/program files (x86)/atmel/avr studio 5.1/extensions/atmel/avrgcc/3.3.1.27/avrtoolchain/bin/../lib/gcc/avr/4.5.1/../../../../avr/lib/avr5\libm.a(fp_zero.o)
                                 0x9c (size before relaxing)
 .stab          0x00001ec0       0x6c d:/program files (x86)/atmel/avr studio 5.1/extensions/atmel/avrgcc/3.3.1.27/avrtoolchain/bin/../lib/gcc/avr/4.5.1/../../../../avr/lib/avr5\libm.a(gesf2.o)
                                 0x78 (size before relaxing)
 .stab          0x00001f2c       0x48 d:/program files (x86)/atmel/avr studio 5.1/extensions/atmel/avrgcc/3.3.1.27/avrtoolchain/bin/../lib/gcc/avr/4.5.1/../../../../avr/lib/avr5\libm.a(mulsf3.o)
                                 0x54 (size before relaxing)
 .stab          0x00001f74      0x4d4 d:/program files (x86)/atmel/avr studio 5.1/extensions/atmel/avrgcc/3.3.1.27/avrtoolchain/bin/../lib/gcc/avr/4.5.1/../../../../avr/lib/avr5\libm.a(mulsf3x.o)
                                0x4e0 (size before relaxing)
 .stab          0x00002448       0x78 d:/program files (x86)/atmel/avr studio 5.1/extensions/atmel/avrgcc/3.3.1.27/avrtoolchain/bin/../lib/gcc/avr/4.5.1/../../../../avr/lib/avr5\libm.a(sin.o)
                                 0x84 (size before relaxing)
 .stab          0x000024c0      0x21c d:/program files (x86)/atmel/avr studio 5.1/extensions/atmel/avrgcc/3.3.1.27/avrtoolchain/bin/../lib/gcc/avr/4.5.1/../../../../avr/lib/avr5\libm.a(fp_rempio2.o)
                                0x228 (size before relaxing)
 .stab          0x000026dc       0xfc d:/program files (x86)/atmel/avr studio 5.1/extensions/atmel/avrgcc/3.3.1.27/avrtoolchain/bin/../lib/gcc/avr/4.5.1/../../../../avr/lib/avr5\libm.a(fp_sinus.o)
                                0x108 (size before relaxing)
 .stab          0x000027d8       0xe4 d:/program files (x86)/atmel/avr studio 5.1/extensions/atmel/avrgcc/3.3.1.27/avrtoolchain/bin/../lib/gcc/avr/4.5.1/../../../../avr/lib/avr5\libm.a(fp_mpack.o)
                                 0xf0 (size before relaxing)
 .stab          0x000028bc       0xfc d:/program files (x86)/atmel/avr studio 5.1/extensions/atmel/avrgcc/3.3.1.27/avrtoolchain/bin/../lib/gcc/avr/4.5.1/../../../../avr/lib/avr5\libm.a(fp_powsodd.o)
                                0x108 (size before relaxing)
 .stab          0x000029b8      0x1ec d:/program files (x86)/atmel/avr studio 5.1/extensions/atmel/avrgcc/3.3.1.27/avrtoolchain/bin/../lib/gcc/avr/4.5.1/../../../../avr/lib/avr5\libm.a(fp_powser.o)
                                0x1f8 (size before relaxing)
 .stab          0x00002ba4       0x84 d:/program files (x86)/atmel/avr studio 5.1/extensions/atmel/avrgcc/3.3.1.27/avrtoolchain/bin/../lib/gcc/avr/4.5.1/../../../../avr/lib/avr5\libc.a(memcpy_P.o)
                                 0x90 (size before relaxing)
 .stab          0x00002c28       0x6c d:/program files (x86)/atmel/avr studio 5.1/extensions/atmel/avrgcc/3.3.1.27/avrtoolchain/bin/../lib/gcc/avr/4.5.1/../../../../avr/lib/avr5\libc.a(strcpy_P.o)
                                 0x78 (size before relaxing)
 .stab          0x00002c94       0x84 d:/program files (x86)/atmel/avr studio 5.1/extensions/atmel/avrgcc/3.3.1.27/avrtoolchain/bin/../lib/gcc/avr/4.5.1/../../../../avr/lib/avr5\libc.a(strlen_P.o)
                                 0x90 (size before relaxing)
 .stab          0x00002d18       0x84 d:/program files (x86)/atmel/avr studio 5.1/extensions/atmel/avrgcc/3.3.1.27/avrtoolchain/bin/../lib/gcc/avr/4.5.1/../../../../avr/lib/avr5\libc.a(memcpy.o)
                                 0x90 (size before relaxing)
 .stab          0x00002d9c       0x9c d:/program files (x86)/atmel/avr studio 5.1/extensions/atmel/avrgcc/3.3.1.27/avrtoolchain/bin/../lib/gcc/avr/4.5.1/../../../../avr/lib/avr5\libc.a(strcat.o)
                                 0xa8 (size before relaxing)
 .stab          0x00002e38      0x1b0 d:/program files (x86)/atmel/avr studio 5.1/extensions/atmel/avrgcc/3.3.1.27/avrtoolchain/bin/../lib/gcc/avr/4.5.1/../../../../avr/lib/avr5\libc.a(itoa.o)
                                0x1bc (size before relaxing)
 .stab          0x00002fe8      0x12c d:/program files (x86)/atmel/avr studio 5.1/extensions/atmel/avrgcc/3.3.1.27/avrtoolchain/bin/../lib/gcc/avr/4.5.1/../../../../avr/lib/avr5\libc.a(utoa.o)
                                0x138 (size before relaxing)
 .stab          0x00003114      0x108 d:/program files (x86)/atmel/avr studio 5.1/extensions/atmel/avrgcc/3.3.1.27/avrtoolchain/bin/../lib/gcc/avr/4.5.1/../../../../avr/lib/avr5\libc.a(eerd_block_atmega324pa.o)
                                0x114 (size before relaxing)
 .stab          0x0000321c       0x90 d:/program files (x86)/atmel/avr studio 5.1/extensions/atmel/avrgcc/3.3.1.27/avrtoolchain/bin/../lib/gcc/avr/4.5.1/../../../../avr/lib/avr5\libc.a(eerd_byte_atmega324pa.o)
                                 0x9c (size before relaxing)
 .stab          0x000032ac       0xe4 d:/program files (x86)/atmel/avr studio 5.1/extensions/atmel/avrgcc/3.3.1.27/avrtoolchain/bin/../lib/gcc/avr/4.5.1/../../../../avr/lib/avr5\libc.a(eewr_byte_atmega324pa.o)
                                 0xf0 (size before relaxing)
 .stab          0x00003390      0xa38 d:/program files (x86)/atmel/avr studio 5.1/extensions/atmel/avrgcc/3.3.1.27/avrtoolchain/bin/../lib/gcc/avr/4.5.1/../../../../avr/lib/avr5\libc.a(ftoa_engine.o)
                                0xa44 (size before relaxing)
 .stab          0x00003dc8       0xd8 d:/program files (x86)/atmel/avr studio 5.1/extensions/atmel/avrgcc/3.3.1.27/avrtoolchain/bin/../lib/gcc/avr/4.5.1/../../../../avr/lib/avr5\libc.a(strrev.o)
                                 0xe4 (size before relaxing)

.stabstr        0x00000000     0x1073
 *(.stabstr)
 .stabstr       0x00000000     0x1073 d:/program files (x86)/atmel/avr studio 5.1/extensions/atmel/avrgcc/3.3.1.27/avrtoolchain/bin/../lib/gcc/avr/4.5.1/../../../../avr/lib/avr5/crtm324pa.o

.stab.excl
 *(.stab.excl)

.stab.exclstr
 *(.stab.exclstr)

.stab.index
 *(.stab.index)

.stab.indexstr
 *(.stab.indexstr)

.comment
 *(.comment)

.debug
 *(.debug)

.line
 *(.line)

.debug_srcinfo
 *(.debug_srcinfo)

.debug_sfnames
 *(.debug_sfnames)

.debug_aranges  0x00000000      0x338
 *(.debug_aranges)
 .debug_aranges
                0x00000000       0x20 Accessories/Beeper.o
 .debug_aranges
                0x00000020       0x20 Accessories/KeyBoard.o
 .debug_aranges
                0x00000040       0x28 Accessories/LCD.o
 .debug_aranges
                0x00000068       0x20 Accessories/LED.o
 .debug_aranges
                0x00000088       0x20 Accessories/Misc.o
 .debug_aranges
                0x000000a8       0x20 Accessories/Ultrasonic.o
 .debug_aranges
                0x000000c8       0x20 Arming.o
 .debug_aranges
                0x000000e8       0x20 Core/eepROM.o
 .debug_aranges
                0x00000108       0x20 Core/Timer.o
 .debug_aranges
                0x00000128       0x20 Core/UART.o
 .debug_aranges
                0x00000148       0x20 GFX/font12x16.o
 .debug_aranges
                0x00000168       0x20 GFX/font6x8.o
 .debug_aranges
                0x00000188       0x20 HefnyCopter2.o
 .debug_aranges
                0x000001a8       0x20 IMU/PID.o
 .debug_aranges
                0x000001c8       0x20 IMU/IMU.o
 .debug_aranges
                0x000001e8       0x20 Math/Math.o
 .debug_aranges
                0x00000208       0x20 Motor.o
 .debug_aranges
                0x00000228       0x50 Receiver.o
 .debug_aranges
                0x00000278       0x20 Sensors/Sensors.o
 .debug_aranges
                0x00000298       0x20 Sensors/ADC_PORT.o
 .debug_aranges
                0x000002b8       0x20 UI/menu.o
 .debug_aranges
                0x000002d8       0x20 d:/program files (x86)/atmel/avr studio 5.1/extensions/atmel/avrgcc/3.3.1.27/avrtoolchain/bin/../lib/gcc/avr/4.5.1/../../../../avr/lib/avr5\libc.a(abs.o)
 .debug_aranges
                0x000002f8       0x20 d:/program files (x86)/atmel/avr studio 5.1/extensions/atmel/avrgcc/3.3.1.27/avrtoolchain/bin/../lib/gcc/avr/4.5.1/../../../../avr/lib/avr5\libc.a(dtostrf.o)
 .debug_aranges
                0x00000318       0x20 d:/program files (x86)/atmel/avr studio 5.1/extensions/atmel/avrgcc/3.3.1.27/avrtoolchain/bin/../lib/gcc/avr/4.5.1/../../../../avr/lib/avr5\libc.a(dtoa_prf.o)

.debug_pubnames
                0x00000000     0x3f0f
 *(.debug_pubnames)
 .debug_pubnames
                0x00000000       0x22 Accessories/Beeper.o
 .debug_pubnames
                0x00000022      0x3ab Accessories/KeyBoard.o
 .debug_pubnames
                0x000003cd      0x522 Accessories/LCD.o
 .debug_pubnames
                0x000008ef       0x29 Accessories/LED.o
 .debug_pubnames
                0x00000918       0x2c Accessories/Misc.o
 .debug_pubnames
                0x00000944      0x340 Accessories/Ultrasonic.o
 .debug_pubnames
                0x00000c84      0x33f Arming.o
 .debug_pubnames
                0x00000fc3      0x3fe Core/eepROM.o
 .debug_pubnames
                0x000013c1      0x35b Core/Timer.o
 .debug_pubnames
                0x0000171c      0x3eb Core/UART.o
 .debug_pubnames
                0x00001b07       0x20 GFX/font12x16.o
 .debug_pubnames
                0x00001b27       0x1e GFX/font6x8.o
 .debug_pubnames
                0x00001b45       0x1c GFX/Fonts.o
 .debug_pubnames
                0x00001b61       0x59 GFX/glyphs.o
 .debug_pubnames
                0x00001bba       0x1e GFX/logo.o
 .debug_pubnames
                0x00001bd8      0x4a8 HefnyCopter2.o
 .debug_pubnames
                0x00002080      0x360 IMU/PID.o
 .debug_pubnames
                0x000023e0      0x364 IMU/IMU.o
 .debug_pubnames
                0x00002744       0x5e Math/Math.o
 .debug_pubnames
                0x000027a2      0x3d5 Motor.o
 .debug_pubnames
                0x00002b77      0x55c Receiver.o
 .debug_pubnames
                0x000030d3      0x38e Sensors/Sensors.o
 .debug_pubnames
                0x00003461      0x36b Sensors/ADC_PORT.o
 .debug_pubnames
                0x000037cc      0x6e2 UI/menu.o
 .debug_pubnames
                0x00003eae       0x24 d:/program files (x86)/atmel/avr studio 5.1/extensions/atmel/avrgcc/3.3.1.27/avrtoolchain/bin/../lib/gcc/avr/4.5.1/../../../../avr/lib/avr5\libc.a(abs.o)
 .debug_pubnames
                0x00003ed2       0x1e d:/program files (x86)/atmel/avr studio 5.1/extensions/atmel/avrgcc/3.3.1.27/avrtoolchain/bin/../lib/gcc/avr/4.5.1/../../../../avr/lib/avr5\libc.a(dtostrf.o)
 .debug_pubnames
                0x00003ef0       0x1f d:/program files (x86)/atmel/avr studio 5.1/extensions/atmel/avrgcc/3.3.1.27/avrtoolchain/bin/../lib/gcc/avr/4.5.1/../../../../avr/lib/avr5\libc.a(dtoa_prf.o)

.debug_info     0x00000000     0xd6fd
 *(.debug_info)
 .debug_info    0x00000000      0x15b Accessories/Beeper.o
 .debug_info    0x0000015b      0x958 Accessories/KeyBoard.o
 .debug_info    0x00000ab3     0x1523 Accessories/LCD.o
 .debug_info    0x00001fd6      0x175 Accessories/LED.o
 .debug_info    0x0000214b       0xcb Accessories/Misc.o
 .debug_info    0x00002216      0x8eb Accessories/Ultrasonic.o
 .debug_info    0x00002b01      0xd54 Arming.o
 .debug_info    0x00003855      0x9c9 Core/eepROM.o
 .debug_info    0x0000421e      0x894 Core/Timer.o
 .debug_info    0x00004ab2      0xb87 Core/UART.o
 .debug_info    0x00005639      0x157 GFX/font12x16.o
 .debug_info    0x00005790      0x157 GFX/font6x8.o
 .debug_info    0x000058e7      0x147 GFX/Fonts.o
 .debug_info    0x00005a2e      0x12e GFX/glyphs.o
 .debug_info    0x00005b5c       0xe6 GFX/logo.o
 .debug_info    0x00005c42     0x14fe HefnyCopter2.o
 .debug_info    0x00007140        0x0 IMU/DCM.o
 .debug_info    0x00007140      0x96a IMU/PID.o
 .debug_info    0x00007aaa      0xba6 IMU/IMU.o
 .debug_info    0x00008650        0x0 IMU/Kalman.o
 .debug_info    0x00008650      0x2c6 Math/Math.o
 .debug_info    0x00008916      0xb14 Motor.o
 .debug_info    0x0000942a      0xec2 Receiver.o
 .debug_info    0x0000a2ec      0xb48 Sensors/Sensors.o
 .debug_info    0x0000ae34      0x963 Sensors/ADC_PORT.o
 .debug_info    0x0000b797     0x1ce9 UI/menu.o
 .debug_info    0x0000d480       0x66 d:/program files (x86)/atmel/avr studio 5.1/extensions/atmel/avrgcc/3.3.1.27/avrtoolchain/bin/../lib/gcc/avr/4.5.1/../../../../avr/lib/avr5\libc.a(abs.o)
 .debug_info    0x0000d4e6       0xdb d:/program files (x86)/atmel/avr studio 5.1/extensions/atmel/avrgcc/3.3.1.27/avrtoolchain/bin/../lib/gcc/avr/4.5.1/../../../../avr/lib/avr5\libc.a(dtostrf.o)
 .debug_info    0x0000d5c1      0x13c d:/program files (x86)/atmel/avr studio 5.1/extensions/atmel/avrgcc/3.3.1.27/avrtoolchain/bin/../lib/gcc/avr/4.5.1/../../../../avr/lib/avr5\libc.a(dtoa_prf.o)
 *(.gnu.linkonce.wi.*)

.debug_abbrev   0x00000000     0x2576
 *(.debug_abbrev)
 .debug_abbrev  0x00000000       0x95 Accessories/Beeper.o
 .debug_abbrev  0x00000095      0x16d Accessories/KeyBoard.o
 .debug_abbrev  0x00000202      0x3a1 Accessories/LCD.o
 .debug_abbrev  0x000005a3       0xa6 Accessories/LED.o
 .debug_abbrev  0x00000649       0x7f Accessories/Misc.o
 .debug_abbrev  0x000006c8      0x113 Accessories/Ultrasonic.o
 .debug_abbrev  0x000007db      0x180 Arming.o
 .debug_abbrev  0x0000095b      0x184 Core/eepROM.o
 .debug_abbrev  0x00000adf      0x111 Core/Timer.o
 .debug_abbrev  0x00000bf0      0x21b Core/UART.o
 .debug_abbrev  0x00000e0b       0xcd GFX/font12x16.o
 .debug_abbrev  0x00000ed8       0xcd GFX/font6x8.o
 .debug_abbrev  0x00000fa5       0xa9 GFX/Fonts.o
 .debug_abbrev  0x0000104e       0x7b GFX/glyphs.o
 .debug_abbrev  0x000010c9       0x7b GFX/logo.o
 .debug_abbrev  0x00001144      0x291 HefnyCopter2.o
 .debug_abbrev  0x000013d5        0x1 IMU/DCM.o
 .debug_abbrev  0x000013d6      0x17d IMU/PID.o
 .debug_abbrev  0x00001553      0x1f2 IMU/IMU.o
 .debug_abbrev  0x00001745        0x1 IMU/Kalman.o
 .debug_abbrev  0x00001746      0x136 Math/Math.o
 .debug_abbrev  0x0000187c      0x1ea Motor.o
 .debug_abbrev  0x00001a66      0x247 Receiver.o
 .debug_abbrev  0x00001cad      0x26f Sensors/Sensors.o
 .debug_abbrev  0x00001f1c      0x1e1 Sensors/ADC_PORT.o
 .debug_abbrev  0x000020fd      0x306 UI/menu.o
 .debug_abbrev  0x00002403       0x53 d:/program files (x86)/atmel/avr studio 5.1/extensions/atmel/avrgcc/3.3.1.27/avrtoolchain/bin/../lib/gcc/avr/4.5.1/../../../../avr/lib/avr5\libc.a(abs.o)
 .debug_abbrev  0x00002456       0x79 d:/program files (x86)/atmel/avr studio 5.1/extensions/atmel/avrgcc/3.3.1.27/avrtoolchain/bin/../lib/gcc/avr/4.5.1/../../../../avr/lib/avr5\libc.a(dtostrf.o)
 .debug_abbrev  0x000024cf       0xa7 d:/program files (x86)/atmel/avr studio 5.1/extensions/atmel/avrgcc/3.3.1.27/avrtoolchain/bin/../lib/gcc/avr/4.5.1/../../../../avr/lib/avr5\libc.a(dtoa_prf.o)

.debug_line     0x00000000     0x6595
 *(.debug_line)
 .debug_line    0x00000000      0x16b Accessories/Beeper.o
 .debug_line    0x0000016b      0x1f7 Accessories/KeyBoard.o
 .debug_line    0x00000362      0x88d Accessories/LCD.o
 .debug_line    0x00000bef      0x178 Accessories/LED.o
 .debug_line    0x00000d67      0x186 Accessories/Misc.o
 .debug_line    0x00000eed      0x184 Accessories/Ultrasonic.o
 .debug_line    0x00001071      0x28b Arming.o
 .debug_line    0x000012fc      0x393 Core/eepROM.o
 .debug_line    0x0000168f      0x1a6 Core/Timer.o
 .debug_line    0x00001835      0x3fd Core/UART.o
 .debug_line    0x00001c32      0x1cf GFX/font12x16.o
 .debug_line    0x00001e01      0x1cd GFX/font6x8.o
 .debug_line    0x00001fce      0x1b0 GFX/Fonts.o
 .debug_line    0x0000217e      0x1b2 GFX/glyphs.o
 .debug_line    0x00002330      0x1b0 GFX/logo.o
 .debug_line    0x000024e0      0xbf1 HefnyCopter2.o
 .debug_line    0x000030d1       0x24 IMU/DCM.o
 .debug_line    0x000030f5      0x265 IMU/PID.o
 .debug_line    0x0000335a      0x4b4 IMU/IMU.o
 .debug_line    0x0000380e       0x24 IMU/Kalman.o
 .debug_line    0x00003832      0x21d Math/Math.o
 .debug_line    0x00003a4f      0x3ed Motor.o
 .debug_line    0x00003e3c      0x7ff Receiver.o
 .debug_line    0x0000463b      0x402 Sensors/Sensors.o
 .debug_line    0x00004a3d      0x26f Sensors/ADC_PORT.o
 .debug_line    0x00004cac     0x12e0 UI/menu.o
 .debug_line    0x00005f8c       0xbd d:/program files (x86)/atmel/avr studio 5.1/extensions/atmel/avrgcc/3.3.1.27/avrtoolchain/bin/../lib/gcc/avr/4.5.1/../../../../avr/lib/avr5\libc.a(abs.o)
 .debug_line    0x00006049       0xc9 d:/program files (x86)/atmel/avr studio 5.1/extensions/atmel/avrgcc/3.3.1.27/avrtoolchain/bin/../lib/gcc/avr/4.5.1/../../../../avr/lib/avr5\libc.a(dtostrf.o)
 .debug_line    0x00006112      0x483 d:/program files (x86)/atmel/avr studio 5.1/extensions/atmel/avrgcc/3.3.1.27/avrtoolchain/bin/../lib/gcc/avr/4.5.1/../../../../avr/lib/avr5\libc.a(dtoa_prf.o)

.debug_frame    0x00000000      0xa40
 *(.debug_frame)
 .debug_frame   0x00000000       0x20 Accessories/Beeper.o
 .debug_frame   0x00000020       0x40 Accessories/KeyBoard.o
 .debug_frame   0x00000060      0x1d0 Accessories/LCD.o
 .debug_frame   0x00000230       0x20 Accessories/LED.o
 .debug_frame   0x00000250       0x30 Accessories/Misc.o
 .debug_frame   0x00000280       0x20 Accessories/Ultrasonic.o
 .debug_frame   0x000002a0       0x30 Arming.o
 .debug_frame   0x000002d0       0x80 Core/eepROM.o
 .debug_frame   0x00000350       0x40 Core/Timer.o
 .debug_frame   0x00000390       0x70 Core/UART.o
 .debug_frame   0x00000400       0x20 GFX/font12x16.o
 .debug_frame   0x00000420       0x20 GFX/font6x8.o
 .debug_frame   0x00000440       0xa0 HefnyCopter2.o
 .debug_frame   0x000004e0       0x40 IMU/PID.o
 .debug_frame   0x00000520       0x50 IMU/IMU.o
 .debug_frame   0x00000570       0x70 Math/Math.o
 .debug_frame   0x000005e0       0x20 Motor.o
 .debug_frame   0x00000600      0x100 Receiver.o
 .debug_frame   0x00000700       0x60 Sensors/Sensors.o
 .debug_frame   0x00000760       0x40 Sensors/ADC_PORT.o
 .debug_frame   0x000007a0      0x240 UI/menu.o
 .debug_frame   0x000009e0       0x20 d:/program files (x86)/atmel/avr studio 5.1/extensions/atmel/avrgcc/3.3.1.27/avrtoolchain/bin/../lib/gcc/avr/4.5.1/../../../../avr/lib/avr5\libc.a(abs.o)
 .debug_frame   0x00000a00       0x20 d:/program files (x86)/atmel/avr studio 5.1/extensions/atmel/avrgcc/3.3.1.27/avrtoolchain/bin/../lib/gcc/avr/4.5.1/../../../../avr/lib/avr5\libc.a(dtostrf.o)
 .debug_frame   0x00000a20       0x20 d:/program files (x86)/atmel/avr studio 5.1/extensions/atmel/avrgcc/3.3.1.27/avrtoolchain/bin/../lib/gcc/avr/4.5.1/../../../../avr/lib/avr5\libc.a(dtoa_prf.o)

.debug_str      0x00000000     0x19d8
 *(.debug_str)
 .debug_str     0x00000000       0xfc Accessories/Beeper.o
                                0x130 (size before relaxing)
 .debug_str     0x000000fc      0x470 Accessories/KeyBoard.o
                                0x59b (size before relaxing)
 .debug_str     0x0000056c      0x313 Accessories/LCD.o
                                0x861 (size before relaxing)
 .debug_str     0x0000087f       0x40 Accessories/LED.o
                                0x14c (size before relaxing)
 .debug_str     0x000008bf       0x24 Accessories/Misc.o
                                 0xf8 (size before relaxing)
 .debug_str     0x000008e3       0x2c Accessories/Ultrasonic.o
                                0x56a (size before relaxing)
 .debug_str     0x0000090f      0x1fa Arming.o
                                0x768 (size before relaxing)
 .debug_str     0x00000b09       0xfa Core/eepROM.o
                                0x624 (size before relaxing)
 .debug_str     0x00000c03       0x33 Core/Timer.o
                                0x541 (size before relaxing)
 .debug_str     0x00000c36       0xf4 Core/UART.o
                                0x616 (size before relaxing)
 .debug_str     0x00000d2a       0x3e GFX/font12x16.o
                                0x147 (size before relaxing)
 .debug_str     0x00000d68       0x2e GFX/font6x8.o
                                0x13f (size before relaxing)
 .debug_str     0x00000d96       0x15 GFX/Fonts.o
                                0x125 (size before relaxing)
 .debug_str     0x00000dab       0x43 GFX/glyphs.o
                                0x135 (size before relaxing)
 .debug_str     0x00000dee       0x16 GFX/logo.o
                                0x108 (size before relaxing)
 .debug_str     0x00000e04      0x2bf HefnyCopter2.o
                                0xaa2 (size before relaxing)
 .debug_str     0x000010c3       0x5d IMU/PID.o
                                0x578 (size before relaxing)
 .debug_str     0x00001120       0x7b IMU/IMU.o
                                0x5f4 (size before relaxing)
 .debug_str     0x0000119b       0x94 Math/Math.o
                                0x17d (size before relaxing)
 .debug_str     0x0000122f       0x7e Motor.o
                                0x5e6 (size before relaxing)
 .debug_str     0x000012ad      0x203 Receiver.o
                                0x77b (size before relaxing)
 .debug_str     0x000014b0       0x8d Sensors/Sensors.o
                                0x63d (size before relaxing)
 .debug_str     0x0000153d       0x4c Sensors/ADC_PORT.o
                                0x598 (size before relaxing)
 .debug_str     0x00001589      0x2f8 UI/menu.o
                                0xd4b (size before relaxing)
 .debug_str     0x00001881       0x68 d:/program files (x86)/atmel/avr studio 5.1/extensions/atmel/avrgcc/3.3.1.27/avrtoolchain/bin/../lib/gcc/avr/4.5.1/../../../../avr/lib/avr5\libc.a(abs.o)
                                 0x8a (size before relaxing)