Archive member included because of file (symbol)

d:/program files (x86)/atmel/avr studio 5.1/extensions/atmel/avrgcc/3.3.1.27/avrtoolchain/bin/../lib/gcc/avr/4.5.1/../../../../avr/lib/avr5\libm.a(addsf3.o)
                              HefnyCopter2.o (__subsf3)
d:/program files (x86)/atmel/avr studio 5.1/extensions/atmel/avrgcc/3.3.1.27/avrtoolchain/bin/../lib/gcc/avr/4.5.1/../../../../avr/lib/avr5\libm.a(addsf3x.o)
                              d:/program files (x86)/atmel/avr studio 5.1/extensions/atmel/avrgcc/3.3.1.27/avrtoolchain/bin/../lib/gcc/avr/4.5.1/../../../../avr/lib/avr5\libm.a(addsf3.o) (__addsf3x)
d:/program files (x86)/atmel/avr studio 5.1/extensions/atmel/avrgcc/3.3.1.27/avrtoolchain/bin/../lib/gcc/avr/4.5.1/../../../../avr/lib/avr5\libm.a(cmpsf2.o)
                              IMU/IMU.o (__eqsf2)
d:/program files (x86)/atmel/avr studio 5.1/extensions/atmel/avrgcc/3.3.1.27/avrtoolchain/bin/../lib/gcc/avr/4.5.1/../../../../avr/lib/avr5\libm.a(divsf3.o)
                              IMU/PID.o (__divsf3)
d:/program files (x86)/atmel/avr studio 5.1/extensions/atmel/avrgcc/3.3.1.27/avrtoolchain/bin/../lib/gcc/avr/4.5.1/../../../../avr/lib/avr5\libm.a(divsf3x.o)
                              d:/program files (x86)/atmel/avr studio 5.1/extensions/atmel/avrgcc/3.3.1.27/avrtoolchain/bin/../lib/gcc/avr/4.5.1/../../../../avr/lib/avr5\libm.a(divsf3.o) (__divsf3x)
d:/program files (x86)/atmel/avr studio 5.1/extensions/atmel/avrgcc/3.3.1.27/avrtoolchain/bin/../lib/gcc/avr/4.5.1/../../../../avr/lib/avr5\libm.a(fixsfsi.o)
                              HefnyCopter2.o (__fixsfsi)
d:/program files (x86)/atmel/avr studio 5.1/extensions/atmel/avrgcc/3.3.1.27/avrtoolchain/bin/../lib/gcc/avr/4.5.1/../../../../avr/lib/avr5\libm.a(fixunssfsi.o)
                              IMU/IMU.o (__fixunssfsi)
d:/program files (x86)/atmel/avr studio 5.1/extensions/atmel/avrgcc/3.3.1.27/avrtoolchain/bin/../lib/gcc/avr/4.5.1/../../../../avr/lib/avr5\libm.a(floatsisf.o)
                              IMU/IMU.o (__floatunsisf)
d:/program files (x86)/atmel/avr studio 5.1/extensions/atmel/avrgcc/3.3.1.27/avrtoolchain/bin/../lib/gcc/avr/4.5.1/../../../../avr/lib/avr5\libm.a(fp_cmp.o)
                              d:/program files (x86)/atmel/avr studio 5.1/extensions/atmel/avrgcc/3.3.1.27/avrtoolchain/bin/../lib/gcc/avr/4.5.1/../../../../avr/lib/avr5\libm.a(cmpsf2.o) (__fp_cmp)
d:/program files (x86)/atmel/avr studio 5.1/extensions/atmel/avrgcc/3.3.1.27/avrtoolchain/bin/../lib/gcc/avr/4.5.1/../../../../avr/lib/avr5\libm.a(fp_inf.o)
                              d:/program files (x86)/atmel/avr studio 5.1/extensions/atmel/avrgcc/3.3.1.27/avrtoolchain/bin/../lib/gcc/avr/4.5.1/../../../../avr/lib/avr5\libm.a(addsf3x.o) (__fp_inf)
d:/program files (x86)/atmel/avr studio 5.1/extensions/atmel/avrgcc/3.3.1.27/avrtoolchain/bin/../lib/gcc/avr/4.5.1/../../../../avr/lib/avr5\libm.a(fp_nan.o)
                              d:/program files (x86)/atmel/avr studio 5.1/extensions/atmel/avrgcc/3.3.1.27/avrtoolchain/bin/../lib/gcc/avr/4.5.1/../../../../avr/lib/avr5\libm.a(addsf3x.o) (__fp_nan)
d:/program files (x86)/atmel/avr studio 5.1/extensions/atmel/avrgcc/3.3.1.27/avrtoolchain/bin/../lib/gcc/avr/4.5.1/../../../../avr/lib/avr5\libm.a(fp_pscA.o)
                              d:/program files (x86)/atmel/avr studio 5.1/extensions/atmel/avrgcc/3.3.1.27/avrtoolchain/bin/../lib/gcc/avr/4.5.1/../../../../avr/lib/avr5\libm.a(addsf3x.o) (__fp_pscA)
d:/program files (x86)/atmel/avr studio 5.1/extensions/atmel/avrgcc/3.3.1.27/avrtoolchain/bin/../lib/gcc/avr/4.5.1/../../../../avr/lib/avr5\libm.a(fp_pscB.o)
                              d:/program files (x86)/atmel/avr studio 5.1/extensions/atmel/avrgcc/3.3.1.27/avrtoolchain/bin/../lib/gcc/avr/4.5.1/../../../../avr/lib/avr5\libm.a(addsf3x.o) (__fp_pscB)
d:/program files (x86)/atmel/avr studio 5.1/extensions/atmel/avrgcc/3.3.1.27/avrtoolchain/bin/../lib/gcc/avr/4.5.1/../../../../avr/lib/avr5\libm.a(fp_round.o)
                              d:/program files (x86)/atmel/avr studio 5.1/extensions/atmel/avrgcc/3.3.1.27/avrtoolchain/bin/../lib/gcc/avr/4.5.1/../../../../avr/lib/avr5\libm.a(addsf3.o) (__fp_round)
d:/program files (x86)/atmel/avr studio 5.1/extensions/atmel/avrgcc/3.3.1.27/avrtoolchain/bin/../lib/gcc/avr/4.5.1/../../../../avr/lib/avr5\libm.a(fp_split3.o)
                              d:/program files (x86)/atmel/avr studio 5.1/extensions/atmel/avrgcc/3.3.1.27/avrtoolchain/bin/../lib/gcc/avr/4.5.1/../../../../avr/lib/avr5\libm.a(addsf3x.o) (__fp_split3)
d:/program files (x86)/atmel/avr studio 5.1/extensions/atmel/avrgcc/3.3.1.27/avrtoolchain/bin/../lib/gcc/avr/4.5.1/../../../../avr/lib/avr5\libm.a(fp_zero.o)
                              d:/program files (x86)/atmel/avr studio 5.1/extensions/atmel/avrgcc/3.3.1.27/avrtoolchain/bin/../lib/gcc/avr/4.5.1/../../../../avr/lib/avr5\libm.a(addsf3x.o) (__fp_zero)
[...]
Memory Configuration

Name             Origin             Length             Attributes
text             0x00000000         0x00020000         xr
data             0x00800060         0x0000ffa0         rw !x
eeprom           0x00810000         0x00010000         rw !x
fuse             0x00820000         0x00000400         rw !x
lock             0x00830000         0x00000400         rw !x
signature        0x00840000         0x00000400         rw !x
*default*        0x00000000         0xffffffff

Linker script and memory map

Address of section .data set to 0x800100
LOAD d:/program files (x86)/atmel/avr studio 5.1/extensions/atmel/avrgcc/3.3.1.27/avrtoolchain/bin/../lib/gcc/avr/4.5.1/../../../../avr/lib/avr5/crtm324pa.o
LOAD Accessories/Beeper.o
LOAD Accessories/KeyBoard.o
LOAD Accessories/LCD.o
LOAD Accessories/LED.o
LOAD Accessories/Misc.o
LOAD Accessories/Ultrasonic.o
LOAD Arming.o
LOAD Core/eepROM.o
LOAD Core/Timer.o
LOAD Core/UART.o
LOAD GFX/font12x16.o
LOAD GFX/font6x8.o
LOAD GFX/Fonts.o
LOAD GFX/glyphs.o
LOAD GFX/logo.o
LOAD HefnyCopter2.o
LOAD IMU/DCM.o
LOAD IMU/PID.o
LOAD IMU/IMU.o
LOAD IMU/Kalman.o
LOAD Math/Math.o
LOAD Motor.o
LOAD Receiver.o
LOAD Sensors/Sensors.o
LOAD Sensors/ADC_PORT.o
LOAD UI/menu.o
LOAD d:/program files (x86)/atmel/avr studio 5.1/extensions/atmel/avrgcc/3.3.1.27/avrtoolchain/bin/../lib/gcc/avr/4.5.1/../../../../avr/lib/avr5\libm.a
LOAD d:/program files (x86)/atmel/avr studio 5.1/extensions/atmel/avrgcc/3.3.1.27/avrtoolchain/bin/../lib/gcc/avr/4.5.1/avr5\libgcc.a
LOAD d:/program files (x86)/atmel/avr studio 5.1/extensions/atmel/avrgcc/3.3.1.27/avrtoolchain/bin/../lib/gcc/avr/4.5.1/../../../../avr/lib/avr5\libc.a
LOAD d:/program files (x86)/atmel/avr studio 5.1/extensions/atmel/avrgcc/3.3.1.27/avrtoolchain/bin/../lib/gcc/avr/4.5.1/avr5\libgcc.a

.hash
 *(.hash)

.dynsym
 *(.dynsym)

.dynstr
 *(.dynstr)

.gnu.version
 *(.gnu.version)

.gnu.version_d
 *(.gnu.version_d)

.gnu.version_r
 *(.gnu.version_r)

.rel.init
 *(.rel.init)

.rela.init
 *(.rela.init)

.rel.text
 *(.rel.text)
 *(.rel.text.*)
 *(.rel.gnu.linkonce.t*)

.rela.text
 *(.rela.text)
 *(.rela.text.*)
 *(.rela.gnu.linkonce.t*)

.rel.fini
 *(.rel.fini)

.rela.fini
 *(.rela.fini)

.rel.rodata
 *(.rel.rodata)
 *(.rel.rodata.*)
 *(.rel.gnu.linkonce.r*)

.rela.rodata
 *(.rela.rodata)
 *(.rela.rodata.*)
 *(.rela.gnu.linkonce.r*)

.rel.data
 *(.rel.data)
 *(.rel.data.*)
 *(.rel.gnu.linkonce.d*)

.rela.data
 *(.rela.data)
 *(.rela.data.*)
 *(.rela.gnu.linkonce.d*)

.rel.ctors
 *(.rel.ctors)

.rela.ctors
 *(.rela.ctors)

.rel.dtors
 *(.rel.dtors)

.rela.dtors
 *(.rela.dtors)

.rel.got
 *(.rel.got)

.rela.got
 *(.rela.got)

.rel.bss
 *(.rel.bss)

.rela.bss
 *(.rela.bss)

.rel.plt
 *(.rel.plt)

.rela.plt
 *(.rela.plt)

.text           0x00000000     0x7900
 *(.vectors)
 .vectors       0x00000000       0x7c d:/program files (x86)/atmel/avr studio 5.1/extensions/atmel/avrgcc/3.3.1.27/avrtoolchain/bin/../lib/gcc/avr/4.5.1/../../../../avr/lib/avr5/crtm324pa.o
                0x00000000                __vector_default
                0x00000000                __vectors
 *(.vectors)
 *(.progmem.gcc*)
 *(.progmem*)
 .progmem.data  0x0000007c       0x14 Accessories/LCD.o
 .progmem.data  0x00000090       0xb9 Core/eepROM.o
 .progmem.data  0x00000149      0x604 GFX/font12x16.o
                0x00000149                font12x16
 .progmem.data  0x0000074d      0x244 GFX/font6x8.o
                0x0000074d                font6x8
 .progmem.data  0x00000991        0x4 GFX/Fonts.o
                0x00000991                fonts
 .progmem.data  0x00000995       0x3a GFX/glyphs.o
                0x00000995                glyArrowUp
                0x0000099f                glyArrowDown
                0x000009a9                glyBall
                0x000009bd                glyDirCW
                0x000009c8                glyDirCCW
 .progmem.data  0x000009cf      0x202 GFX/logo.o
                0x000009cf                glyLogo
 .progmem.data  0x00000bd1      0x5b1 UI/menu.o
                0x00000bd1                scrESCCal
 .progmem.data  0x00001182       0xfa d:/program files (x86)/atmel/avr studio 5.1/extensions/atmel/avrgcc/3.3.1.27/avrtoolchain/bin/../lib/gcc/avr/4.5.1/../../../../avr/lib/avr5\libc.a(ftoa_engine.o)
                0x0000127c                . = ALIGN (0x2)
                0x0000127c                __trampolines_start = .
 *(.trampolines)
 .trampolines   0x0000127c        0x0 linker stubs
 *(.trampolines*)
                0x0000127c                __trampolines_end = .
 *(.jumptables)
 *(.jumptables*)
 *(.lowtext)
 .lowtext       0x0000127c       0xb2 Accessories/LCD.o
                0x0000127c                __vector_18
 .lowtext       0x0000132e      0x3ac Receiver.o
                0x0000132e                __vector_6
                0x00001460                __vector_2
                0x000014dc                __vector_1
                0x00001558                __vector_7
                0x000015ba                __vector_3
                0x00001662                __vector_5
 *(.lowtext*)
                0x000016da                __ctors_start = .
 *(.ctors)
                0x000016da                __ctors_end = .
                0x000016da                __dtors_start = .
 *(.dtors)
                0x000016da                __dtors_end = .
 SORT(*)(.ctors)
 SORT(*)(.dtors)
 *(.init0)
 .init0         0x000016da        0x0 d:/program files (x86)/atmel/avr studio 5.1/extensions/atmel/avrgcc/3.3.1.27/avrtoolchain/bin/../lib/gcc/avr/4.5.1/../../../../avr/lib/avr5/crtm324pa.o
                0x000016da                __init
 *(.init0)
 *(.init1)
 *(.init1)
 *(.init2)
 .init2         0x000016da        0xc d:/program files (x86)/atmel/avr studio 5.1/extensions/atmel/avrgcc/3.3.1.27/avrtoolchain/bin/../lib/gcc/avr/4.5.1/../../../../avr/lib/avr5/crtm324pa.o
 *(.init2)
 *(.init3)
 *(.init3)
 *(.init4)
 .init4         0x000016e6       0x16 d:/program files (x86)/atmel/avr studio 5.1/extensions/atmel/avrgcc/3.3.1.27/avrtoolchain/bin/../lib/gcc/avr/4.5.1/avr5\libgcc.a(_copy_data.o)
                0x000016e6                __do_copy_data
 .init4         0x000016fc       0x10 d:/program files (x86)/atmel/avr studio 5.1/extensions/atmel/avrgcc/3.3.1.27/avrtoolchain/bin/../lib/gcc/avr/4.5.1/avr5\libgcc.a(_clear_bss.o)
                0x000016fc                __do_clear_bss
 *(.init4)
 *(.init5)
 *(.init5)
 *(.init6)
 *(.init6)
 *(.init7)
 *(.init7)
 *(.init8)
 *(.init8)
 *(.init9)
 .init9         0x0000170c        0x8 d:/program files (x86)/atmel/avr studio 5.1/extensions/atmel/avrgcc/3.3.1.27/avrtoolchain/bin/../lib/gcc/avr/4.5.1/../../../../avr/lib/avr5/crtm324pa.o
 *(.init9)
 *(.text)
 .text          0x00001714        0x4 d:/program files (x86)/atmel/avr studio 5.1/extensions/atmel/avrgcc/3.3.1.27/avrtoolchain/bin/../lib/gcc/avr/4.5.1/../../../../avr/lib/avr5/crtm324pa.o
                0x00001714                __vector_22
                0x00001714                __vector_12
                0x00001714                __bad_interrupt
                0x00001714                __vector_23
                0x00001714                __vector_30
                0x00001714                __vector_25
                0x00001714                __vector_13
                0x00001714                __vector_17
                0x00001714                __vector_19
                0x00001714                __vector_27
                0x00001714                __vector_4
                0x00001714                __vector_9
                0x00001714                __vector_21
                0x00001714                __vector_29
                0x00001714                __vector_8
                0x00001714                __vector_26
                0x00001714                __vector_14
                0x00001714                __vector_10
                0x00001714                __vector_16
                0x00001714                __vector_20
 .text          0x00001718       0x40 Accessories/Beeper.o
                0x00001718                Beeper_Beep
 .text          0x00001758       0x82 Accessories/KeyBoard.o
                0x00001758                KeyBoard_Init
                0x00001766                Keyboard_Read
                0x000017d4                Keyboard_State
 .text          0x000017da      0x542 Accessories/LCD.o
                0x00001806                LCD_SetPos
                0x00001818                lcdXY
                0x00001822                lcdSetPixel
                0x00001870                LCD_Line
                0x00001872                LCD_Rectangle
                0x00001874                LCD_FillRectangle
                0x00001876                LCD_Clear
                0x00001898                lcdWriteSprite_P
                0x00001986                lcdWriteGlyph_P
                0x00001998                lcdWriteChar
                0x000019d8                LCD_WriteString
                0x00001a00                LCD_WriteString_P
                0x00001a1c                lcdReverse
                0x00001a30                LCD_WriteStringex
                0x00001a88                LCD_WriteSpace
                0x00001aa4                LCD_WritePadded
                0x00001ade                LCD_WritePadded_P
                0x00001b10                LCD_WriteString_Pex
                0x00001b5a                LCD_WriteValue_double_ex
                0x00001bda                LCD_WriteValue_double
                0x00001bec                LCD_WriteValue
                0x00001c5e                LCD_Enable
                0x00001c70                LCD_Disable
                0x00001c7c                lcdSetContrast
                0x00001cae                LCD_SelectFont
                0x00001cc6                LCD_Init
 .text          0x00001d1c       0x9e Accessories/LED.o
                0x00001d1c                LED_FlashOrangeLED
 .text          0x00001dba       0x4c Accessories/Misc.o
                0x00001dba                delay_us
                0x00001de0                delay_ms
 .text          0x00001e06       0x14 Accessories/Ultrasonic.o
                0x00001e06                Ultrasonic_Init
 .text          0x00001e1a       0xd6 Arming.o
                0x00001e1a                Disarm
                0x00001e3c                Arm
 .text          0x00001ef0      0x108 Core/eepROM.o
                0x00001ef0                Set_EEPROM_Default_Config
                0x00001f02                eeprom_write_byte_changed
                0x00001f30                eeprom_write_block_changes
                0x00001f74                Load_Config_from_EEPROM
                0x00001f86                Save_Config_to_EEPROM
                0x00001fa6                Save_Default_Config_to_EEPROM
                0x00001fd4                Initial_EEPROM_Config_Load
 .text          0x00001ff8       0x88 Core/Timer.o
                0x00001ff8                __vector_15
                0x00002026                __vector_11
                0x00002054                Timer_Init
 .text          0x00002080      0x26a Core/UART.o
                0x00002080                UART_Init
                0x000020a2                send_byte
                0x000020b0                Send_Data
                0x000020ea                ParseCommand
                0x000021c8                __vector_28
                0x000022b0                Send_Data_TEST
 .text          0x000022ea       0x20 GFX/font12x16.o
 .text          0x0000230a       0x1a GFX/font6x8.o
 .text          0x00002324        0x0 GFX/Fonts.o
 .text          0x00002324        0x0 GFX/glyphs.o
 .text          0x00002324        0x0 GFX/logo.o
 .text          0x00002324      0xe44 HefnyCopter2.o
                0x00002324                Setup
                0x0000239e                Loop
                0x000023e6                LoopESCCalibration
                0x000023f2                LoopCalibration
                0x0000241a                HandleSticksForArming
                0x000026fe                HandleSticksAsKeys
                0x00002818                ZEROMotors
                0x00002854                MainLoop
                0x00003124                main
 .text          0x00003168        0x0 IMU/DCM.o
 .text          0x00003168      0x512 IMU/PID.o
                0x00003168                PID_Calculate_ACC
                0x000033fe                PID_Calculate
                0x00003602                ZERO_Is
 .text          0x0000367a      0xd28 IMU/IMU.o
                0x0000367a                RotateV
                0x000038c8                IMU_Reset
                0x00003900                IMU
                0x000040e8                IMU_HeightKeeping
 .text          0x000043a2        0x0 IMU/Kalman.o
 .text          0x000043a2      0x3b8 Math/Math.o
                0x000043a2                arctan2
                0x000044d4                Limiterf
                0x0000454e                Limiter
                0x00004566                ScaleSensor
                0x0000456c                _atan2
                0x000046bc                InvSqrt
 .text          0x0000475a      0x252 Motor.o
                0x0000475a                Motor_GenerateOutputSignal
 .text          0x000049ac      0x5aa Receiver.o
                0x000049ac                CalculateSignalLength1
                0x000049fe                CalculateSignalLength2
                0x00004a48                RX_Init
                0x00004b1a                RX_raw_GetReceiverValues
                0x00004b42                RX_GetReceiverValues
                0x00004b94                RX_GetReceiverThrottleValue
                0x00004cb6                RX_CopyLatestReceiverValues
                0x00004d6a                RX_StickCenterCalibrationInit
                0x00004eb8                RX_StickCenterCalibration
 .text          0x00004f56      0x34a Sensors/Sensors.o
                0x00004f56                Sensors_Init
                0x00004f64                Sensors_Test
                0x00004fd4                Sensors_Calibrate
                0x00005170                Sensor_GetBattery
                0x00005196                Sensors_ReadAll
 .text          0x000052a0       0x88 Sensors/ADC_PORT.o
                0x000052a0                __vector_24
                0x000052fe                ADCPort_Init
                0x00005310                ADCPort_Get
 .text          0x00005328     0x1afa UI/menu.o
                0x00005328                _hHomeRestart
                0x00005336                tsmMain
                0x00005374                _hDebug
                0x00005424                _hSensorCalibration
                0x00005498                _hSensorTest
                0x00005564                _hHomeArmedESC
                0x00005636                _helper_DisplayPitchRollYaw
                0x0000567c                _helper_SwitchPitchRollYaw
                0x000056a4                _helper_DisplayBiStateText
                0x000056fc                _helper_SaveinEEPROM_ifChanged
                0x0000570e                _helper_DisplayRXStatus
                0x00005780                _hStickCentering
                0x00005a90                _hReceiverTest
                0x00005b16                _helper_Words
                0x00005b42                Menu_LoadPage
                0x00005b66                _hFactoryReset
                0x00005b90                _hESCCalibration
                0x00005bca                _hHomeArmed
                0x00005c02                _hHomePage
                0x00005dba                defaultHandler
                0x00005e06                editModeHandler
                0x00005fa8                PageKey
                0x00005fde                _hAltitudeHold
                0x00006132                _hSelfLeveling
                0x00006540                _hStabilization
                0x0000690e                _hMiscSettings
                0x00006a60                _hModeSettings
                0x00006c36                doMenu
                0x00006d44                _hMenu
                0x00006d76                Menu_MenuShow
                0x00006dfc                Menu_MenuInit
                0x00006e0a                tsmLoadModelLayout
                0x00006e0c                Menu_EnableAllItems
 .text          0x00006e22        0x0 d:/program files (x86)/atmel/avr studio 5.1/extensions/atmel/avrgcc/3.3.1.27/avrtoolchain/bin/../lib/gcc/avr/4.5.1/../../../../avr/lib/avr5\libm.a(addsf3.o)
 .text          0x00006e22        0x0 d:/program files (x86)/atmel/avr studio 5.1/extensions/atmel/avrgcc/3.3.1.27/avrtoolchain/bin/../lib/gcc/avr/4.5.1/../../../../avr/lib/avr5\libm.a(addsf3x.o)
 .text          0x00006e22        0x0 d:/program files (x86)/atmel/avr studio 5.1/extensions/atmel/avrgcc/3.3.1.27/avrtoolchain/bin/../lib/gcc/avr/4.5.1/../../../../avr/lib/avr5\libm.a(cmpsf2.o)
 .text          0x00006e22        0x0 d:/program files (x86)/atmel/avr studio 5.1/extensions/atmel/avrgcc/3.3.1.27/avrtoolchain/bin/../lib/gcc/avr/4.5.1/../../../../avr/lib/avr5\libm.a(divsf3.o)
 .text          0x00006e22        0x0 d:/program files (x86)/atmel/avr studio 5.1/extensions/atmel/avrgcc/3.3.1.27/avrtoolchain/bin/../lib/gcc/avr/4.5.1/../../../../avr/lib/avr5\libm.a(divsf3x.o)
 .text          0x00006e22        0x0 d:/program files (x86)/atmel/avr studio 5.1/extensions/atmel/avrgcc/3.3.1.27/avrtoolchain/bin/../lib/gcc/avr/4.5.1/../../../../avr/lib/avr5\libm.a(fixsfsi.o)
 .text          0x00006e22        0x0 d:/program files (x86)/atmel/avr studio 5.1/extensions/atmel/avrgcc/3.3.1.27/avrtoolchain/bin/../lib/gcc/avr/4.5.1/../../../../avr/lib/avr5\libm.a(fixunssfsi.o)
 .text          0x00006e22        0x0 d:/program files (x86)/atmel/avr studio 5.1/extensions/atmel/avrgcc/3.3.1.27/avrtoolchain/bin/../lib/gcc/avr/4.5.1/../../../../avr/lib/avr5\libm.a(floatsisf.o)
 .text          0x00006e22        0x0 d:/program files (x86)/atmel/avr studio 5.1/extensions/atmel/avrgcc/3.3.1.27/avrtoolchain/bin/../lib/gcc/avr/4.5.1/../../../../avr/lib/avr5\libm.a(fp_cmp.o)
 .text          0x00006e22        0x0 d:/program files (x86)/atmel/avr studio 5.1/extensions/atmel/avrgcc/3.3.1.27/avrtoolchain/bin/../lib/gcc/avr/4.5.1/../../../../avr/lib/avr5\libm.a(fp_inf.o)
 .text          0x00006e22        0x0 d:/program files (x86)/atmel/avr studio 5.1/extensions/atmel/avrgcc/3.3.1.27/avrtoolchain/bin/../lib/gcc/avr/4.5.1/../../../../avr/lib/avr5\libm.a(fp_nan.o)
 .text          0x00006e22        0x0 d:/program files (x86)/atmel/avr studio 5.1/extensions/atmel/avrgcc/3.3.1.27/avrtoolchain/bin/../lib/gcc/avr/4.5.1/../../../../avr/lib/avr5\libm.a(fp_pscA.o)
 .text          0x00006e22        0x0 d:/program files (x86)/atmel/avr studio 5.1/extensions/atmel/avrgcc/3.3.1.27/avrtoolchain/bin/../lib/gcc/avr/4.5.1/../../../../avr/lib/avr5\libm.a(fp_pscB.o)
 .text          0x00006e22        0x0 d:/program files (x86)/atmel/avr studio 5.1/extensions/atmel/avrgcc/3.3.1.27/avrtoolchain/bin/../lib/gcc/avr/4.5.1/../../../../avr/lib/avr5\libm.a(fp_round.o)
 .text          0x00006e22        0x0 d:/program files (x86)/atmel/avr studio 5.1/extensions/atmel/avrgcc/3.3.1.27/avrtoolchain/bin/../lib/gcc/avr/4.5.1/../../../../avr/lib/avr5\libm.a(fp_split3.o)
 .text          0x00006e22        0x0 d:/program files (x86)/atmel/avr studio 5.1/extensions/atmel/avrgcc/3.3.1.27/avrtoolchain/bin/../lib/gcc/avr/4.5.1/../../../../avr/lib/avr5\libm.a(fp_zero.o)
 .text          0x00006e22        0x0 d:/program files (x86)/atmel/avr studio 5.1/extensions/atmel/avrgcc/3.3.1.27/avrtoolchain/bin/../lib/gcc/avr/4.5.1/../../../../avr/lib/avr5\libm.a(gesf2.o)
 .text          0x00006e22        0x0 d:/program files (x86)/atmel/avr studio 5.1/extensions/atmel/avrgcc/3.3.1.27/avrtoolchain/bin/../lib/gcc/avr/4.5.1/../../../../avr/lib/avr5\libm.a(mulsf3.o)
 .text          0x00006e22        0x0 d:/program files (x86)/atmel/avr studio 5.1/extensions/atmel/avrgcc/3.3.1.27/avrtoolchain/bin/../lib/gcc/avr/4.5.1/../../../../avr/lib/avr5\libm.a(mulsf3x.o)
 .text          0x00006e22        0x0 d:/program files (x86)/atmel/avr studio 5.1/extensions/atmel/avrgcc/3.3.1.27/avrtoolchain/bin/../lib/gcc/avr/4.5.1/avr5\libgcc.a(_udivmodhi4.o)
 .text          0x00006e22        0x0 d:/program files (x86)/atmel/avr studio 5.1/extensions/atmel/avrgcc/3.3.1.27/avrtoolchain/bin/../lib/gcc/avr/4.5.1/avr5\libgcc.a(_divmodhi4.o)
 .text          0x00006e22        0x0 d:/program files (x86)/atmel/avr studio 5.1/extensions/atmel/avrgcc/3.3.1.27/avrtoolchain/bin/../lib/gcc/avr/4.5.1/avr5\libgcc.a(_exit.o)
 .text          0x00006e22        0x0 d:/program files (x86)/atmel/avr studio 5.1/extensions/atmel/avrgcc/3.3.1.27/avrtoolchain/bin/../lib/gcc/avr/4.5.1/avr5\libgcc.a(_copy_data.o)
 .text          0x00006e22        0x0 d:/program files (x86)/atmel/avr studio 5.1/extensions/atmel/avrgcc/3.3.1.27/avrtoolchain/bin/../lib/gcc/avr/4.5.1/avr5\libgcc.a(_clear_bss.o)
 .text          0x00006e22        0x0 d:/program files (x86)/atmel/avr studio 5.1/extensions/atmel/avrgcc/3.3.1.27/avrtoolchain/bin/../lib/gcc/avr/4.5.1/../../../../avr/lib/avr5\libc.a(abs.o)
 .text          0x00006e22        0x0 d:/program files (x86)/atmel/avr studio 5.1/extensions/atmel/avrgcc/3.3.1.27/avrtoolchain/bin/../lib/gcc/avr/4.5.1/../../../../avr/lib/avr5\libc.a(dtostrf.o)
 .text          0x00006e22        0x0 d:/program files (x86)/atmel/avr studio 5.1/extensions/atmel/avrgcc/3.3.1.27/avrtoolchain/bin/../lib/gcc/avr/4.5.1/../../../../avr/lib/avr5\libc.a(memcpy_P.o)
 .text          0x00006e22        0x0 d:/program files (x86)/atmel/avr studio 5.1/extensions/atmel/avrgcc/3.3.1.27/avrtoolchain/bin/../lib/gcc/avr/4.5.1/../../../../avr/lib/avr5\libc.a(strcpy_P.o)
 .text          0x00006e22        0x0 d:/program files (x86)/atmel/avr studio 5.1/extensions/atmel/avrgcc/3.3.1.27/avrtoolchain/bin/../lib/gcc/avr/4.5.1/../../../../avr/lib/avr5\libc.a(strlen_P.o)
 .text          0x00006e22        0x0 d:/program files (x86)/atmel/avr studio 5.1/extensions/atmel/avrgcc/3.3.1.27/avrtoolchain/bin/../lib/gcc/avr/4.5.1/../../../../avr/lib/avr5\libc.a(memcpy.o)
 .text          0x00006e22        0x0 d:/program files (x86)/atmel/avr studio 5.1/extensions/atmel/avrgcc/3.3.1.27/avrtoolchain/bin/../lib/gcc/avr/4.5.1/../../../../avr/lib/avr5\libc.a(strcat.o)
 .text          0x00006e22        0x0 d:/program files (x86)/atmel/avr studio 5.1/extensions/atmel/avrgcc/3.3.1.27/avrtoolchain/bin/../lib/gcc/avr/4.5.1/../../../../avr/lib/avr5\libc.a(itoa.o)
 .text          0x00006e22        0x0 d:/program files (x86)/atmel/avr studio 5.1/extensions/atmel/avrgcc/3.3.1.27/avrtoolchain/bin/../lib/gcc/avr/4.5.1/../../../../avr/lib/avr5\libc.a(utoa.o)
 .text          0x00006e22        0x0 d:/program files (x86)/atmel/avr studio 5.1/extensions/atmel/avrgcc/3.3.1.27/avrtoolchain/bin/../lib/gcc/avr/4.5.1/../../../../avr/lib/avr5\libc.a(eerd_block_atmega324pa.o)
 .text          0x00006e22        0x0 d:/program files (x86)/atmel/avr studio 5.1/extensions/atmel/avrgcc/3.3.1.27/avrtoolchain/bin/../lib/gcc/avr/4.5.1/../../../../avr/lib/avr5\libc.a(eerd_byte_atmega324pa.o)
 .text          0x00006e22        0x0 d:/program files (x86)/atmel/avr studio 5.1/extensions/atmel/avrgcc/3.3.1.27/avrtoolchain/bin/../lib/gcc/avr/4.5.1/../../../../avr/lib/avr5\libc.a(eewr_byte_atmega324pa.o)
 .text          0x00006e22        0x0 d:/program files (x86)/atmel/avr studio 5.1/extensions/atmel/avrgcc/3.3.1.27/avrtoolchain/bin/../lib/gcc/avr/4.5.1/../../../../avr/lib/avr5\libc.a(dtoa_prf.o)
 .text          0x00006e22        0x0 d:/program files (x86)/atmel/avr studio 5.1/extensions/atmel/avrgcc/3.3.1.27/avrtoolchain/bin/../lib/gcc/avr/4.5.1/../../../../avr/lib/avr5\libc.a(ftoa_engine.o)
 .text          0x00006e22        0x0 d:/program files (x86)/atmel/avr studio 5.1/extensions/atmel/avrgcc/3.3.1.27/avrtoolchain/bin/../lib/gcc/avr/4.5.1/../../../../avr/lib/avr5\libc.a(strrev.o)
 .text          0x00006e22        0x0 d:/program files (x86)/atmel/avr studio 5.1/extensions/atmel/avrgcc/3.3.1.27/avrtoolchain/bin/../lib/gcc/avr/4.5.1/avr5\libgcc.a(_prologue.o)
 .text          0x00006e22        0x0 d:/program files (x86)/atmel/avr studio 5.1/extensions/atmel/avrgcc/3.3.1.27/avrtoolchain/bin/../lib/gcc/avr/4.5.1/avr5\libgcc.a(_epilogue.o)
                0x00006e22                . = ALIGN (0x2)
 *(.text.*)
 .text.avr-libc.fplib
                0x00006e22        0xa d:/program files (x86)/atmel/avr studio 5.1/extensions/atmel/avrgcc/3.3.1.27/avrtoolchain/bin/../lib/gcc/avr/4.5.1/../../../../avr/lib/avr5\libm.a(addsf3.o)
                0x00006e22                __subsf3
                0x00006e24                __addsf3
 .text.avr-libc.fplib
                0x00006e2c       0xc0 d:/program files (x86)/atmel/avr studio 5.1/extensions/atmel/avrgcc/3.3.1.27/avrtoolchain/bin/../lib/gcc/avr/4.5.1/../../../../avr/lib/avr5\libm.a(addsf3x.o)
                0x00006e46                __addsf3x
 .text.avr-libc.fplib
                0x00006eec        0x8 d:/program files (x86)/atmel/avr studio 5.1/extensions/atmel/avrgcc/3.3.1.27/avrtoolchain/bin/../lib/gcc/avr/4.5.1/../../../../avr/lib/avr5\libm.a(cmpsf2.o)
                0x00006eec                __nesf2
                0x00006eec                __eqsf2
                0x00006eec                __cmpsf2
                0x00006eec                __ltsf2
                0x00006eec                __lesf2
 .text.avr-libc.fplib
                0x00006ef4        0x4 d:/program files (x86)/atmel/avr studio 5.1/extensions/atmel/avrgcc/3.3.1.27/avrtoolchain/bin/../lib/gcc/avr/4.5.1/../../../../avr/lib/avr5\libm.a(divsf3.o)
                0x00006ef4                __divsf3
 .text.avr-libc.fplib
                0x00006ef8       0xcc d:/program files (x86)/atmel/avr studio 5.1/extensions/atmel/avrgcc/3.3.1.27/avrtoolchain/bin/../lib/gcc/avr/4.5.1/../../../../avr/lib/avr5\libm.a(divsf3x.o)
                0x00006f0e                __divsf3x
                0x00006f12                __divsf3_pse
 .text.avr-libc.fplib
                0x00006fc4        0xa d:/program files (x86)/atmel/avr studio 5.1/extensions/atmel/avrgcc/3.3.1.27/avrtoolchain/bin/../lib/gcc/avr/4.5.1/../../../../avr/lib/avr5\libm.a(fixsfsi.o)
                0x00006fc4                __fixsfsi
 .text.avr-libc.fplib
                0x00006fce       0x58 d:/program files (x86)/atmel/avr studio 5.1/extensions/atmel/avrgcc/3.3.1.27/avrtoolchain/bin/../lib/gcc/avr/4.5.1/../../../../avr/lib/avr5\libm.a(fixunssfsi.o)
                0x00006fce                __fixunssfsi
 .text.avr-libc.fplib
                0x00007026       0x7a d:/program files (x86)/atmel/avr studio 5.1/extensions/atmel/avrgcc/3.3.1.27/avrtoolchain/bin/../lib/gcc/avr/4.5.1/../../../../avr/lib/avr5\libm.a(floatsisf.o)
                0x00007026                __floatunsisf
                0x0000702a                __floatsisf
 .text.avr-libc.fplib
                0x000070a0       0x48 d:/program files (x86)/atmel/avr studio 5.1/extensions/atmel/avrgcc/3.3.1.27/avrtoolchain/bin/../lib/gcc/avr/4.5.1/../../../../avr/lib/avr5\libm.a(fp_cmp.o)
                0x000070a0                __fp_cmp
 .text.avr-libc.fplib
                0x000070e8        0xc d:/program files (x86)/atmel/avr studio 5.1/extensions/atmel/avrgcc/3.3.1.27/avrtoolchain/bin/../lib/gcc/avr/4.5.1/../../../../avr/lib/avr5\libm.a(fp_inf.o)
                0x000070e8                __fp_inf
 .text.avr-libc.fplib
                0x000070f4        0x6 d:/program files (x86)/atmel/avr studio 5.1/extensions/atmel/avrgcc/3.3.1.27/avrtoolchain/bin/../lib/gcc/avr/4.5.1/../../../../avr/lib/avr5\libm.a(fp_nan.o)
                0x000070f4                __fp_nan
 .text.avr-libc.fplib
                0x000070fa        0xe d:/program files (x86)/atmel/avr studio 5.1/extensions/atmel/avrgcc/3.3.1.27/avrtoolchain/bin/../lib/gcc/avr/4.5.1/../../../../avr/lib/avr5\libm.a(fp_pscA.o)
                0x000070fa                __fp_pscA
 .text.avr-libc.fplib
                0x00007108        0xe d:/program files (x86)/atmel/avr studio 5.1/extensions/atmel/avrgcc/3.3.1.27/avrtoolchain/bin/../lib/gcc/avr/4.5.1/../../../../avr/lib/avr5\libm.a(fp_pscB.o)
                0x00007108                __fp_pscB
 .text.avr-libc.fplib
                0x00007116       0x22 d:/program files (x86)/atmel/avr studio 5.1/extensions/atmel/avrgcc/3.3.1.27/avrtoolchain/bin/../lib/gcc/avr/4.5.1/../../../../avr/lib/avr5\libm.a(fp_round.o)
                0x00007116                __fp_round
 .text.avr-libc.fplib
                0x00007138       0x44 d:/program files (x86)/atmel/avr studio 5.1/extensions/atmel/avrgcc/3.3.1.27/avrtoolchain/bin/../lib/gcc/avr/4.5.1/../../../../avr/lib/avr5\libm.a(fp_split3.o)
                0x00007138                __fp_split3
                0x00007148                __fp_splitA
 .text.avr-libc.fplib
                0x0000717c        0xe d:/program files (x86)/atmel/avr studio 5.1/extensions/atmel/avrgcc/3.3.1.27/avrtoolchain/bin/../lib/gcc/avr/4.5.1/../../../../avr/lib/avr5\libm.a(fp_zero.o)
                0x0000717c                __fp_zero
                0x0000717e                __fp_szero
 .text.avr-libc.fplib
                0x0000718a        0x8 d:/program files (x86)/atmel/avr studio 5.1/extensions/atmel/avrgcc/3.3.1.27/avrtoolchain/bin/../lib/gcc/avr/4.5.1/../../../../avr/lib/avr5\libm.a(gesf2.o)
                0x0000718a                __gesf2
                0x0000718a                __gtsf2
 .text.avr-libc.fplib
                0x00007192        0x4 d:/program files (x86)/atmel/avr studio 5.1/extensions/atmel/avrgcc/3.3.1.27/avrtoolchain/bin/../lib/gcc/avr/4.5.1/../../../../avr/lib/avr5\libm.a(mulsf3.o)
                0x00007192                __mulsf3
 .text.avr-libc.fplib
                0x00007196       0xc2 d:/program files (x86)/atmel/avr studio 5.1/extensions/atmel/avrgcc/3.3.1.27/avrtoolchain/bin/../lib/gcc/avr/4.5.1/../../../../avr/lib/avr5\libm.a(mulsf3x.o)
                0x000071aa                __mulsf3x
                0x000071ae                __mulsf3_pse
 .text.libgcc   0x00007258       0x28 d:/program files (x86)/atmel/avr studio 5.1/extensions/atmel/avrgcc/3.3.1.27/avrtoolchain/bin/../lib/gcc/avr/4.5.1/avr5\libgcc.a(_udivmodhi4.o)
                0x00007258                __udivmodhi4
 .text.libgcc   0x00007280       0x26 d:/program files (x86)/atmel/avr studio 5.1/extensions/atmel/avrgcc/3.3.1.27/avrtoolchain/bin/../lib/gcc/avr/4.5.1/avr5\libgcc.a(_divmodhi4.o)
                0x00007280                _div
                0x00007280                __divmodhi4
 .text.libgcc   0x000072a6        0x0 d:/program files (x86)/atmel/avr studio 5.1/extensions/atmel/avrgcc/3.3.1.27/avrtoolchain/bin/../lib/gcc/avr/4.5.1/avr5\libgcc.a(_exit.o)
 .text.libgcc   0x000072a6        0x0 d:/program files (x86)/atmel/avr studio 5.1/extensions/atmel/avrgcc/3.3.1.27/avrtoolchain/bin/../lib/gcc/avr/4.5.1/avr5\libgcc.a(_copy_data.o)
 .text.libgcc   0x000072a6        0x0 d:/program files (x86)/atmel/avr studio 5.1/extensions/atmel/avrgcc/3.3.1.27/avrtoolchain/bin/../lib/gcc/avr/4.5.1/avr5\libgcc.a(_clear_bss.o)
 .text.avr-libc
                0x000072a6       0x12 d:/program files (x86)/atmel/avr studio 5.1/extensions/atmel/avrgcc/3.3.1.27/avrtoolchain/bin/../lib/gcc/avr/4.5.1/../../../../avr/lib/avr5\libc.a(abs.o)
                0x000072a6                abs
 .text.avr-libc
                0x000072b8       0x44 d:/program files (x86)/atmel/avr studio 5.1/extensions/atmel/avrgcc/3.3.1.27/avrtoolchain/bin/../lib/gcc/avr/4.5.1/../../../../avr/lib/avr5\libc.a(dtostrf.o)
                0x000072b8                dtostrf
 .text.avr-libc
                0x000072fc       0x12 d:/program files (x86)/atmel/avr studio 5.1/extensions/atmel/avrgcc/3.3.1.27/avrtoolchain/bin/../lib/gcc/avr/4.5.1/../../../../avr/lib/avr5\libc.a(memcpy_P.o)
                0x000072fc                memcpy_P
 .text.avr-libc
                0x0000730e        0xe d:/program files (x86)/atmel/avr studio 5.1/extensions/atmel/avrgcc/3.3.1.27/avrtoolchain/bin/../lib/gcc/avr/4.5.1/../../../../avr/lib/avr5\libc.a(strcpy_P.o)
                0x0000730e                strcpy_P
 .text.avr-libc
                0x0000731c       0x12 d:/program files (x86)/atmel/avr studio 5.1/extensions/atmel/avrgcc/3.3.1.27/avrtoolchain/bin/../lib/gcc/avr/4.5.1/../../../../avr/lib/avr5\libc.a(strlen_P.o)
                0x0000731c                strlen_P
 .text.avr-libc
                0x0000732e       0x12 d:/program files (x86)/atmel/avr studio 5.1/extensions/atmel/avrgcc/3.3.1.27/avrtoolchain/bin/../lib/gcc/avr/4.5.1/../../../../avr/lib/avr5\libc.a(memcpy.o)
                0x0000732e                memcpy
 .text.avr-libc
                0x00007340       0x16 d:/program files (x86)/atmel/avr studio 5.1/extensions/atmel/avrgcc/3.3.1.27/avrtoolchain/bin/../lib/gcc/avr/4.5.1/../../../../avr/lib/avr5\libc.a(strcat.o)
                0x00007340                strcat
 .text.avr-libc
                0x00007356       0x42 d:/program files (x86)/atmel/avr studio 5.1/extensions/atmel/avrgcc/3.3.1.27/avrtoolchain/bin/../lib/gcc/avr/4.5.1/../../../../avr/lib/avr5\libc.a(itoa.o)
                0x00007356                itoa
 .text.avr-libc
                0x00007398       0x2c d:/program files (x86)/atmel/avr studio 5.1/extensions/atmel/avrgcc/3.3.1.27/avrtoolchain/bin/../lib/gcc/avr/4.5.1/../../../../avr/lib/avr5\libc.a(utoa.o)
                0x00007398                utoa
 .text.avr-libc
                0x000073c4       0x20 d:/program files (x86)/atmel/avr studio 5.1/extensions/atmel/avrgcc/3.3.1.27/avrtoolchain/bin/../lib/gcc/avr/4.5.1/../../../../avr/lib/avr5\libc.a(eerd_block_atmega324pa.o)
                0x000073c4                __eerd_block_m324pa
                0x000073c8                __eerd_blraw_m324pa
 .text.avr-libc
                0x000073e4       0x10 d:/program files (x86)/atmel/avr studio 5.1/extensions/atmel/avrgcc/3.3.1.27/avrtoolchain/bin/../lib/gcc/avr/4.5.1/../../../../avr/lib/avr5\libc.a(eerd_byte_atmega324pa.o)
                0x000073e4                __eerd_byte_m324pa
 .text.avr-libc
                0x000073f4       0x1c d:/program files (x86)/atmel/avr studio 5.1/extensions/atmel/avrgcc/3.3.1.27/avrtoolchain/bin/../lib/gcc/avr/4.5.1/../../../../avr/lib/avr5\libc.a(eewr_byte_atmega324pa.o)
                0x000073f4                __eewr_byte_m324pa
                0x000073f6                __eewr_r18_m324pa
 .text.avr-libc
                0x00007410      0x2ae d:/program files (x86)/atmel/avr studio 5.1/extensions/atmel/avrgcc/3.3.1.27/avrtoolchain/bin/../lib/gcc/avr/4.5.1/../../../../avr/lib/avr5\libc.a(dtoa_prf.o)
                0x00007410                dtoa_prf
 .text.avr-libc
                0x000076be      0x1b0 d:/program files (x86)/atmel/avr studio 5.1/extensions/atmel/avrgcc/3.3.1.27/avrtoolchain/bin/../lib/gcc/avr/4.5.1/../../../../avr/lib/avr5\libc.a(ftoa_engine.o)
                0x000076be                __ftoa_engine
 .text.avr-libc
                0x0000786e       0x20 d:/program files (x86)/atmel/avr studio 5.1/extensions/atmel/avrgcc/3.3.1.27/avrtoolchain/bin/../lib/gcc/avr/4.5.1/../../../../avr/lib/avr5\libc.a(strrev.o)
                0x0000786e                strrev
 .text.libgcc   0x0000788e       0x38 d:/program files (x86)/atmel/avr studio 5.1/extensions/atmel/avrgcc/3.3.1.27/avrtoolchain/bin/../lib/gcc/avr/4.5.1/avr5\libgcc.a(_prologue.o)
                0x0000788e                __prologue_saves__
 .text.libgcc   0x000078c6       0x36 d:/program files (x86)/atmel/avr studio 5.1/extensions/atmel/avrgcc/3.3.1.27/avrtoolchain/bin/../lib/gcc/avr/4.5.1/avr5\libgcc.a(_epilogue.o)
                0x000078c6                __epilogue_restores__
                0x000078fc                . = ALIGN (0x2)
 *(.fini9)
 .fini9         0x000078fc        0x0 d:/program files (x86)/atmel/avr studio 5.1/extensions/atmel/avrgcc/3.3.1.27/avrtoolchain/bin/../lib/gcc/avr/4.5.1/avr5\libgcc.a(_exit.o)
                0x000078fc                _exit
                0x000078fc                exit
 *(.fini9)
 *(.fini8)
 *(.fini8)
 *(.fini7)
 *(.fini7)
 *(.fini6)
 *(.fini6)
 *(.fini5)
 *(.fini5)
 *(.fini4)
 *(.fini4)
 *(.fini3)
 *(.fini3)
 *(.fini2)
 *(.fini2)
 *(.fini1)
 *(.fini1)
 *(.fini0)
 .fini0         0x000078fc        0x4 d:/program files (x86)/atmel/avr studio 5.1/extensions/atmel/avrgcc/3.3.1.27/avrtoolchain/bin/../lib/gcc/avr/4.5.1/avr5\libgcc.a(_exit.o)
 *(.fini0)
                0x00007900                _etext = .

.data           0x00800100       0x14 load address 0x00007900
                0x00800100                PROVIDE (__data_start, .)
 *(.data)
 .data          0x00800100        0x0 d:/program files (x86)/atmel/avr studio 5.1/extensions/atmel/avrgcc/3.3.1.27/avrtoolchain/bin/../lib/gcc/avr/4.5.1/../../../../avr/lib/avr5/crtm324pa.o
 .data          0x00800100        0x0 Accessories/Beeper.o
 .data          0x00800100        0x0 Accessories/KeyBoard.o
 .data          0x00800100        0x0 Accessories/LCD.o
 .data          0x00800100        0x0 Accessories/LED.o
 .data          0x00800100        0x0 Accessories/Misc.o
 .data          0x00800100        0x0 Accessories/Ultrasonic.o
 .data          0x00800100        0x0 Arming.o
 .data          0x00800100        0x0 Core/eepROM.o
 .data          0x00800100        0x0 Core/Timer.o
 .data          0x00800100        0x4 Core/UART.o
 .data          0x00800104        0x0 GFX/font12x16.o
 .data          0x00800104        0x0 GFX/font6x8.o
 .data          0x00800104        0x0 GFX/Fonts.o
 .data          0x00800104        0x0 GFX/glyphs.o
 .data          0x00800104        0x0 GFX/logo.o
 .data          0x00800104        0x4 HefnyCopter2.o
 .data          0x00800108        0x0 IMU/DCM.o
 .data          0x00800108        0x0 IMU/PID.o
 .data          0x00800108        0x0 IMU/IMU.o
 .data          0x00800108        0x0 IMU/Kalman.o
 .data          0x00800108        0x0 Math/Math.o
 .data          0x00800108        0x0 Motor.o
 .data          0x00800108        0x0 Receiver.o
 .data          0x00800108        0x6 Sensors/Sensors.o
 .data          0x0080010e        0x0 Sensors/ADC_PORT.o
 .data          0x0080010e        0x5 UI/menu.o
 .data          0x00800113        0x0 d:/program files (x86)/atmel/avr studio 5.1/extensions/atmel/avrgcc/3.3.1.27/avrtoolchain/bin/../lib/gcc/avr/4.5.1/../../../../avr/lib/avr5\libm.a(addsf3.o)
 .data          0x00800113        0x0 d:/program files (x86)/atmel/avr studio 5.1/extensions/atmel/avrgcc/3.3.1.27/avrtoolchain/bin/../lib/gcc/avr/4.5.1/../../../../avr/lib/avr5\libm.a(addsf3x.o)
 .data          0x00800113        0x0 d:/program files (x86)/atmel/avr studio 5.1/extensions/atmel/avrgcc/3.3.1.27/avrtoolchain/bin/../lib/gcc/avr/4.5.1/../../../../avr/lib/avr5\libm.a(cmpsf2.o)
 .data          0x00800113        0x0 d:/program files (x86)/atmel/avr studio 5.1/extensions/atmel/avrgcc/3.3.1.27/avrtoolchain/bin/../lib/gcc/avr/4.5.1/../../../../avr/lib/avr5\libm.a(divsf3.o)
 .data          0x00800113        0x0 d:/program files (x86)/atmel/avr studio 5.1/extensions/atmel/avrgcc/3.3.1.27/avrtoolchain/bin/../lib/gcc/avr/4.5.1/../../../../avr/lib/avr5\libm.a(divsf3x.o)
 .data          0x00800113        0x0 d:/program files (x86)/atmel/avr studio 5.1/extensions/atmel/avrgcc/3.3.1.27/avrtoolchain/bin/../lib/gcc/avr/4.5.1/../../../../avr/lib/avr5\libm.a(fixsfsi.o)
 .data          0x00800113        0x0 d:/program files (x86)/atmel/avr studio 5.1/extensions/atmel/avrgcc/3.3.1.27/avrtoolchain/bin/../lib/gcc/avr/4.5.1/../../../../avr/lib/avr5\libm.a(fixunssfsi.o)
 .data          0x00800113        0x0 d:/program files (x86)/atmel/avr studio 5.1/extensions/atmel/avrgcc/3.3.1.27/avrtoolchain/bin/../lib/gcc/avr/4.5.1/../../../../avr/lib/avr5\libm.a(floatsisf.o)
 .data          0x00800113        0x0 d:/program files (x86)/atmel/avr studio 5.1/extensions/atmel/avrgcc/3.3.1.27/avrtoolchain/bin/../lib/gcc/avr/4.5.1/../../../../avr/lib/avr5\libm.a(fp_cmp.o)
 .data          0x00800113        0x0 d:/program files (x86)/atmel/avr studio 5.1/extensions/atmel/avrgcc/3.3.1.27/avrtoolchain/bin/../lib/gcc/avr/4.5.1/../../../../avr/lib/avr5\libm.a(fp_inf.o)
 .data          0x00800113        0x0 d:/program files (x86)/atmel/avr studio 5.1/extensions/atmel/avrgcc/3.3.1.27/avrtoolchain/bin/../lib/gcc/avr/4.5.1/../../../../avr/lib/avr5\libm.a(fp_nan.o)
 .data          0x00800113        0x0 d:/program files (x86)/atmel/avr studio 5.1/extensions/atmel/avrgcc/3.3.1.27/avrtoolchain/bin/../lib/gcc/avr/4.5.1/../../../../avr/lib/avr5\libm.a(fp_pscA.o)
 .data          0x00800113        0x0 d:/program files (x86)/atmel/avr studio 5.1/extensions/atmel/avrgcc/3.3.1.27/avrtoolchain/bin/../lib/gcc/avr/4.5.1/../../../../avr/lib/avr5\libm.a(fp_pscB.o)
 .data          0x00800113        0x0 d:/program files (x86)/atmel/avr studio 5.1/extensions/atmel/avrgcc/3.3.1.27/avrtoolchain/bin/../lib/gcc/avr/4.5.1/../../../../avr/lib/avr5\libm.a(fp_round.o)
 .data          0x00800113        0x0 d:/program files (x86)/atmel/avr studio 5.1/extensions/atmel/avrgcc/3.3.1.27/avrtoolchain/bin/../lib/gcc/avr/4.5.1/../../../../avr/lib/avr5\libm.a(fp_split3.o)
 .data          0x00800113        0x0 d:/program files (x86)/atmel/avr studio 5.1/extensions/atmel/avrgcc/3.3.1.27/avrtoolchain/bin/../lib/gcc/avr/4.5.1/../../../../avr/lib/avr5\libm.a(fp_zero.o)
 .data          0x00800113        0x0 d:/program files (x86)/atmel/avr studio 5.1/extensions/atmel/avrgcc/3.3.1.27/avrtoolchain/bin/../lib/gcc/avr/4.5.1/../../../../avr/lib/avr5\libm.a(gesf2.o)
 .data          0x00800113        0x0 d:/program files (x86)/atmel/avr studio 5.1/extensions/atmel/avrgcc/3.3.1.27/avrtoolchain/bin/../lib/gcc/avr/4.5.1/../../../../avr/lib/avr5\libm.a(mulsf3.o)
 .data          0x00800113        0x0 d:/program files (x86)/atmel/avr studio 5.1/extensions/atmel/avrgcc/3.3.1.27/avrtoolchain/bin/../lib/gcc/avr/4.5.1/../../../../avr/lib/avr5\libm.a(mulsf3x.o)
 .data          0x00800113        0x0 d:/program files (x86)/atmel/avr studio 5.1/extensions/atmel/avrgcc/3.3.1.27/avrtoolchain/bin/../lib/gcc/avr/4.5.1/avr5\libgcc.a(_udivmodhi4.o)
 .data          0x00800113        0x0 d:/program files (x86)/atmel/avr studio 5.1/extensions/atmel/avrgcc/3.3.1.27/avrtoolchain/bin/../lib/gcc/avr/4.5.1/avr5\libgcc.a(_divmodhi4.o)
 .data          0x00800113        0x0 d:/program files (x86)/atmel/avr studio 5.1/extensions/atmel/avrgcc/3.3.1.27/avrtoolchain/bin/../lib/gcc/avr/4.5.1/avr5\libgcc.a(_exit.o)
 .data          0x00800113        0x0 d:/program files (x86)/atmel/avr studio 5.1/extensions/atmel/avrgcc/3.3.1.27/avrtoolchain/bin/../lib/gcc/avr/4.5.1/avr5\libgcc.a(_copy_data.o)
 .data          0x00800113        0x0 d:/program files (x86)/atmel/avr studio 5.1/extensions/atmel/avrgcc/3.3.1.27/avrtoolchain/bin/../lib/gcc/avr/4.5.1/avr5\libgcc.a(_clear_bss.o)
 .data          0x00800113        0x0 d:/program files (x86)/atmel/avr studio 5.1/extensions/atmel/avrgcc/3.3.1.27/avrtoolchain/bin/../lib/gcc/avr/4.5.1/../../../../avr/lib/avr5\libc.a(abs.o)
 .data          0x00800113        0x0 d:/program files (x86)/atmel/avr studio 5.1/extensions/atmel/avrgcc/3.3.1.27/avrtoolchain/bin/../lib/gcc/avr/4.5.1/../../../../avr/lib/avr5\libc.a(dtostrf.o)
 .data          0x00800113        0x0 d:/program files (x86)/atmel/avr studio 5.1/extensions/atmel/avrgcc/3.3.1.27/avrtoolchain/bin/../lib/gcc/avr/4.5.1/../../../../avr/lib/avr5\libc.a(memcpy_P.o)
 .data          0x00800113        0x0 d:/program files (x86)/atmel/avr studio 5.1/extensions/atmel/avrgcc/3.3.1.27/avrtoolchain/bin/../lib/gcc/avr/4.5.1/../../../../avr/lib/avr5\libc.a(strcpy_P.o)
 .data          0x00800113        0x0 d:/program files (x86)/atmel/avr studio 5.1/extensions/atmel/avrgcc/3.3.1.27/avrtoolchain/bin/../lib/gcc/avr/4.5.1/../../../../avr/lib/avr5\libc.a(strlen_P.o)
 .data          0x00800113        0x0 d:/program files (x86)/atmel/avr studio 5.1/extensions/atmel/avrgcc/3.3.1.27/avrtoolchain/bin/../lib/gcc/avr/4.5.1/../../../../avr/lib/avr5\libc.a(memcpy.o)
 .data          0x00800113        0x0 d:/program files (x86)/atmel/avr studio 5.1/extensions/atmel/avrgcc/3.3.1.27/avrtoolchain/bin/../lib/gcc/avr/4.5.1/../../../../avr/lib/avr5\libc.a(strcat.o)
 .data          0x00800113        0x0 d:/program files (x86)/atmel/avr studio 5.1/extensions/atmel/avrgcc/3.3.1.27/avrtoolchain/bin/../lib/gcc/avr/4.5.1/../../../../avr/lib/avr5\libc.a(itoa.o)
 .data          0x00800113        0x0 d:/program files (x86)/atmel/avr studio 5.1/extensions/atmel/avrgcc/3.3.1.27/avrtoolchain/bin/../lib/gcc/avr/4.5.1/../../../../avr/lib/avr5\libc.a(utoa.o)
 .data          0x00800113        0x0 d:/program files (x86)/atmel/avr studio 5.1/extensions/atmel/avrgcc/3.3.1.27/avrtoolchain/bin/../lib/gcc/avr/4.5.1/../../../../avr/lib/avr5\libc.a(eerd_block_atmega324pa.o)
 .data          0x00800113        0x0 d:/program files (x86)/atmel/avr studio 5.1/extensions/atmel/avrgcc/3.3.1.27/avrtoolchain/bin/../lib/gcc/avr/4.5.1/../../../../avr/lib/avr5\libc.a(eerd_byte_atmega324pa.o)
 .data          0x00800113        0x0 d:/program files (x86)/atmel/avr studio 5.1/extensions/atmel/avrgcc/3.3.1.27/avrtoolchain/bin/../lib/gcc/avr/4.5.1/../../../../avr/lib/avr5\libc.a(eewr_byte_atmega324pa.o)
 .data          0x00800113        0x0 d:/program files (x86)/atmel/avr studio 5.1/extensions/atmel/avrgcc/3.3.1.27/avrtoolchain/bin/../lib/gcc/avr/4.5.1/../../../../avr/lib/avr5\libc.a(dtoa_prf.o)
 .data          0x00800113        0x0 d:/program files (x86)/atmel/avr studio 5.1/extensions/atmel/avrgcc/3.3.1.27/avrtoolchain/bin/../lib/gcc/avr/4.5.1/../../../../avr/lib/avr5\libc.a(ftoa_engine.o)
 .data          0x00800113        0x0 d:/program files (x86)/atmel/avr studio 5.1/extensions/atmel/avrgcc/3.3.1.27/avrtoolchain/bin/../lib/gcc/avr/4.5.1/../../../../avr/lib/avr5\libc.a(strrev.o)
 .data          0x00800113        0x0 d:/program files (x86)/atmel/avr studio 5.1/extensions/atmel/avrgcc/3.3.1.27/avrtoolchain/bin/../lib/gcc/avr/4.5.1/avr5\libgcc.a(_prologue.o)
 .data          0x00800113        0x0 d:/program files (x86)/atmel/avr studio 5.1/extensions/atmel/avrgcc/3.3.1.27/avrtoolchain/bin/../lib/gcc/avr/4.5.1/avr5\libgcc.a(_epilogue.o)
 *(.data*)
 *(.rodata)
 *(.rodata*)
 *(.gnu.linkonce.d*)
                0x00800114                . = ALIGN (0x2)
 *fill*         0x00800113        0x1 00
                0x00800114                _edata = .
                0x00800114                PROVIDE (__data_end, .)

.bss            0x00800114      0x6fd
                0x00800114                PROVIDE (__bss_start, .)
 *(.bss)
 .bss           0x00800114        0x0 d:/program files (x86)/atmel/avr studio 5.1/extensions/atmel/avrgcc/3.3.1.27/avrtoolchain/bin/../lib/gcc/avr/4.5.1/../../../../avr/lib/avr5/crtm324pa.o
 .bss           0x00800114        0x0 Accessories/Beeper.o
 .bss           0x00800114        0x2 Accessories/KeyBoard.o
                0x00800114                TCNT_X_snapshot3
 .bss           0x00800116      0x409 Accessories/LCD.o
 .bss           0x0080051f        0x0 Accessories/LED.o
 .bss           0x0080051f        0x0 Accessories/Misc.o
 .bss           0x0080051f        0x0 Accessories/Ultrasonic.o
 .bss           0x0080051f        0x0 Arming.o
 .bss           0x0080051f        0x0 Core/eepROM.o
 .bss           0x0080051f        0x0 Core/Timer.o
 .bss           0x0080051f        0x2 Core/UART.o
                0x0080051f                RXIndex
 .bss           0x00800521        0x0 GFX/font12x16.o
 .bss           0x00800521        0x0 GFX/font6x8.o
 .bss           0x00800521        0x0 GFX/Fonts.o
 .bss           0x00800521        0x0 GFX/glyphs.o
 .bss           0x00800521        0x0 GFX/logo.o
 .bss           0x00800521        0x1 HefnyCopter2.o
 .bss           0x00800522        0x0 IMU/DCM.o
 .bss           0x00800522        0x0 IMU/PID.o
 .bss           0x00800522        0x6 IMU/IMU.o
 .bss           0x00800528        0x0 IMU/Kalman.o
 .bss           0x00800528        0x0 Math/Math.o
 .bss           0x00800528        0x1 Motor.o
 .bss           0x00800529        0x0 Receiver.o
 .bss           0x00800529        0x0 Sensors/Sensors.o
 .bss           0x00800529        0x1 Sensors/ADC_PORT.o
 .bss           0x0080052a        0xc UI/menu.o
                0x0080052a                bValueChanged
                0x0080052b                bNeedRestart
 .bss           0x00800536        0x0 d:/program files (x86)/atmel/avr studio 5.1/extensions/atmel/avrgcc/3.3.1.27/avrtoolchain/bin/../lib/gcc/avr/4.5.1/../../../../avr/lib/avr5\libm.a(addsf3.o)
 .bss           0x00800536        0x0 d:/program files (x86)/atmel/avr studio 5.1/extensions/atmel/avrgcc/3.3.1.27/avrtoolchain/bin/../lib/gcc/avr/4.5.1/../../../../avr/lib/avr5\libm.a(addsf3x.o)
 .bss           0x00800536        0x0 d:/program files (x86)/atmel/avr studio 5.1/extensions/atmel/avrgcc/3.3.1.27/avrtoolchain/bin/../lib/gcc/avr/4.5.1/../../../../avr/lib/avr5\libm.a(cmpsf2.o)
 .bss           0x00800536        0x0 d:/program files (x86)/atmel/avr studio 5.1/extensions/atmel/avrgcc/3.3.1.27/avrtoolchain/bin/../lib/gcc/avr/4.5.1/../../../../avr/lib/avr5\libm.a(divsf3.o)
 .bss           0x00800536        0x0 d:/program files (x86)/atmel/avr studio 5.1/extensions/atmel/avrgcc/3.3.1.27/avrtoolchain/bin/../lib/gcc/avr/4.5.1/../../../../avr/lib/avr5\libm.a(divsf3x.o)
 .bss           0x00800536        0x0 d:/program files (x86)/atmel/avr studio 5.1/extensions/atmel/avrgcc/3.3.1.27/avrtoolchain/bin/../lib/gcc/avr/4.5.1/../../../../avr/lib/avr5\libm.a(fixsfsi.o)
 .bss           0x00800536        0x0 d:/program files (x86)/atmel/avr studio 5.1/extensions/atmel/avrgcc/3.3.1.27/avrtoolchain/bin/../lib/gcc/avr/4.5.1/../../../../avr/lib/avr5\libm.a(fixunssfsi.o)
 .bss           0x00800536        0x0 d:/program files (x86)/atmel/avr studio 5.1/extensions/atmel/avrgcc/3.3.1.27/avrtoolchain/bin/../lib/gcc/avr/4.5.1/../../../../avr/lib/avr5\libm.a(floatsisf.o)
 .bss           0x00800536        0x0 d:/program files (x86)/atmel/avr studio 5.1/extensions/atmel/avrgcc/3.3.1.27/avrtoolchain/bin/../lib/gcc/avr/4.5.1/../../../../avr/lib/avr5\libm.a(fp_cmp.o)
 .bss           0x00800536        0x0 d:/program files (x86)/atmel/avr studio 5.1/extensions/atmel/avrgcc/3.3.1.27/avrtoolchain/bin/../lib/gcc/avr/4.5.1/../../../../avr/lib/avr5\libm.a(fp_inf.o)
 .bss           0x00800536        0x0 d:/program files (x86)/atmel/avr studio 5.1/extensions/atmel/avrgcc/3.3.1.27/avrtoolchain/bin/../lib/gcc/avr/4.5.1/../../../../avr/lib/avr5\libm.a(fp_nan.o)
 .bss           0x00800536        0x0 d:/program files (x86)/atmel/avr studio 5.1/extensions/atmel/avrgcc/3.3.1.27/avrtoolchain/bin/../lib/gcc/avr/4.5.1/../../../../avr/lib/avr5\libm.a(fp_pscA.o)
 .bss           0x00800536        0x0 d:/program files (x86)/atmel/avr studio 5.1/extensions/atmel/avrgcc/3.3.1.27/avrtoolchain/bin/../lib/gcc/avr/4.5.1/../../../../avr/lib/avr5\libm.a(fp_pscB.o)
 .bss           0x00800536        0x0 d:/program files (x86)/atmel/avr studio 5.1/extensions/atmel/avrgcc/3.3.1.27/avrtoolchain/bin/../lib/gcc/avr/4.5.1/../../../../avr/lib/avr5\libm.a(fp_round.o)
 .bss           0x00800536        0x0 d:/program files (x86)/atmel/avr studio 5.1/extensions/atmel/avrgcc/3.3.1.27/avrtoolchain/bin/../lib/gcc/avr/4.5.1/../../../../avr/lib/avr5\libm.a(fp_split3.o)
 .bss           0x00800536        0x0 d:/program files (x86)/atmel/avr studio 5.1/extensions/atmel/avrgcc/3.3.1.27/avrtoolchain/bin/../lib/gcc/avr/4.5.1/../../../../avr/lib/avr5\libm.a(fp_zero.o)
 .bss           0x00800536        0x0 d:/program files (x86)/atmel/avr studio 5.1/extensions/atmel/avrgcc/3.3.1.27/avrtoolchain/bin/../lib/gcc/avr/4.5.1/../../../../avr/lib/avr5\libm.a(gesf2.o)
 .bss           0x00800536        0x0 d:/program files (x86)/atmel/avr studio 5.1/extensions/atmel/avrgcc/3.3.1.27/avrtoolchain/bin/../lib/gcc/avr/4.5.1/../../../../avr/lib/avr5\libm.a(mulsf3.o)
 .bss           0x00800536        0x0 d:/program files (x86)/atmel/avr studio 5.1/extensions/atmel/avrgcc/3.3.1.27/avrtoolchain/bin/../lib/gcc/avr/4.5.1/../../../../avr/lib/avr5\libm.a(mulsf3x.o)
 .bss           0x00800536        0x0 d:/program files (x86)/atmel/avr studio 5.1/extensions/atmel/avrgcc/3.3.1.27/avrtoolchain/bin/../lib/gcc/avr/4.5.1/avr5\libgcc.a(_udivmodhi4.o)
 .bss           0x00800536        0x0 d:/program files (x86)/atmel/avr studio 5.1/extensions/atmel/avrgcc/3.3.1.27/avrtoolchain/bin/../lib/gcc/avr/4.5.1/avr5\libgcc.a(_divmodhi4.o)
 .bss           0x00800536        0x0 d:/program files (x86)/atmel/avr studio 5.1/extensions/atmel/avrgcc/3.3.1.27/avrtoolchain/bin/../lib/gcc/avr/4.5.1/avr5\libgcc.a(_exit.o)
 .bss           0x00800536        0x0 d:/program files (x86)/atmel/avr studio 5.1/extensions/atmel/avrgcc/3.3.1.27/avrtoolchain/bin/../lib/gcc/avr/4.5.1/avr5\libgcc.a(_copy_data.o)
 .bss           0x00800536        0x0 d:/program files (x86)/atmel/avr studio 5.1/extensions/atmel/avrgcc/3.3.1.27/avrtoolchain/bin/../lib/gcc/avr/4.5.1/avr5\libgcc.a(_clear_bss.o)
 .bss           0x00800536        0x0 d:/program files (x86)/atmel/avr studio 5.1/extensions/atmel/avrgcc/3.3.1.27/avrtoolchain/bin/../lib/gcc/avr/4.5.1/../../../../avr/lib/avr5\libc.a(abs.o)
 .bss           0x00800536        0x0 d:/program files (x86)/atmel/avr studio 5.1/extensions/atmel/avrgcc/3.3.1.27/avrtoolchain/bin/../lib/gcc/avr/4.5.1/../../../../avr/lib/avr5\libc.a(dtostrf.o)
 .bss           0x00800536        0x0 d:/program files (x86)/atmel/avr studio 5.1/extensions/atmel/avrgcc/3.3.1.27/avrtoolchain/bin/../lib/gcc/avr/4.5.1/../../../../avr/lib/avr5\libc.a(memcpy_P.o)
 .bss           0x00800536        0x0 d:/program files (x86)/atmel/avr studio 5.1/extensions/atmel/avrgcc/3.3.1.27/avrtoolchain/bin/../lib/gcc/avr/4.5.1/../../../../avr/lib/avr5\libc.a(strcpy_P.o)
 .bss           0x00800536        0x0 d:/program files (x86)/atmel/avr studio 5.1/extensions/atmel/avrgcc/3.3.1.27/avrtoolchain/bin/../lib/gcc/avr/4.5.1/../../../../avr/lib/avr5\libc.a(strlen_P.o)
 .bss           0x00800536        0x0 d:/program files (x86)/atmel/avr studio 5.1/extensions/atmel/avrgcc/3.3.1.27/avrtoolchain/bin/../lib/gcc/avr/4.5.1/../../../../avr/lib/avr5\libc.a(memcpy.o)
 .bss           0x00800536        0x0 d:/program files (x86)/atmel/avr studio 5.1/extensions/atmel/avrgcc/3.3.1.27/avrtoolchain/bin/../lib/gcc/avr/4.5.1/../../../../avr/lib/avr5\libc.a(strcat.o)
 .bss           0x00800536        0x0 d:/program files (x86)/atmel/avr studio 5.1/extensions/atmel/avrgcc/3.3.1.27/avrtoolchain/bin/../lib/gcc/avr/4.5.1/../../../../avr/lib/avr5\libc.a(itoa.o)
 .bss           0x00800536        0x0 d:/program files (x86)/atmel/avr studio 5.1/extensions/atmel/avrgcc/3.3.1.27/avrtoolchain/bin/../lib/gcc/avr/4.5.1/../../../../avr/lib/avr5\libc.a(utoa.o)
 .bss           0x00800536        0x0 d:/program files (x86)/atmel/avr studio 5.1/extensions/atmel/avrgcc/3.3.1.27/avrtoolchain/bin/../lib/gcc/avr/4.5.1/../../../../avr/lib/avr5\libc.a(eerd_block_atmega324pa.o)
 .bss           0x00800536        0x0 d:/program files (x86)/atmel/avr studio 5.1/extensions/atmel/avrgcc/3.3.1.27/avrtoolchain/bin/../lib/gcc/avr/4.5.1/../../../../avr/lib/avr5\libc.a(eerd_byte_atmega324pa.o)
 .bss           0x00800536        0x0 d:/program files (x86)/atmel/avr studio 5.1/extensions/atmel/avrgcc/3.3.1.27/avrtoolchain/bin/../lib/gcc/avr/4.5.1/../../../../avr/lib/avr5\libc.a(eewr_byte_atmega324pa.o)
 .bss           0x00800536        0x0 d:/program files (x86)/atmel/avr studio 5.1/extensions/atmel/avrgcc/3.3.1.27/avrtoolchain/bin/../lib/gcc/avr/4.5.1/../../../../avr/lib/avr5\libc.a(dtoa_prf.o)
 .bss           0x00800536        0x0 d:/program files (x86)/atmel/avr studio 5.1/extensions/atmel/avrgcc/3.3.1.27/avrtoolchain/bin/../lib/gcc/avr/4.5.1/../../../../avr/lib/avr5\libc.a(ftoa_engine.o)
 .bss           0x00800536        0x0 d:/program files (x86)/atmel/avr studio 5.1/extensions/atmel/avrgcc/3.3.1.27/avrtoolchain/bin/../lib/gcc/avr/4.5.1/../../../../avr/lib/avr5\libc.a(strrev.o)
 .bss           0x00800536        0x0 d:/program files (x86)/atmel/avr studio 5.1/extensions/atmel/avrgcc/3.3.1.27/avrtoolchain/bin/../lib/gcc/avr/4.5.1/avr5\libgcc.a(_prologue.o)
 .bss           0x00800536        0x0 d:/program files (x86)/atmel/avr studio 5.1/extensions/atmel/avrgcc/3.3.1.27/avrtoolchain/bin/../lib/gcc/avr/4.5.1/avr5\libgcc.a(_epilogue.o)
 *(.bss*)
 *(COMMON)
 COMMON         0x00800536      0x25d Accessories/KeyBoard.o
                0x00800536                NavX
                0x0080053a                ACC_Roll_Offset
                0x0080053b                SystemActions
                0x0080053c                PID_AccTerms
                0x00800584                MotorOut
                0x0080058c                nResult
                0x0080059c                Result
                0x008005a4                gyroRoll
                0x008005a6                TCNT0_X
                0x008005a8                _mykey
                0x008005a9                TCNT2_X
                0x008005ab                lastKeys
                0x008005ac                RX_Snapshot
                0x008005b6                nTemp16
                0x008005b8                ActiveRXIndex
                0x008005b9                _keyrepeat
                0x008005ba                RX_Length
                0x008005ce                CompGyroPitch
                0x008005d2                UIEnableStickCommands
                0x008005d3                ACC_Pitch_Offset
                0x008005d4                TCNT1_X_snapshot1
                0x008005d6                TCNT_X_snapshot2
                0x008005d8                sXDeg
                0x008005ec                NavY
                0x008005f0                RX_Latest
                0x00800604                AnglePitch
                0x00800608                nFlyingModes
                0x00800609                TCNT_X_snapshotAutoDisarm
                0x0080060b                CompGyroZ
                0x0080060f                RX_MAX_raw
                0x00800623                gyroPitch
                0x00800625                CompAccZ
                0x00800629                Sensors_Latest
                0x00800639                RX_Snapshot_1
                0x00800643                bResetTCNR1_X
                0x00800644                Landing
                0x00800648                CurrentTCNT1_X
                0x0080064a                AngleZ
                0x0080064e                TCNT1_X
                0x00800650                CompGyroRoll
                0x00800654                PID_GyroTerms
                0x0080069c                AltDiff
                0x008006a0                RX_MIN_raw
                0x008006b4                _TXKeys
                0x008006b5                SystemErrorType
                0x008006b6                Sensors_dt
                0x008006b8                LastAltitudeHold
                0x008006ba                AngleRoll
                0x008006be                UpdateServo
                0x008006bf                gyroYaw
                0x008006c1                PID_SonarTerms
                0x008006d9                Config
                0x00800792                IsArmed
 COMMON         0x00800793       0x19 Core/UART.o
                0x00800793                DataCounter
                0x00800794                DisplayBuffer
                0x0080079e                RXChar
                0x0080079f                LastRXTime
                0x008007a1                DataPtr
                0x008007a3                RXBuffer
 COMMON         0x008007ac       0x1c HefnyCopter2.o
                0x008007ac                menuEnabled
                0x008007bd                editHiLimit
                0x008007bf                editValuePtr
                0x008007c1                editValueType
                0x008007c2                editMode
                0x008007c3                editLoLimit
                0x008007c5                RX_Good
                0x008007c6                editValue
 COMMON         0x008007c8       0x15 Motor.o
                0x008007c8                ElapsedTCNT2
                0x008007ca                m4
                0x008007cc                m2
                0x008007ce                MotorStartTCNT
                0x008007d0                tempTCNT2
                0x008007d1                i
                0x008007d3                PMW_Pulse_Interval
                0x008007d5                m1
                0x008007d7                tempTCNT1
                0x008007d9                m3
                0x008007db                CurrentTCNT2
 COMMON         0x008007dd       0x23 Receiver.o
                0x008007dd                RX2_LastValidSignal_timestampAux
                0x008007df                ShortTime
                0x008007e1                RX2_LastValidSignal_timestamp
                0x008007e3                RX1_LastValidSignal_timestamp
                0x008007e5                RX1_LastValidSignal_timestampAux
                0x008007e7                iTemp16
                0x008007e9                OldPortCValue
                0x008007ea                LongTime
                0x008007ec                RX_raw
 COMMON         0x00800800       0x10 Sensors/ADC_PORT.o
                0x00800800                ADCValues
 COMMON         0x00800810        0x1 UI/menu.o
                0x00800810                bError
                0x00800811                PROVIDE (__bss_end, .)
                0x00007900                __data_load_start = LOADADDR (.data)
                0x00007914                __data_load_end = (__data_load_start + SIZEOF (.data))

.noinit         0x00800811        0x0
                0x00800811                PROVIDE (__noinit_start, .)
 *(.noinit*)
                0x00800811                PROVIDE (__noinit_end, .)
                0x00800811                _end = .
                0x00800811                PROVIDE (__heap_start, .)

.eeprom         0x00810000        0x0
 *(.eeprom*)
                0x00810000                __eeprom_end = .

.fuse
 *(.fuse)
 *(.lfuse)
 *(.hfuse)
 *(.efuse)

.lock
 *(.lock*)

.signature
 *(.signature*)

.stab           0x00000000     0x3744
 *(.stab)
 .stab          0x00000000      0x6cc d:/program files (x86)/atmel/avr studio 5.1/extensions/atmel/avrgcc/3.3.1.27/avrtoolchain/bin/../lib/gcc/avr/4.5.1/../../../../avr/lib/avr5/crtm324pa.o
 .stab          0x000006cc       0x78 d:/program files (x86)/atmel/avr studio 5.1/extensions/atmel/avrgcc/3.3.1.27/avrtoolchain/bin/../lib/gcc/avr/4.5.1/../../../../avr/lib/avr5\libm.a(addsf3.o)
                                 0x84 (size before relaxing)
 .stab          0x00000744      0x4bc d:/program files (x86)/atmel/avr studio 5.1/extensions/atmel/avrgcc/3.3.1.27/avrtoolchain/bin/../lib/gcc/avr/4.5.1/../../../../avr/lib/avr5\libm.a(addsf3x.o)
                                0x4c8 (size before relaxing)
 .stab          0x00000c00       0x90 d:/program files (x86)/atmel/avr studio 5.1/extensions/atmel/avrgcc/3.3.1.27/avrtoolchain/bin/../lib/gcc/avr/4.5.1/../../../../avr/lib/avr5\libm.a(cmpsf2.o)
                                 0x9c (size before relaxing)
 .stab          0x00000c90       0x48 d:/program files (x86)/atmel/avr studio 5.1/extensions/atmel/avrgcc/3.3.1.27/avrtoolchain/bin/../lib/gcc/avr/4.5.1/../../../../avr/lib/avr5\libm.a(divsf3.o)
                                 0x54 (size before relaxing)
 .stab          0x00000cd8      0x510 d:/program files (x86)/atmel/avr studio 5.1/extensions/atmel/avrgcc/3.3.1.27/avrtoolchain/bin/../lib/gcc/avr/4.5.1/../../../../avr/lib/avr5\libm.a(divsf3x.o)
                                0x51c (size before relaxing)
 .stab          0x000011e8       0x6c d:/program files (x86)/atmel/avr studio 5.1/extensions/atmel/avrgcc/3.3.1.27/avrtoolchain/bin/../lib/gcc/avr/4.5.1/../../../../avr/lib/avr5\libm.a(fixsfsi.o)
                                 0x78 (size before relaxing)
 .stab          0x00001254      0x240 d:/program files (x86)/atmel/avr studio 5.1/extensions/atmel/avrgcc/3.3.1.27/avrtoolchain/bin/../lib/gcc/avr/4.5.1/../../../../avr/lib/avr5\libm.a(fixunssfsi.o)
                                0x24c (size before relaxing)
 .stab          0x00001494      0x318 d:/program files (x86)/atmel/avr studio 5.1/extensions/atmel/avrgcc/3.3.1.27/avrtoolchain/bin/../lib/gcc/avr/4.5.1/../../../../avr/lib/avr5\libm.a(floatsisf.o)
                                0x324 (size before relaxing)
 .stab          0x000017ac      0x1e0 d:/program files (x86)/atmel/avr studio 5.1/extensions/atmel/avrgcc/3.3.1.27/avrtoolchain/bin/../lib/gcc/avr/4.5.1/../../../../avr/lib/avr5\libm.a(fp_cmp.o)
                                0x1ec (size before relaxing)
 .stab          0x0000198c       0x78 d:/program files (x86)/atmel/avr studio 5.1/extensions/atmel/avrgcc/3.3.1.27/avrtoolchain/bin/../lib/gcc/avr/4.5.1/../../../../avr/lib/avr5\libm.a(fp_inf.o)
                                 0x84 (size before relaxing)
 .stab          0x00001a04       0x54 d:/program files (x86)/atmel/avr studio 5.1/extensions/atmel/avrgcc/3.3.1.27/avrtoolchain/bin/../lib/gcc/avr/4.5.1/../../../../avr/lib/avr5\libm.a(fp_nan.o)
                                 0x60 (size before relaxing)
 .stab          0x00001a58       0x84 d:/program files (x86)/atmel/avr studio 5.1/extensions/atmel/avrgcc/3.3.1.27/avrtoolchain/bin/../lib/gcc/avr/4.5.1/../../../../avr/lib/avr5\libm.a(fp_pscA.o)
                                 0x90 (size before relaxing)
 .stab          0x00001adc       0x84 d:/program files (x86)/atmel/avr studio 5.1/extensions/atmel/avrgcc/3.3.1.27/avrtoolchain/bin/../lib/gcc/avr/4.5.1/../../../../avr/lib/avr5\libm.a(fp_pscB.o)
                                 0x90 (size before relaxing)
 .stab          0x00001b60       0xfc d:/program files (x86)/atmel/avr studio 5.1/extensions/atmel/avrgcc/3.3.1.27/avrtoolchain/bin/../lib/gcc/avr/4.5.1/../../../../avr/lib/avr5\libm.a(fp_round.o)
                                0x108 (size before relaxing)
 .stab          0x00001c5c      0x1d4 d:/program files (x86)/atmel/avr studio 5.1/extensions/atmel/avrgcc/3.3.1.27/avrtoolchain/bin/../lib/gcc/avr/4.5.1/../../../../avr/lib/avr5\libm.a(fp_split3.o)
                                0x1e0 (size before relaxing)
 .stab          0x00001e30       0x90 d:/program files (x86)/atmel/avr studio 5.1/extensions/atmel/avrgcc/3.3.1.27/avrtoolchain/bin/../lib/gcc/avr/4.5.1/../../../../avr/lib/avr5\libm.a(fp_zero.o)
                                 0x9c (size before relaxing)
 .stab          0x00001ec0       0x6c d:/program files (x86)/atmel/avr studio 5.1/extensions/atmel/avrgcc/3.3.1.27/avrtoolchain/bin/../lib/gcc/avr/4.5.1/../../../../avr/lib/avr5\libm.a(gesf2.o)
                                 0x78 (size before relaxing)
 .stab          0x00001f2c       0x48 d:/program files (x86)/atmel/avr studio 5.1/extensions/atmel/avrgcc/3.3.1.27/avrtoolchain/bin/../lib/gcc/avr/4.5.1/../../../../avr/lib/avr5\libm.a(mulsf3.o)
                                 0x54 (size before relaxing)
 .stab          0x00001f74      0x4d4 d:/program files (x86)/atmel/avr studio 5.1/extensions/atmel/avrgcc/3.3.1.27/avrtoolchain/bin/../lib/gcc/avr/4.5.1/../../../../avr/lib/avr5\libm.a(mulsf3x.o)
                                0x4e0 (size before relaxing)
 .stab          0x00002448       0x84 d:/program files (x86)/atmel/avr studio 5.1/extensions/atmel/avrgcc/3.3.1.27/avrtoolchain/bin/../lib/gcc/avr/4.5.1/../../../../avr/lib/avr5\libc.a(memcpy_P.o)
                                 0x90 (size before relaxing)
 .stab          0x000024cc       0x6c d:/program files (x86)/atmel/avr studio 5.1/extensions/atmel/avrgcc/3.3.1.27/avrtoolchain/bin/../lib/gcc/avr/4.5.1/../../../../avr/lib/avr5\libc.a(strcpy_P.o)
                                 0x78 (size before relaxing)
 .stab          0x00002538       0x84 d:/program files (x86)/atmel/avr studio 5.1/extensions/atmel/avrgcc/3.3.1.27/avrtoolchain/bin/../lib/gcc/avr/4.5.1/../../../../avr/lib/avr5\libc.a(strlen_P.o)
                                 0x90 (size before relaxing)
 .stab          0x000025bc       0x84 d:/program files (x86)/atmel/avr studio 5.1/extensions/atmel/avrgcc/3.3.1.27/avrtoolchain/bin/../lib/gcc/avr/4.5.1/../../../../avr/lib/avr5\libc.a(memcpy.o)
                                 0x90 (size before relaxing)
 .stab          0x00002640       0x9c d:/program files (x86)/atmel/avr studio 5.1/extensions/atmel/avrgcc/3.3.1.27/avrtoolchain/bin/../lib/gcc/avr/4.5.1/../../../../avr/lib/avr5\libc.a(strcat.o)
                                 0xa8 (size before relaxing)
 .stab          0x000026dc      0x1b0 d:/program files (x86)/atmel/avr studio 5.1/extensions/atmel/avrgcc/3.3.1.27/avrtoolchain/bin/../lib/gcc/avr/4.5.1/../../../../avr/lib/avr5\libc.a(itoa.o)
                                0x1bc (size before relaxing)
 .stab          0x0000288c      0x12c d:/program files (x86)/atmel/avr studio 5.1/extensions/atmel/avrgcc/3.3.1.27/avrtoolchain/bin/../lib/gcc/avr/4.5.1/../../../../avr/lib/avr5\libc.a(utoa.o)
                                0x138 (size before relaxing)
 .stab          0x000029b8      0x108 d:/program files (x86)/atmel/avr studio 5.1/extensions/atmel/avrgcc/3.3.1.27/avrtoolchain/bin/../lib/gcc/avr/4.5.1/../../../../avr/lib/avr5\libc.a(eerd_block_atmega324pa.o)
                                0x114 (size before relaxing)
 .stab          0x00002ac0       0x90 d:/program files (x86)/atmel/avr studio 5.1/extensions/atmel/avrgcc/3.3.1.27/avrtoolchain/bin/../lib/gcc/avr/4.5.1/../../../../avr/lib/avr5\libc.a(eerd_byte_atmega324pa.o)
                                 0x9c (size before relaxing)
 .stab          0x00002b50       0xe4 d:/program files (x86)/atmel/avr studio 5.1/extensions/atmel/avrgcc/3.3.1.27/avrtoolchain/bin/../lib/gcc/avr/4.5.1/../../../../avr/lib/avr5\libc.a(eewr_byte_atmega324pa.o)
                                 0xf0 (size before relaxing)
 .stab          0x00002c34      0xa38 d:/program files (x86)/atmel/avr studio 5.1/extensions/atmel/avrgcc/3.3.1.27/avrtoolchain/bin/../lib/gcc/avr/4.5.1/../../../../avr/lib/avr5\libc.a(ftoa_engine.o)
                                0xa44 (size before relaxing)
 .stab          0x0000366c       0xd8 d:/program files (x86)/atmel/avr studio 5.1/extensions/atmel/avrgcc/3.3.1.27/avrtoolchain/bin/../lib/gcc/avr/4.5.1/../../../../avr/lib/avr5\libc.a(strrev.o)
                                 0xe4 (size before relaxing)

.stabstr        0x00000000      0xddf
 *(.stabstr)
 .stabstr       0x00000000      0xddf d:/program files (x86)/atmel/avr studio 5.1/extensions/atmel/avrgcc/3.3.1.27/avrtoolchain/bin/../lib/gcc/avr/4.5.1/../../../../avr/lib/avr5/crtm324pa.o

.stab.excl
 *(.stab.excl)

.stab.exclstr
 *(.stab.exclstr)

.stab.index
 *(.stab.index)

.stab.indexstr
 *(.stab.indexstr)

.comment
 *(.comment)

.debug
 *(.debug)

.line
 *(.line)

.debug_srcinfo
 *(.debug_srcinfo)

.debug_sfnames
 *(.debug_sfnames)

.debug_aranges  0x00000000      0x338
 *(.debug_aranges)
 .debug_aranges
                0x00000000       0x20 Accessories/Beeper.o
 .debug_aranges
                0x00000020       0x20 Accessories/KeyBoard.o
 .debug_aranges
                0x00000040       0x28 Accessories/LCD.o
 .debug_aranges
                0x00000068       0x20 Accessories/LED.o
 .debug_aranges
                0x00000088       0x20 Accessories/Misc.o
 .debug_aranges
                0x000000a8       0x20 Accessories/Ultrasonic.o
 .debug_aranges
                0x000000c8       0x20 Arming.o
 .debug_aranges
                0x000000e8       0x20 Core/eepROM.o
 .debug_aranges
                0x00000108       0x20 Core/Timer.o
 .debug_aranges
                0x00000128       0x20 Core/UART.o
 .debug_aranges
                0x00000148       0x20 GFX/font12x16.o
 .debug_aranges
                0x00000168       0x20 GFX/font6x8.o
 .debug_aranges
                0x00000188       0x20 HefnyCopter2.o
 .debug_aranges
                0x000001a8       0x20 IMU/PID.o
 .debug_aranges
                0x000001c8       0x20 IMU/IMU.o
 .debug_aranges
                0x000001e8       0x20 Math/Math.o
 .debug_aranges
                0x00000208       0x20 Motor.o
 .debug_aranges
                0x00000228       0x50 Receiver.o
 .debug_aranges
                0x00000278       0x20 Sensors/Sensors.o
 .debug_aranges
                0x00000298       0x20 Sensors/ADC_PORT.o
 .debug_aranges
                0x000002b8       0x20 UI/menu.o
 .debug_aranges
                0x000002d8       0x20 d:/program files (x86)/atmel/avr studio 5.1/extensions/atmel/avrgcc/3.3.1.27/avrtoolchain/bin/../lib/gcc/avr/4.5.1/../../../../avr/lib/avr5\libc.a(abs.o)
 .debug_aranges
                0x000002f8       0x20 d:/program files (x86)/atmel/avr studio 5.1/extensions/atmel/avrgcc/3.3.1.27/avrtoolchain/bin/../lib/gcc/avr/4.5.1/../../../../avr/lib/avr5\libc.a(dtostrf.o)
 .debug_aranges
                0x00000318       0x20 d:/program files (x86)/atmel/avr studio 5.1/extensions/atmel/avrgcc/3.3.1.27/avrtoolchain/bin/../lib/gcc/avr/4.5.1/../../../../avr/lib/avr5\libc.a(dtoa_prf.o)

.debug_pubnames
                0x00000000     0x39c8
 *(.debug_pubnames)
 .debug_pubnames
                0x00000000      0x507 Accessories/LCD.o
 .debug_pubnames
                0x00000507       0x29 Accessories/LED.o
 .debug_pubnames
                0x00000530       0x2c Accessories/Misc.o
 .debug_pubnames
                0x0000055c      0x325 Accessories/Ultrasonic.o
 .debug_pubnames
                0x00000881      0x324 Arming.o
 .debug_pubnames
                0x00000ba5      0x3e3 Core/eepROM.o
 .debug_pubnames
                0x00000f88      0x340 Core/Timer.o
 .debug_pubnames
                0x000012c8      0x3d0 Core/UART.o
 .debug_pubnames
                0x00001698       0x20 GFX/font12x16.o
 .debug_pubnames
                0x000016b8       0x1e GFX/font6x8.o
 .debug_pubnames
                0x000016d6       0x1c GFX/Fonts.o
 .debug_pubnames
                0x000016f2       0x59 GFX/glyphs.o
 .debug_pubnames
                0x0000174b       0x1e GFX/logo.o
 .debug_pubnames
                0x00001769      0x48d HefnyCopter2.o
 .debug_pubnames
                0x00001bf6      0x345 IMU/PID.o
 .debug_pubnames
                0x00001f3b      0x349 IMU/IMU.o
 .debug_pubnames
                0x00002284       0x5e Math/Math.o
 .debug_pubnames
                0x000022e2      0x3ba Motor.o
 .debug_pubnames
                0x0000269c      0x541 Receiver.o
 .debug_pubnames
                0x00002bdd      0x373 Sensors/Sensors.o
 .debug_pubnames
                0x00002f50      0x350 Sensors/ADC_PORT.o
 .debug_pubnames
                0x000032a0      0x6c7 UI/menu.o
 .debug_pubnames
                0x00003967       0x24 d:/program files (x86)/atmel/avr studio 5.1/extensions/atmel/avrgcc/3.3.1.27/avrtoolchain/bin/../lib/gcc/avr/4.5.1/../../../../avr/lib/avr5\libc.a(abs.o)
 .debug_pubnames
                0x0000398b       0x1e d:/program files (x86)/atmel/avr studio 5.1/extensions/atmel/avrgcc/3.3.1.27/avrtoolchain/bin/../lib/gcc/avr/4.5.1/../../../../avr/lib/avr5\libc.a(dtostrf.o)
 .debug_pubnames
                0x000039a9       0x1f d:/program files (x86)/atmel/avr studio 5.1/extensions/atmel/avrgcc/3.3.1.27/avrtoolchain/bin/../lib/gcc/avr/4.5.1/../../../../avr/lib/avr5\libc.a(dtoa_prf.o)

.debug_info     0x00000000     0xd1be
 *(.debug_info)
 .debug_info    0x00000000      0x15b Accessories/Beeper.o
 .debug_info    0x0000015b      0x90a Accessories/KeyBoard.o
 .debug_info    0x00000a65     0x14d5 Accessories/LCD.o
 .debug_info    0x00001f3a      0x175 Accessories/LED.o
 .debug_info    0x000020af       0xcb Accessories/Misc.o
 .debug_info    0x0000217a      0x89d Accessories/Ultrasonic.o
 .debug_info    0x00002a17      0xd06 Arming.o
 .debug_info    0x0000371d      0x950 Core/eepROM.o
 .debug_info    0x0000406d      0x846 Core/Timer.o
 .debug_info    0x000048b3      0xb39 Core/UART.o
 .debug_info    0x000053ec      0x157 GFX/font12x16.o
 .debug_info    0x00005543      0x157 GFX/font6x8.o
 .debug_info    0x0000569a      0x147 GFX/Fonts.o
 .debug_info    0x000057e1      0x12e GFX/glyphs.o
 .debug_info    0x0000590f       0xe6 GFX/logo.o
 .debug_info    0x000059f5     0x14a3 HefnyCopter2.o
 .debug_info    0x00006e98        0x0 IMU/DCM.o
 .debug_info    0x00006e98      0x91c IMU/PID.o
 .debug_info    0x000077b4      0xbaf IMU/IMU.o
 .debug_info    0x00008363        0x0 IMU/Kalman.o
 .debug_info    0x00008363      0x2c6 Math/Math.o
 .debug_info    0x00008629      0xac6 Motor.o
 .debug_info    0x000090ef      0xe74 Receiver.o
 .debug_info    0x00009f63      0xab8 Sensors/Sensors.o
 .debug_info    0x0000aa1b      0x915 Sensors/ADC_PORT.o
 .debug_info    0x0000b330     0x1c11 UI/menu.o
 .debug_info    0x0000cf41       0x66 d:/program files (x86)/atmel/avr studio 5.1/extensions/atmel/avrgcc/3.3.1.27/avrtoolchain/bin/../lib/gcc/avr/4.5.1/../../../../avr/lib/avr5\libc.a(abs.o)
 .debug_info    0x0000cfa7       0xdb d:/program files (x86)/atmel/avr studio 5.1/extensions/atmel/avrgcc/3.3.1.27/avrtoolchain/bin/../lib/gcc/avr/4.5.1/../../../../avr/lib/avr5\libc.a(dtostrf.o)
 .debug_info    0x0000d082      0x13c d:/program files (x86)/atmel/avr studio 5.1/extensions/atmel/avrgcc/3.3.1.27/avrtoolchain/bin/../lib/gcc/avr/4.5.1/../../../../avr/lib/avr5\libc.a(dtoa_prf.o)
 *(.gnu.linkonce.wi.*)

.debug_abbrev   0x00000000     0x24e0
 *(.debug_abbrev)
 .debug_abbrev  0x00000000       0x95 Accessories/Beeper.o
 .debug_abbrev  0x00000095      0x160 Accessories/KeyBoard.o
 .debug_abbrev  0x000001f5      0x3a1 Accessories/LCD.o
 .debug_abbrev  0x00000596       0xa6 Accessories/LED.o
 .debug_abbrev  0x0000063c       0x7f Accessories/Misc.o
 .debug_abbrev  0x000006bb      0x106 Accessories/Ultrasonic.o
 .debug_abbrev  0x000007c1      0x180 Arming.o
 .debug_abbrev  0x00000941      0x177 Core/eepROM.o
 .debug_abbrev  0x00000ab8      0x104 Core/Timer.o
 .debug_abbrev  0x00000bbc      0x20e Core/UART.o
 .debug_abbrev  0x00000dca       0xcd GFX/font12x16.o
 .debug_abbrev  0x00000e97       0xcd GFX/font6x8.o
 .debug_abbrev  0x00000f64       0xa9 GFX/Fonts.o
 .debug_abbrev  0x0000100d       0x7b GFX/glyphs.o
 .debug_abbrev  0x00001088       0x7b GFX/logo.o
 .debug_abbrev  0x00001103      0x291 HefnyCopter2.o
 .debug_abbrev  0x00001394        0x1 IMU/DCM.o
 .debug_abbrev  0x00001395      0x17d IMU/PID.o
 .debug_abbrev  0x00001512      0x1ed IMU/IMU.o
 .debug_abbrev  0x000016ff        0x1 IMU/Kalman.o
 .debug_abbrev  0x00001700      0x136 Math/Math.o
 .debug_abbrev  0x00001836      0x1dd Motor.o
 .debug_abbrev  0x00001a13      0x23a Receiver.o
 .debug_abbrev  0x00001c4d      0x255 Sensors/Sensors.o
 .debug_abbrev  0x00001ea2      0x1d4 Sensors/ADC_PORT.o
 .debug_abbrev  0x00002076      0x2f7 UI/menu.o
 .debug_abbrev  0x0000236d       0x53 d:/program files (x86)/atmel/avr studio 5.1/extensions/atmel/avrgcc/3.3.1.27/avrtoolchain/bin/../lib/gcc/avr/4.5.1/../../../../avr/lib/avr5\libc.a(abs.o)
 .debug_abbrev  0x000023c0       0x79 d:/program files (x86)/atmel/avr studio 5.1/extensions/atmel/avrgcc/3.3.1.27/avrtoolchain/bin/../lib/gcc/avr/4.5.1/../../../../avr/lib/avr5\libc.a(dtostrf.o)
 .debug_abbrev  0x00002439       0xa7 d:/program files (x86)/atmel/avr studio 5.1/extensions/atmel/avrgcc/3.3.1.27/avrtoolchain/bin/../lib/gcc/avr/4.5.1/../../../../avr/lib/avr5\libc.a(dtoa_prf.o)

.debug_line     0x00000000     0x6447
 *(.debug_line)
 .debug_line    0x00000000      0x129 Accessories/Beeper.o
 .debug_line    0x00000129      0x151 Accessories/KeyBoard.o
 .debug_line    0x0000027a      0x88d Accessories/LCD.o
 .debug_line    0x00000b07      0x178 Accessories/LED.o
 .debug_line    0x00000c7f      0x186 Accessories/Misc.o
 .debug_line    0x00000e05      0x184 Accessories/Ultrasonic.o
 .debug_line    0x00000f89      0x28b Arming.o
 .debug_line    0x00001214      0x2d5 Core/eepROM.o
 .debug_line    0x000014e9      0x1a6 Core/Timer.o
 .debug_line    0x0000168f      0x3fd Core/UART.o
 .debug_line    0x00001a8c      0x1cf GFX/font12x16.o
 .debug_line    0x00001c5b      0x1cd GFX/font6x8.o
 .debug_line    0x00001e28      0x1b0 GFX/Fonts.o
 .debug_line    0x00001fd8      0x1b2 GFX/glyphs.o
 .debug_line    0x0000218a      0x1b0 GFX/logo.o
 .debug_line    0x0000233a      0xbf1 HefnyCopter2.o
 .debug_line    0x00002f2b       0x24 IMU/DCM.o
 .debug_line    0x00002f4f      0x265 IMU/PID.o
 .debug_line    0x000031b4      0x49e IMU/IMU.o
 .debug_line    0x00003652       0x24 IMU/Kalman.o
 .debug_line    0x00003676      0x21d Math/Math.o
 .debug_line    0x00003893      0x3ed Motor.o
 .debug_line    0x00003c80      0x7ff Receiver.o
 .debug_line    0x0000447f      0x450 Sensors/Sensors.o
 .debug_line    0x000048cf      0x26f Sensors/ADC_PORT.o
 .debug_line    0x00004b3e     0x1300 UI/menu.o
 .debug_line    0x00005e3e       0xbd d:/program files (x86)/atmel/avr studio 5.1/extensions/atmel/avrgcc/3.3.1.27/avrtoolchain/bin/../lib/gcc/avr/4.5.1/../../../../avr/lib/avr5\libc.a(abs.o)
 .debug_line    0x00005efb       0xc9 d:/program files (x86)/atmel/avr studio 5.1/extensions/atmel/avrgcc/3.3.1.27/avrtoolchain/bin/../lib/gcc/avr/4.5.1/../../../../avr/lib/avr5\libc.a(dtostrf.o)
 .debug_line    0x00005fc4      0x483 d:/program files (x86)/atmel/avr studio 5.1/extensions/atmel/avrgcc/3.3.1.27/avrtoolchain/bin/../lib/gcc/avr/4.5.1/../../../../avr/lib/avr5\libc.a(dtoa_prf.o)

.debug_frame    0x00000000      0xa74
 *(.debug_frame)
 .debug_frame   0x00000000       0x44 Accessories/Beeper.o
 .debug_frame   0x00000044       0x50 Accessories/KeyBoard.o
 .debug_frame   0x00000094      0x1d0 Accessories/LCD.o
 .debug_frame   0x00000264       0x20 Accessories/LED.o
 .debug_frame   0x00000284       0x30 Accessories/Misc.o
 .debug_frame   0x000002b4       0x20 Accessories/Ultrasonic.o
 .debug_frame   0x000002d4       0x30 Arming.o
 .debug_frame   0x00000304       0x80 Core/eepROM.o
 .debug_frame   0x00000384       0x40 Core/Timer.o
 .debug_frame   0x000003c4       0x70 Core/UART.o
 .debug_frame   0x00000434       0x20 GFX/font12x16.o
 .debug_frame   0x00000454       0x20 GFX/font6x8.o
 .debug_frame   0x00000474       0xa0 HefnyCopter2.o
 .debug_frame   0x00000514       0x40 IMU/PID.o
 .debug_frame   0x00000554       0x50 IMU/IMU.o
 .debug_frame   0x000005a4       0x70 Math/Math.o
 .debug_frame   0x00000614       0x20 Motor.o
 .debug_frame   0x00000634      0x100 Receiver.o
 .debug_frame   0x00000734       0x60 Sensors/Sensors.o
 .debug_frame   0x00000794       0x40 Sensors/ADC_PORT.o
 .debug_frame   0x000007d4      0x240 UI/menu.o
 .debug_frame   0x00000a14       0x20 d:/program files (x86)/atmel/avr studio 5.1/extensions/atmel/avrgcc/3.3.1.27/avrtoolchain/bin/../lib/gcc/avr/4.5.1/../../../../avr/lib/avr5\libc.a(abs.o)
 .debug_frame   0x00000a34       0x20 d:/program files (x86)/atmel/avr studio 5.1/extensions/atmel/avrgcc/3.3.1.27/avrtoolchain/bin/../lib/gcc/avr/4.5.1/../../../../avr/lib/avr5\libc.a(dtostrf.o)
 .debug_frame   0x00000a54       0x20 d:/program files (x86)/atmel/avr studio 5.1/extensions/atmel/avrgcc/3.3.1.27/avrtoolchain/bin/../lib/gcc/avr/4.5.1/../../../../avr/lib/avr5\libc.a(dtoa_prf.o)

.debug_str      0x00000000     0x19ce
 *(.debug_str)
 .debug_str     0x00000000       0xf5 Accessories/Beeper.o
                                0x129 (size before relaxing)
 .debug_str     0x000000f5      0x42c Accessories/KeyBoard.o
                                0x56c (size before relaxing)
 .debug_str     0x00000521      0x31f Accessories/LCD.o
                                0x832 (size before relaxing)
 .debug_str     0x00000840       0x40 Accessories/LED.o
                                0x145 (size before relaxing)
 .debug_str     0x00000880       0x24 Accessories/Misc.o
                                 0xf1 (size before relaxing)
 .debug_str     0x000008a4       0x2c Accessories/Ultrasonic.o
                                0x53b (size before relaxing)
 .debug_str     0x000008d0      0x1fa Arming.o
                                0x739 (size before relaxing)
 .debug_str     0x00000aca       0xeb Core/eepROM.o
                                0x5dc (size before relaxing)
 .debug_str     0x00000bb5       0x33 Core/Timer.o
                                0x512 (size before relaxing)
 .debug_str     0x00000be8       0xf4 Core/UART.o
                                0x5e7 (size before relaxing)
 .debug_str     0x00000cdc       0x3e GFX/font12x16.o
                                0x140 (size before relaxing)
 .debug_str     0x00000d1a       0x2e GFX/font6x8.o
                                0x138 (size before relaxing)
 .debug_str     0x00000d48       0x15 GFX/Fonts.o
                                0x11e (size before relaxing)
 .debug_str     0x00000d5d       0x43 GFX/glyphs.o
                                0x12e (size before relaxing)
 .debug_str     0x00000da0       0x16 GFX/logo.o
                                0x101 (size before relaxing)
 .debug_str     0x00000db6      0x2ce HefnyCopter2.o
                                0xa73 (size before relaxing)
 .debug_str     0x00001084       0x5d IMU/PID.o
                                0x549 (size before relaxing)
 .debug_str     0x000010e1       0xc1 IMU/IMU.o
                                0x618 (size before relaxing)
 .debug_str     0x000011a2       0x94 Math/Math.o
                                0x176 (size before relaxing)
 .debug_str     0x00001236       0x7e Motor.o
                                0x5b7 (size before relaxing)
 .debug_str     0x000012b4      0x203 Receiver.o
                                0x74c (size before relaxing)
 .debug_str     0x000014b7       0x8d Sensors/Sensors.o
                                0x60e (size before relaxing)
 .debug_str     0x00001544       0x4c Sensors/ADC_PORT.o
                                0x569 (size before relaxing)
 .debug_str     0x00001590      0x2e7 UI/menu.o
                                0xd0b (size before relaxing)
 .debug_str     0x00001877       0x68 d:/program files (x86)/atmel/avr studio 5.1/extensions/atmel/avrgcc/3.3.1.27/avrtoolchain/bin/../lib/gcc/avr/4.5.1/../../../../avr/lib/avr5\libc.a(abs.o)
                                 0x8a (size before relaxing)
 .debug_str     0x000018df       0x76 d:/program files (x86)/atmel/avr studio 5.1/extensions/atmel/avrgcc/3.3.1.27/avrtoolchain/bin/../lib/gcc/avr/4.5.1/../../../../avr/lib/avr5\libc.a(dtostrf.o)
                                 0xfb (size before relaxing)
 .debug_str     0x00001955       0x79 d:/program files (x86)/atmel/avr studio 5.1/extensions/atmel/avrgcc/3.3.1.27/avrtoolchain/bin/../lib/gcc/avr/4.5.1/../../../../avr/lib/avr5\libc.a(dtoa_prf.o)
                                0x109 (size before relaxing)

.debug_loc      0x00000000     0x219b
 *(.debug_loc)
 .debug_loc     0x00000000       0xcd Accessories/Beeper.o
 .debug_loc     0x000000cd       0x71 Accessories/KeyBoard.o
 .debug_loc     0x0000013e      0x92e Accessories/LCD.o
 .debug_loc     0x00000a6c       0x9d Accessories/LED.o
 .debug_loc     0x00000b09       0x30 Accessories/Misc.o
 .debug_loc     0x00000b39      0x113 Core/eepROM.o
 .debug_loc     0x00000c4c      0x182 Core/UART.o
 .debug_loc     0x00000dce       0x13 GFX/font12x16.o
 .debug_loc     0x00000de1       0x13 GFX/font6x8.o
 .debug_loc     0x00000df4       0x73 HefnyCopter2.o
 .debug_loc     0x00000e67       0x80 IMU/PID.o
 .debug_loc     0x00000ee7      0x17b IMU/IMU.o
 .debug_loc     0x00001062      0x264 Math/Math.o
 .debug_loc     0x000012c6       0x40 Motor.o
 .debug_loc     0x00001306      0x2f2 Receiver.o
 .debug_loc     0x000015f8      0x129 Sensors/Sensors.o
 .debug_loc     0x00001721       0x3e Sensors/ADC_PORT.o
 .debug_loc     0x0000175f      0x402 UI/menu.o
 .debug_loc     0x00001b61       0x18 d:/program files (x86)/atmel/avr studio 5.1/extensions/atmel/avrgcc/3.3.1.27/avrtoolchain/bin/../lib/gcc/avr/4.5.1/../../../../avr/lib/avr5\libc.a(abs.o)
 .debug_loc     0x00001b79       0x90 d:/program files (x86)/atmel/avr studio 5.1/extensions/atmel/avrgcc/3.3.1.27/avrtoolchain/bin/../lib/gcc/avr/4.5.1/../../../../avr/lib/avr5\libc.a(dtostrf.o)
 .debug_loc     0x00001c09      0x592 d:/program files (x86)/atmel/avr studio 5.1/extensions/atmel/avrgcc/3.3.1.27/avrtoolchain/bin/../lib/gcc/avr/4.5.1/../../../../avr/lib/avr5\libc.a(dtoa_prf.o)

.debug_macinfo
 *(.debug_macinfo)
OUTPUT(HefnyCopter 2.elf elf32-avr)
LOAD linker stubs

.debug_pubtypes
                0x00000000      0xab6
 .debug_pubtypes
                0x00000000       0xda Accessories/LCD.o
 .debug_pubtypes
                0x000000da       0x37 Accessories/LED.o
 .debug_pubtypes
                0x00000111       0x2b Accessories/Misc.o
 .debug_pubtypes
                0x0000013c       0x8e Accessories/Ultrasonic.o
 .debug_pubtypes
                0x000001ca       0x9c Arming.o
 .debug_pubtypes
                0x00000266       0x8d Core/eepROM.o
 .debug_pubtypes
                0x000002f3       0x82 Core/Timer.o
 .debug_pubtypes
                0x00000375       0x94 Core/UART.o
 .debug_pubtypes
                0x00000409       0x50 GFX/font12x16.o
 .debug_pubtypes
                0x00000459       0x50 GFX/font6x8.o
 .debug_pubtypes
                0x000004a9       0x41 GFX/Fonts.o
 .debug_pubtypes
                0x000004ea       0x38 GFX/glyphs.o
 .debug_pubtypes
                0x00000522       0x38 GFX/logo.o
 .debug_pubtypes
                0x0000055a       0xc2 HefnyCopter2.o
 .debug_pubtypes
                0x0000061c       0x82 IMU/PID.o
 .debug_pubtypes
                0x0000069e       0x9a IMU/IMU.o
 .debug_pubtypes
                0x00000738       0x2a Math/Math.o
 .debug_pubtypes
                0x00000762       0x8e Motor.o
 .debug_pubtypes
                0x000007f0       0x8e Receiver.o
 .debug_pubtypes
                0x0000087e       0xa9 Sensors/Sensors.o
 .debug_pubtypes
                0x00000927       0x82 Sensors/ADC_PORT.o
 .debug_pubtypes
                0x000009a9       0xd7 UI/menu.o
 .debug_pubtypes
                0x00000a80       0x12 d:/program files (x86)/atmel/avr studio 5.1/extensions/atmel/avrgcc/3.3.1.27/avrtoolchain/bin/../lib/gcc/avr/4.5.1/../../../../avr/lib/avr5\libc.a(abs.o)
 .debug_pubtypes
                0x00000a92       0x12 d:/program files (x86)/atmel/avr studio 5.1/extensions/atmel/avrgcc/3.3.1.27/avrtoolchain/bin/../lib/gcc/avr/4.5.1/../../../../avr/lib/avr5\libc.a(dtostrf.o)
 .debug_pubtypes
                0x00000aa4       0x12 d:/program files (x86)/atmel/avr studio 5.1/extensions/atmel/avrgcc/3.3.1.27/avrtoolchain/bin/../lib/gcc/avr/4.5.1/../../../../avr/lib/avr5\libc.a(dtoa_prf.o)

.debug_ranges   0x00000000      0x118
 .debug_ranges  0x00000000       0x60 Accessories/LCD.o
 .debug_ranges  0x00000060       0x70 Receiver.o
 .debug_ranges  0x000000d0       0x18 UI/menu.o
 .debug_ranges  0x000000e8       0x10 d:/program files (x86)/atmel/avr studio 5.1/extensions/atmel/avrgcc/3.3.1.27/avrtoolchain/bin/../lib/gcc/avr/4.5.1/../../../../avr/lib/avr5\libc.a(abs.o)
 .debug_ranges  0x000000f8       0x10 d:/program files (x86)/atmel/avr studio 5.1/extensions/atmel/avrgcc/3.3.1.27/avrtoolchain/bin/../lib/gcc/avr/4.5.1/../../../../avr/lib/avr5\libc.a(dtostrf.o)
 .debug_ranges  0x00000108       0x10 d:/program files (x86)/atmel/avr studio 5.1/extensions/atmel/avrgcc/3.3.1.27/avrtoolchain/bin/../lib/gcc/avr/4.5.1/../../../../avr/lib/avr5\libc.a(dtoa_prf.o)
