Archive member included because of file (symbol)

d:/program files (x86)/atmel/avr studio 5.1/extensions/atmel/avrgcc/3.3.1.27/avrtoolchain/bin/../lib/gcc/avr/4.5.1/../../../../avr/lib/avr5\libm.a(addsf3.o)
                              HefnyCopter2.o (__subsf3)
d:/program files (x86)/atmel/avr studio 5.1/extensions/atmel/avrgcc/3.3.1.27/avrtoolchain/bin/../lib/gcc/avr/4.5.1/../../../../avr/lib/avr5\libm.a(addsf3x.o)
                              d:/program files (x86)/atmel/avr studio 5.1/extensions/atmel/avrgcc/3.3.1.27/avrtoolchain/bin/../lib/gcc/avr/4.5.1/../../../../avr/lib/avr5\libm.a(addsf3.o) (__addsf3x)
d:/program files (x86)/atmel/avr studio 5.1/extensions/atmel/avrgcc/3.3.1.27/avrtoolchain/bin/../lib/gcc/avr/4.5.1/../../../../avr/lib/avr5\libm.a(cmpsf2.o)
                              IMU/IMU.o (__eqsf2)
d:/program files (x86)/atmel/avr studio 5.1/extensions/atmel/avrgcc/3.3.1.27/avrtoolchain/bin/../lib/gcc/avr/4.5.1/../../../../avr/lib/avr5\libm.a(divsf3.o)
                              IMU/PID.o (__divsf3)
d:/program files (x86)/atmel/avr studio 5.1/extensions/atmel/avrgcc/3.3.1.27/avrtoolchain/bin/../lib/gcc/avr/4.5.1/../../../../avr/lib/avr5\libm.a(divsf3x.o)
                              d:/program files (x86)/atmel/avr studio 5.1/extensions/atmel/avrgcc/3.3.1.27/avrtoolchain/bin/../lib/gcc/avr/4.5.1/../../../../avr/lib/avr5\libm.a(divsf3.o) (__divsf3x)
d:/program files (x86)/atmel/avr studio 5.1/extensions/atmel/avrgcc/3.3.1.27/avrtoolchain/bin/../lib/gcc/avr/4.5.1/../../../../avr/lib/avr5\libm.a(fixsfsi.o)
                              HefnyCopter2.o (__fixsfsi)
d:/program files (x86)/atmel/avr studio 5.1/extensions/atmel/avrgcc/3.3.1.27/avrtoolchain/bin/../lib/gcc/avr/4.5.1/../../../../avr/lib/avr5\libm.a(fixunssfsi.o)
                              IMU/IMU.o (__fixunssfsi)
d:/program files (x86)/atmel/avr studio 5.1/extensions/atmel/avrgcc/3.3.1.27/avrtoolchain/bin/../lib/gcc/avr/4.5.1/../../../../avr/lib/avr5\libm.a(floatsisf.o)
                              IMU/IMU.o (__floatunsisf)
d:/program files (x86)/atmel/avr studio 5.1/extensions/atmel/avrgcc/3.3.1.27/avrtoolchain/bin/../lib/gcc/avr/4.5.1/../../../../avr/lib/avr5\libm.a(fp_cmp.o)
                              d:/program files (x86)/atmel/avr studio 5.1/extensions/atmel/avrgcc/3.3.1.27/avrtoolchain/bin/../lib/gcc/avr/4.5.1/../../../../avr/lib/avr5\libm.a(cmpsf2.o) (__fp_cmp)
d:/program files (x86)/atmel/avr studio 5.1/extensions/atmel/avrgcc/3.3.1.27/avrtoolchain/bin/../lib/gcc/avr/4.5.1/../../../../avr/lib/avr5\libm.a(fp_inf.o)
                              d:/program files (x86)/atmel/avr studio 5.1/extensions/atmel/avrgcc/3.3.1.27/avrtoolchain/bin/../lib/gcc/avr/4.5.1/../../../../avr/lib/avr5\libm.a(addsf3x.o) (__fp_inf)
d:/program files (x86)/atmel/avr studio 5.1/extensions/atmel/avrgcc/3.3.1.27/avrtoolchain/bin/../lib/gcc/avr/4.5.1/../../../../avr/lib/avr5\libm.a(fp_nan.o)
                              d:/program files (x86)/atmel/avr studio 5.1/extensions/atmel/avrgcc/3.3.1.27/avrtoolchain/bin/../lib/gcc/avr/4.5.1/../../../../avr/lib/avr5\libm.a(addsf3x.o) (__fp_nan)
d:/program files (x86)/atmel/avr studio 5.1/extensions/atmel/avrgcc/3.3.1.27/avrtoolchain/bin/../lib/gcc/avr/4.5.1/../../../../avr/lib/avr5\libm.a(fp_pscA.o)
                              d:/program files (x86)/atmel/avr studio 5.1/extensions/atmel/avrgcc/3.3.1.27/avrtoolchain/bin/../lib/gcc/avr/4.5.1/../../../../avr/lib/avr5\libm.a(addsf3x.o) (__fp_pscA)
d:/program files (x86)/atmel/avr studio 5.1/extensions/atmel/avrgcc/3.3.1.27/avrtoolchain/bin/../lib/gcc/avr/4.5.1/../../../../avr/lib/avr5\libm.a(fp_pscB.o)
                              d:/program files (x86)/atmel/avr studio 5.1/extensions/atmel/avrgcc/3.3.1.27/avrtoolchain/bin/../lib/gcc/avr/4.5.1/../../../../avr/lib/avr5\libm.a(addsf3x.o) (__fp_pscB)
d:/program files (x86)/atmel/avr studio 5.1/extensions/atmel/avrgcc/3.3.1.27/avrtoolchain/bin/../lib/gcc/avr/4.5.1/../../../../avr/lib/avr5\libm.a(fp_round.o)
                              d:/program files (x86)/atmel/avr studio 5.1/extensions/atmel/avrgcc/3.3.1.27/avrtoolchain/bin/../lib/gcc/avr/4.5.1/../../../../avr/lib/avr5\libm.a(addsf3.o) (__fp_round)
d:/program files (x86)/atmel/avr studio 5.1/extensions/atmel/avrgcc/3.3.1.27/avrtoolchain/bin/../lib/gcc/avr/4.5.1/../../../../avr/lib/avr5\libm.a(fp_split3.o)
                              d:/program files (x86)/atmel/avr studio 5.1/extensions/atmel/avrgcc/3.3.1.27/avrtoolchain/bin/../lib/gcc/avr/4.5.1/../../../../avr/lib/avr5\libm.a(addsf3x.o) (__fp_split3)
d:/program files (x86)/atmel/avr studio 5.1/extensions/atmel/avrgcc/3.3.1.27/avrtoolchain/bin/../lib/gcc/avr/4.5.1/../../../../avr/lib/avr5\libm.a(fp_zero.o)
                              d:/program files (x86)/atmel/avr studio 5.1/extensions/atmel/avrgcc/3.3.1.27/avrtoolchain/bin/../lib/gcc/avr/4.5.1/../../../../avr/lib/avr5\libm.a(addsf3x.o) (__fp_zero)
[...]
Memory Configuration

Name             Origin             Length             Attributes
text             0x00000000         0x00020000         xr
data             0x00800060         0x0000ffa0         rw !x
eeprom           0x00810000         0x00010000         rw !x
fuse             0x00820000         0x00000400         rw !x
lock             0x00830000         0x00000400         rw !x
signature        0x00840000         0x00000400         rw !x
*default*        0x00000000         0xffffffff

Linker script and memory map

Address of section .data set to 0x800100
LOAD d:/program files (x86)/atmel/avr studio 5.1/extensions/atmel/avrgcc/3.3.1.27/avrtoolchain/bin/../lib/gcc/avr/4.5.1/../../../../avr/lib/avr5/crtm324pa.o
LOAD Accessories/Beeper.o
LOAD Accessories/KeyBoard.o
LOAD Accessories/LCD.o
LOAD Accessories/LED.o
LOAD Accessories/Misc.o
LOAD Accessories/Ultrasonic.o
LOAD Arming.o
LOAD Core/eepROM.o
LOAD Core/Timer.o
LOAD Core/UART.o
LOAD GFX/font12x16.o
LOAD GFX/font6x8.o
LOAD GFX/Fonts.o
LOAD GFX/glyphs.o
LOAD GFX/logo.o
LOAD HefnyCopter2.o
LOAD IMU/DCM.o
LOAD IMU/PID.o
LOAD IMU/IMU.o
LOAD IMU/Kalman.o
LOAD Math/Math.o
LOAD Math/Vector3D.o
LOAD Motor.o
LOAD Receiver.o
LOAD Sensors/Sensors.o
LOAD Sensors/ADC_PORT.o
LOAD UI/menu.o
LOAD d:/program files (x86)/atmel/avr studio 5.1/extensions/atmel/avrgcc/3.3.1.27/avrtoolchain/bin/../lib/gcc/avr/4.5.1/../../../../avr/lib/avr5\libm.a
LOAD d:/program files (x86)/atmel/avr studio 5.1/extensions/atmel/avrgcc/3.3.1.27/avrtoolchain/bin/../lib/gcc/avr/4.5.1/avr5\libgcc.a
LOAD d:/program files (x86)/atmel/avr studio 5.1/extensions/atmel/avrgcc/3.3.1.27/avrtoolchain/bin/../lib/gcc/avr/4.5.1/../../../../avr/lib/avr5\libc.a
LOAD d:/program files (x86)/atmel/avr studio 5.1/extensions/atmel/avrgcc/3.3.1.27/avrtoolchain/bin/../lib/gcc/avr/4.5.1/avr5\libgcc.a

.hash
 *(.hash)

.dynsym
 *(.dynsym)

.dynstr
 *(.dynstr)

.gnu.version
 *(.gnu.version)

.gnu.version_d
 *(.gnu.version_d)

.gnu.version_r
 *(.gnu.version_r)

.rel.init
 *(.rel.init)

.rela.init
 *(.rela.init)

.rel.text
 *(.rel.text)
 *(.rel.text.*)
 *(.rel.gnu.linkonce.t*)

.rela.text
 *(.rela.text)
 *(.rela.text.*)
 *(.rela.gnu.linkonce.t*)

.rel.fini
 *(.rel.fini)

.rela.fini
 *(.rela.fini)

.rel.rodata
 *(.rel.rodata)
 *(.rel.rodata.*)
 *(.rel.gnu.linkonce.r*)

.rela.rodata
 *(.rela.rodata)
 *(.rela.rodata.*)
 *(.rela.gnu.linkonce.r*)

.rel.data
 *(.rel.data)
 *(.rel.data.*)
 *(.rel.gnu.linkonce.d*)

.rela.data
 *(.rela.data)
 *(.rela.data.*)
 *(.rela.gnu.linkonce.d*)

.rel.ctors
 *(.rel.ctors)

.rela.ctors
 *(.rela.ctors)

.rel.dtors
 *(.rel.dtors)

.rela.dtors
 *(.rela.dtors)

.rel.got
 *(.rel.got)

.rela.got
 *(.rela.got)

.rel.bss
 *(.rel.bss)

.rela.bss
 *(.rela.bss)

.rel.plt
 *(.rel.plt)

.rela.plt
 *(.rela.plt)

.text           0x00000000     0x7bd4
 *(.vectors)
 .vectors       0x00000000       0x7c d:/program files (x86)/atmel/avr studio 5.1/extensions/atmel/avrgcc/3.3.1.27/avrtoolchain/bin/../lib/gcc/avr/4.5.1/../../../../avr/lib/avr5/crtm324pa.o
                0x00000000                __vector_default
                0x00000000                __vectors
 *(.vectors)
 *(.progmem.gcc*)
 *(.progmem*)
 .progmem.data  0x0000007c       0x18 Accessories/LCD.o
 .progmem.data  0x00000094       0x9c Core/eepROM.o
 .progmem.data  0x00000130      0x604 GFX/font12x16.o
                0x00000130                font12x16
 .progmem.data  0x00000734      0x244 GFX/font6x8.o
                0x00000734                font6x8
 .progmem.data  0x00000978        0x4 GFX/Fonts.o
                0x00000978                fonts
 .progmem.data  0x0000097c       0x3a GFX/glyphs.o
                0x0000097c                glyArrowUp
                0x00000986                glyArrowDown
                0x00000990                glyBall
                0x000009a4                glyDirCW
                0x000009af                glyDirCCW
 .progmem.data  0x000009b6      0x202 GFX/logo.o
                0x000009b6                glyLogo
 .progmem.data  0x00000bb8      0x592 UI/menu.o
                0x00000bb8                scrESCCal
 .progmem.data  0x0000114a       0xfa d:/program files (x86)/atmel/avr studio 5.1/extensions/atmel/avrgcc/3.3.1.27/avrtoolchain/bin/../lib/gcc/avr/4.5.1/../../../../avr/lib/avr5\libc.a(ftoa_engine.o)
                0x00001244                . = ALIGN (0x2)
                0x00001244                __trampolines_start = .
 *(.trampolines)
 .trampolines   0x00001244        0x0 linker stubs
 *(.trampolines*)
                0x00001244                __trampolines_end = .
 *(.jumptables)
 *(.jumptables*)
 *(.lowtext)
 .lowtext       0x00001244       0xb2 Accessories/LCD.o
                0x00001244                __vector_18
 .lowtext       0x000012f6      0x3ac Receiver.o
                0x000012f6                __vector_6
                0x00001428                __vector_2
                0x000014a4                __vector_1
                0x00001520                __vector_7
                0x00001582                __vector_3
                0x0000162a                __vector_5
 *(.lowtext*)
                0x000016a2                __ctors_start = .
 *(.ctors)
                0x000016a2                __ctors_end = .
                0x000016a2                __dtors_start = .
 *(.dtors)
                0x000016a2                __dtors_end = .
 SORT(*)(.ctors)
 SORT(*)(.dtors)
 *(.init0)
 .init0         0x000016a2        0x0 d:/program files (x86)/atmel/avr studio 5.1/extensions/atmel/avrgcc/3.3.1.27/avrtoolchain/bin/../lib/gcc/avr/4.5.1/../../../../avr/lib/avr5/crtm324pa.o
                0x000016a2                __init
 *(.init0)
 *(.init1)
 *(.init1)
 *(.init2)
 .init2         0x000016a2        0xc d:/program files (x86)/atmel/avr studio 5.1/extensions/atmel/avrgcc/3.3.1.27/avrtoolchain/bin/../lib/gcc/avr/4.5.1/../../../../avr/lib/avr5/crtm324pa.o
 *(.init2)
 *(.init3)
 *(.init3)
 *(.init4)
 .init4         0x000016ae       0x16 d:/program files (x86)/atmel/avr studio 5.1/extensions/atmel/avrgcc/3.3.1.27/avrtoolchain/bin/../lib/gcc/avr/4.5.1/avr5\libgcc.a(_copy_data.o)
                0x000016ae                __do_copy_data
 .init4         0x000016c4       0x10 d:/program files (x86)/atmel/avr studio 5.1/extensions/atmel/avrgcc/3.3.1.27/avrtoolchain/bin/../lib/gcc/avr/4.5.1/avr5\libgcc.a(_clear_bss.o)
                0x000016c4                __do_clear_bss
 *(.init4)
 *(.init5)
 *(.init5)
 *(.init6)
 *(.init6)
 *(.init7)
 *(.init7)
 *(.init8)
 *(.init8)
 *(.init9)
 .init9         0x000016d4        0x8 d:/program files (x86)/atmel/avr studio 5.1/extensions/atmel/avrgcc/3.3.1.27/avrtoolchain/bin/../lib/gcc/avr/4.5.1/../../../../avr/lib/avr5/crtm324pa.o
 *(.init9)
 *(.text)
 .text          0x000016dc        0x4 d:/program files (x86)/atmel/avr studio 5.1/extensions/atmel/avrgcc/3.3.1.27/avrtoolchain/bin/../lib/gcc/avr/4.5.1/../../../../avr/lib/avr5/crtm324pa.o
                0x000016dc                __vector_22
                0x000016dc                __vector_12
                0x000016dc                __bad_interrupt
                0x000016dc                __vector_23
                0x000016dc                __vector_30
                0x000016dc                __vector_25
                0x000016dc                __vector_13
                0x000016dc                __vector_17
                0x000016dc                __vector_19
                0x000016dc                __vector_27
                0x000016dc                __vector_4
                0x000016dc                __vector_9
                0x000016dc                __vector_21
                0x000016dc                __vector_29
                0x000016dc                __vector_8
                0x000016dc                __vector_26
                0x000016dc                __vector_14
                0x000016dc                __vector_10
                0x000016dc                __vector_16
                0x000016dc                __vector_20
 .text          0x000016e0       0x40 Accessories/Beeper.o
                0x000016e0                Beeper_Beep
 .text          0x00001720       0x82 Accessories/KeyBoard.o
                0x00001720                KeyBoard_Init
                0x0000172e                Keyboard_Read
                0x0000179c                Keyboard_State
 .text          0x000017a2      0x548 Accessories/LCD.o
                0x000017ce                LCD_SetPos
                0x000017e0                lcdXY
                0x000017ea                lcdSetPixel
                0x00001838                LCD_Line
                0x0000183a                LCD_Rectangle
                0x0000183c                LCD_FillRectangle
                0x0000183e                LCD_Clear
                0x00001860                lcdWriteSprite_P
                0x0000194e                lcdWriteGlyph_P
                0x00001960                lcdWriteChar
                0x000019a0                LCD_WriteString
                0x000019c8                LCD_WriteString_P
                0x000019e4                lcdReverse
                0x000019f8                LCD_WriteStringex
                0x00001a50                LCD_WriteSpace
                0x00001a6c                LCD_WritePadded
                0x00001aa6                LCD_WritePadded_P
                0x00001ad8                LCD_WriteString_Pex
                0x00001b22                LCD_WriteValue_double_ex
                0x00001ba2                LCD_WriteValue_double
                0x00001bb4                LCD_WriteValue
                0x00001c26                LCD_Enable
                0x00001c38                LCD_Disable
                0x00001c44                lcdSetContrast
                0x00001c76                LCD_SelectFont
                0x00001c8e                LCD_Init
 .text          0x00001cea       0x9e Accessories/LED.o
                0x00001cea                LED_FlashOrangeLED
 .text          0x00001d88       0x4c Accessories/Misc.o
                0x00001d88                delay_us
                0x00001dae                delay_ms
 .text          0x00001dd4       0x14 Accessories/Ultrasonic.o
                0x00001dd4                Ultrasonic_Init
 .text          0x00001de8       0xd6 Arming.o
                0x00001de8                Disarm
                0x00001e0a                Arm
 .text          0x00001ebe      0x108 Core/eepROM.o
                0x00001ebe                Set_EEPROM_Default_Config
                0x00001ed0                eeprom_write_byte_changed
                0x00001efe                eeprom_write_block_changes
                0x00001f42                Load_Config_from_EEPROM
                0x00001f54                Save_Config_to_EEPROM
                0x00001f74                Save_Default_Config_to_EEPROM
                0x00001fa2                Initial_EEPROM_Config_Load
 .text          0x00001fc6       0x88 Core/Timer.o
                0x00001fc6                __vector_15
                0x00001ff4                __vector_11
                0x00002022                Timer_Init
 .text          0x0000204e      0x250 Core/UART.o
                0x0000204e                UART_Init
                0x00002070                send_byte
                0x0000207e                Send_Data
                0x000020b8                ParseCommand
                0x0000217c                __vector_28
                0x00002264                Send_Data_TEST
 .text          0x0000229e       0x20 GFX/font12x16.o
 .text          0x000022be       0x1a GFX/font6x8.o
 .text          0x000022d8        0x0 GFX/Fonts.o
 .text          0x000022d8        0x0 GFX/glyphs.o
 .text          0x000022d8        0x0 GFX/logo.o
 .text          0x000022d8      0xe44 HefnyCopter2.o
                0x000022d8                Setup
                0x00002352                Loop
                0x0000239a                LoopESCCalibration
                0x000023a6                LoopCalibration
                0x000023ce                HandleSticksForArming
                0x000026b2                HandleSticksAsKeys
                0x000027cc                ZEROMotors
                0x00002808                MainLoop
                0x000030d8                main
 .text          0x0000311c        0x0 IMU/DCM.o
 .text          0x0000311c      0x4f2 IMU/PID.o
                0x0000311c                PID_Calculate_ACC
                0x000033b2                PID_Calculate
                0x000035b6                ZERO_Is
 .text          0x0000360e      0xd62 IMU/IMU.o
                0x0000360e                IMU_Reset
                0x00003636                IMU
                0x000040b6                IMU_HeightKeeping
 .text          0x00004370        0x0 IMU/Kalman.o
 .text          0x00004370      0x1ca Math/Math.o
                0x00004370                arctan2
                0x000044a2                Limiterf
                0x0000451c                Limiter
                0x00004534                ScaleSensor
 .text          0x0000453a      0x458 Math/Vector3D.o
                0x0000453a                vector3d_modulus
                0x000045e2                vector3d_normalize
                0x0000465e                vector3d_dot
                0x000046e6                vector3d_cross
                0x000047e8                vector3d_scale
                0x0000485c                vector3d_add
                0x000048dc                vector3d_skew_plus_identity
 .text          0x00004992      0x252 Motor.o
                0x00004992                Motor_GenerateOutputSignal
 .text          0x00004be4      0x5aa Receiver.o
                0x00004be4                CalculateSignalLength1
                0x00004c36                CalculateSignalLength2
                0x00004c80                RX_Init
                0x00004d52                RX_raw_GetReceiverValues
                0x00004d7a                RX_GetReceiverValues
                0x00004dcc                RX_GetReceiverThrottleValue
                0x00004eee                RX_CopyLatestReceiverValues
                0x00004fa2                RX_StickCenterCalibrationInit
                0x000050f0                RX_StickCenterCalibration
 .text          0x0000518e      0x34a Sensors/Sensors.o
                0x0000518e                Sensors_Init
                0x0000519c                Sensors_Test
                0x0000520c                Sensors_Calibrate
                0x000053a8                Sensor_GetBattery
                0x000053ce                Sensors_ReadAll
 .text          0x000054d8       0x88 Sensors/ADC_PORT.o
                0x000054d8                __vector_24
                0x00005536                ADCPort_Init
                0x00005548                ADCPort_Get
 .text          0x00005560     0x1ae8 UI/menu.o
                0x00005560                _hHomeRestart
                0x0000556e                tsmMain
                0x000055ac                _hDebug
                0x0000570c                _hSensorCalibration
                0x00005780                _hSensorTest
                0x0000584c                _hHomeArmedESC
                0x0000591e                _helper_DisplayBiStateText
                0x00005976                _helper_SaveinEEPROM_ifChanged
                0x00005988                _helper_DisplayRXStatus
                0x000059fa                _hStickCentering
                0x00005d0a                _hReceiverTest
                0x00005d90                _helper_Words
                0x00005dbc                Menu_LoadPage
                0x00005de0                _hFactoryReset
                0x00005e0a                _hESCCalibration
                0x00005e44                _hHomeArmed
                0x00005e7c                _hHomePage
                0x00006034                defaultHandler
                0x00006080                editModeHandler
                0x00006222                PageKey
                0x00006258                _hAltitudeHold
                0x000063ac                _hSelfLeveling
                0x000067a6                _hStabilization
                0x00006b8c                _hMiscSettings
                0x00006c86                _hModeSettings
                0x00006e5c                doMenu
                0x00006f6a                _hMenu
                0x00006f9c                Menu_MenuShow
                0x00007022                Menu_MenuInit
                0x00007030                tsmLoadModelLayout
                0x00007032                Menu_EnableAllItems
 .text          0x00007048        0x0 d:/program files (x86)/atmel/avr studio 5.1/extensions/atmel/avrgcc/3.3.1.27/avrtoolchain/bin/../lib/gcc/avr/4.5.1/../../../../avr/lib/avr5\libm.a(addsf3.o)
 .text          0x00007048        0x0 d:/program files (x86)/atmel/avr studio 5.1/extensions/atmel/avrgcc/3.3.1.27/avrtoolchain/bin/../lib/gcc/avr/4.5.1/../../../../avr/lib/avr5\libm.a(addsf3x.o)
 .text          0x00007048        0x0 d:/program files (x86)/atmel/avr studio 5.1/extensions/atmel/avrgcc/3.3.1.27/avrtoolchain/bin/../lib/gcc/avr/4.5.1/../../../../avr/lib/avr5\libm.a(cmpsf2.o)
 .text          0x00007048        0x0 d:/program files (x86)/atmel/avr studio 5.1/extensions/atmel/avrgcc/3.3.1.27/avrtoolchain/bin/../lib/gcc/avr/4.5.1/../../../../avr/lib/avr5\libm.a(divsf3.o)
 .text          0x00007048        0x0 d:/program files (x86)/atmel/avr studio 5.1/extensions/atmel/avrgcc/3.3.1.27/avrtoolchain/bin/../lib/gcc/avr/4.5.1/../../../../avr/lib/avr5\libm.a(divsf3x.o)
 .text          0x00007048        0x0 d:/program files (x86)/atmel/avr studio 5.1/extensions/atmel/avrgcc/3.3.1.27/avrtoolchain/bin/../lib/gcc/avr/4.5.1/../../../../avr/lib/avr5\libm.a(fixsfsi.o)
 .text          0x00007048        0x0 d:/program files (x86)/atmel/avr studio 5.1/extensions/atmel/avrgcc/3.3.1.27/avrtoolchain/bin/../lib/gcc/avr/4.5.1/../../../../avr/lib/avr5\libm.a(fixunssfsi.o)
 .text          0x00007048        0x0 d:/program files (x86)/atmel/avr studio 5.1/extensions/atmel/avrgcc/3.3.1.27/avrtoolchain/bin/../lib/gcc/avr/4.5.1/../../../../avr/lib/avr5\libm.a(floatsisf.o)
 .text          0x00007048        0x0 d:/program files (x86)/atmel/avr studio 5.1/extensions/atmel/avrgcc/3.3.1.27/avrtoolchain/bin/../lib/gcc/avr/4.5.1/../../../../avr/lib/avr5\libm.a(fp_cmp.o)
 .text          0x00007048        0x0 d:/program files (x86)/atmel/avr studio 5.1/extensions/atmel/avrgcc/3.3.1.27/avrtoolchain/bin/../lib/gcc/avr/4.5.1/../../../../avr/lib/avr5\libm.a(fp_inf.o)
 .text          0x00007048        0x0 d:/program files (x86)/atmel/avr studio 5.1/extensions/atmel/avrgcc/3.3.1.27/avrtoolchain/bin/../lib/gcc/avr/4.5.1/../../../../avr/lib/avr5\libm.a(fp_nan.o)
 .text          0x00007048        0x0 d:/program files (x86)/atmel/avr studio 5.1/extensions/atmel/avrgcc/3.3.1.27/avrtoolchain/bin/../lib/gcc/avr/4.5.1/../../../../avr/lib/avr5\libm.a(fp_pscA.o)
 .text          0x00007048        0x0 d:/program files (x86)/atmel/avr studio 5.1/extensions/atmel/avrgcc/3.3.1.27/avrtoolchain/bin/../lib/gcc/avr/4.5.1/../../../../avr/lib/avr5\libm.a(fp_pscB.o)
 .text          0x00007048        0x0 d:/program files (x86)/atmel/avr studio 5.1/extensions/atmel/avrgcc/3.3.1.27/avrtoolchain/bin/../lib/gcc/avr/4.5.1/../../../../avr/lib/avr5\libm.a(fp_round.o)
 .text          0x00007048        0x0 d:/program files (x86)/atmel/avr studio 5.1/extensions/atmel/avrgcc/3.3.1.27/avrtoolchain/bin/../lib/gcc/avr/4.5.1/../../../../avr/lib/avr5\libm.a(fp_split3.o)
 .text          0x00007048        0x0 d:/program files (x86)/atmel/avr studio 5.1/extensions/atmel/avrgcc/3.3.1.27/avrtoolchain/bin/../lib/gcc/avr/4.5.1/../../../../avr/lib/avr5\libm.a(fp_zero.o)
 .text          0x00007048        0x0 d:/program files (x86)/atmel/avr studio 5.1/extensions/atmel/avrgcc/3.3.1.27/avrtoolchain/bin/../lib/gcc/avr/4.5.1/../../../../avr/lib/avr5\libm.a(gesf2.o)
 .text          0x00007048        0x0 d:/program files (x86)/atmel/avr studio 5.1/extensions/atmel/avrgcc/3.3.1.27/avrtoolchain/bin/../lib/gcc/avr/4.5.1/../../../../avr/lib/avr5\libm.a(mulsf3.o)
 .text          0x00007048        0x0 d:/program files (x86)/atmel/avr studio 5.1/extensions/atmel/avrgcc/3.3.1.27/avrtoolchain/bin/../lib/gcc/avr/4.5.1/../../../../avr/lib/avr5\libm.a(mulsf3x.o)
 .text          0x00007048        0x0 d:/program files (x86)/atmel/avr studio 5.1/extensions/atmel/avrgcc/3.3.1.27/avrtoolchain/bin/../lib/gcc/avr/4.5.1/../../../../avr/lib/avr5\libm.a(sqrt.o)
 .text          0x00007048        0x0 d:/program files (x86)/atmel/avr studio 5.1/extensions/atmel/avrgcc/3.3.1.27/avrtoolchain/bin/../lib/gcc/avr/4.5.1/../../../../avr/lib/avr5\libm.a(fp_mpack.o)
 .text          0x00007048        0x0 d:/program files (x86)/atmel/avr studio 5.1/extensions/atmel/avrgcc/3.3.1.27/avrtoolchain/bin/../lib/gcc/avr/4.5.1/../../../../avr/lib/avr5\libm.a(fp_norm2.o)
 .text          0x00007048        0x0 d:/program files (x86)/atmel/avr studio 5.1/extensions/atmel/avrgcc/3.3.1.27/avrtoolchain/bin/../lib/gcc/avr/4.5.1/avr5\libgcc.a(_udivmodhi4.o)
 .text          0x00007048        0x0 d:/program files (x86)/atmel/avr studio 5.1/extensions/atmel/avrgcc/3.3.1.27/avrtoolchain/bin/../lib/gcc/avr/4.5.1/avr5\libgcc.a(_divmodhi4.o)
 .text          0x00007048        0x0 d:/program files (x86)/atmel/avr studio 5.1/extensions/atmel/avrgcc/3.3.1.27/avrtoolchain/bin/../lib/gcc/avr/4.5.1/avr5\libgcc.a(_exit.o)
 .text          0x00007048        0x0 d:/program files (x86)/atmel/avr studio 5.1/extensions/atmel/avrgcc/3.3.1.27/avrtoolchain/bin/../lib/gcc/avr/4.5.1/avr5\libgcc.a(_copy_data.o)
 .text          0x00007048        0x0 d:/program files (x86)/atmel/avr studio 5.1/extensions/atmel/avrgcc/3.3.1.27/avrtoolchain/bin/../lib/gcc/avr/4.5.1/avr5\libgcc.a(_clear_bss.o)
 .text          0x00007048        0x0 d:/program files (x86)/atmel/avr studio 5.1/extensions/atmel/avrgcc/3.3.1.27/avrtoolchain/bin/../lib/gcc/avr/4.5.1/../../../../avr/lib/avr5\libc.a(abs.o)
 .text          0x00007048        0x0 d:/program files (x86)/atmel/avr studio 5.1/extensions/atmel/avrgcc/3.3.1.27/avrtoolchain/bin/../lib/gcc/avr/4.5.1/../../../../avr/lib/avr5\libc.a(dtostrf.o)
 .text          0x00007048        0x0 d:/program files (x86)/atmel/avr studio 5.1/extensions/atmel/avrgcc/3.3.1.27/avrtoolchain/bin/../lib/gcc/avr/4.5.1/../../../../avr/lib/avr5\libc.a(memcpy_P.o)
 .text          0x00007048        0x0 d:/program files (x86)/atmel/avr studio 5.1/extensions/atmel/avrgcc/3.3.1.27/avrtoolchain/bin/../lib/gcc/avr/4.5.1/../../../../avr/lib/avr5\libc.a(strcpy_P.o)
 .text          0x00007048        0x0 d:/program files (x86)/atmel/avr studio 5.1/extensions/atmel/avrgcc/3.3.1.27/avrtoolchain/bin/../lib/gcc/avr/4.5.1/../../../../avr/lib/avr5\libc.a(strlen_P.o)
 .text          0x00007048        0x0 d:/program files (x86)/atmel/avr studio 5.1/extensions/atmel/avrgcc/3.3.1.27/avrtoolchain/bin/../lib/gcc/avr/4.5.1/../../../../avr/lib/avr5\libc.a(memcpy.o)
 .text          0x00007048        0x0 d:/program files (x86)/atmel/avr studio 5.1/extensions/atmel/avrgcc/3.3.1.27/avrtoolchain/bin/../lib/gcc/avr/4.5.1/../../../../avr/lib/avr5\libc.a(strcat.o)
 .text          0x00007048        0x0 d:/program files (x86)/atmel/avr studio 5.1/extensions/atmel/avrgcc/3.3.1.27/avrtoolchain/bin/../lib/gcc/avr/4.5.1/../../../../avr/lib/avr5\libc.a(itoa.o)
 .text          0x00007048        0x0 d:/program files (x86)/atmel/avr studio 5.1/extensions/atmel/avrgcc/3.3.1.27/avrtoolchain/bin/../lib/gcc/avr/4.5.1/../../../../avr/lib/avr5\libc.a(utoa.o)
 .text          0x00007048        0x0 d:/program files (x86)/atmel/avr studio 5.1/extensions/atmel/avrgcc/3.3.1.27/avrtoolchain/bin/../lib/gcc/avr/4.5.1/../../../../avr/lib/avr5\libc.a(eerd_block_atmega324pa.o)
 .text          0x00007048        0x0 d:/program files (x86)/atmel/avr studio 5.1/extensions/atmel/avrgcc/3.3.1.27/avrtoolchain/bin/../lib/gcc/avr/4.5.1/../../../../avr/lib/avr5\libc.a(eerd_byte_atmega324pa.o)
 .text          0x00007048        0x0 d:/program files (x86)/atmel/avr studio 5.1/extensions/atmel/avrgcc/3.3.1.27/avrtoolchain/bin/../lib/gcc/avr/4.5.1/../../../../avr/lib/avr5\libc.a(eewr_byte_atmega324pa.o)
 .text          0x00007048        0x0 d:/program files (x86)/atmel/avr studio 5.1/extensions/atmel/avrgcc/3.3.1.27/avrtoolchain/bin/../lib/gcc/avr/4.5.1/../../../../avr/lib/avr5\libc.a(dtoa_prf.o)
 .text          0x00007048        0x0 d:/program files (x86)/atmel/avr studio 5.1/extensions/atmel/avrgcc/3.3.1.27/avrtoolchain/bin/../lib/gcc/avr/4.5.1/../../../../avr/lib/avr5\libc.a(ftoa_engine.o)
 .text          0x00007048        0x0 d:/program files (x86)/atmel/avr studio 5.1/extensions/atmel/avrgcc/3.3.1.27/avrtoolchain/bin/../lib/gcc/avr/4.5.1/../../../../avr/lib/avr5\libc.a(strrev.o)
 .text          0x00007048        0x0 d:/program files (x86)/atmel/avr studio 5.1/extensions/atmel/avrgcc/3.3.1.27/avrtoolchain/bin/../lib/gcc/avr/4.5.1/avr5\libgcc.a(_prologue.o)
 .text          0x00007048        0x0 d:/program files (x86)/atmel/avr studio 5.1/extensions/atmel/avrgcc/3.3.1.27/avrtoolchain/bin/../lib/gcc/avr/4.5.1/avr5\libgcc.a(_epilogue.o)
                0x00007048                . = ALIGN (0x2)
 *(.text.*)
 .text.avr-libc.fplib
                0x00007048        0xa d:/program files (x86)/atmel/avr studio 5.1/extensions/atmel/avrgcc/3.3.1.27/avrtoolchain/bin/../lib/gcc/avr/4.5.1/../../../../avr/lib/avr5\libm.a(addsf3.o)
                0x00007048                __subsf3
                0x0000704a                __addsf3
 .text.avr-libc.fplib
                0x00007052       0xc0 d:/program files (x86)/atmel/avr studio 5.1/extensions/atmel/avrgcc/3.3.1.27/avrtoolchain/bin/../lib/gcc/avr/4.5.1/../../../../avr/lib/avr5\libm.a(addsf3x.o)
                0x0000706c                __addsf3x
 .text.avr-libc.fplib
                0x00007112        0x8 d:/program files (x86)/atmel/avr studio 5.1/extensions/atmel/avrgcc/3.3.1.27/avrtoolchain/bin/../lib/gcc/avr/4.5.1/../../../../avr/lib/avr5\libm.a(cmpsf2.o)
                0x00007112                __nesf2
                0x00007112                __eqsf2
                0x00007112                __cmpsf2
                0x00007112                __ltsf2
                0x00007112                __lesf2
 .text.avr-libc.fplib
                0x0000711a        0x4 d:/program files (x86)/atmel/avr studio 5.1/extensions/atmel/avrgcc/3.3.1.27/avrtoolchain/bin/../lib/gcc/avr/4.5.1/../../../../avr/lib/avr5\libm.a(divsf3.o)
                0x0000711a                __divsf3
 .text.avr-libc.fplib
                0x0000711e       0xcc d:/program files (x86)/atmel/avr studio 5.1/extensions/atmel/avrgcc/3.3.1.27/avrtoolchain/bin/../lib/gcc/avr/4.5.1/../../../../avr/lib/avr5\libm.a(divsf3x.o)
                0x00007134                __divsf3x
                0x00007138                __divsf3_pse
 .text.avr-libc.fplib
                0x000071ea        0xa d:/program files (x86)/atmel/avr studio 5.1/extensions/atmel/avrgcc/3.3.1.27/avrtoolchain/bin/../lib/gcc/avr/4.5.1/../../../../avr/lib/avr5\libm.a(fixsfsi.o)
                0x000071ea                __fixsfsi
 .text.avr-libc.fplib
                0x000071f4       0x58 d:/program files (x86)/atmel/avr studio 5.1/extensions/atmel/avrgcc/3.3.1.27/avrtoolchain/bin/../lib/gcc/avr/4.5.1/../../../../avr/lib/avr5\libm.a(fixunssfsi.o)
                0x000071f4                __fixunssfsi
 .text.avr-libc.fplib
                0x0000724c       0x7a d:/program files (x86)/atmel/avr studio 5.1/extensions/atmel/avrgcc/3.3.1.27/avrtoolchain/bin/../lib/gcc/avr/4.5.1/../../../../avr/lib/avr5\libm.a(floatsisf.o)
                0x0000724c                __floatunsisf
                0x00007250                __floatsisf
 .text.avr-libc.fplib
                0x000072c6       0x48 d:/program files (x86)/atmel/avr studio 5.1/extensions/atmel/avrgcc/3.3.1.27/avrtoolchain/bin/../lib/gcc/avr/4.5.1/../../../../avr/lib/avr5\libm.a(fp_cmp.o)
                0x000072c6                __fp_cmp
 .text.avr-libc.fplib
                0x0000730e        0xc d:/program files (x86)/atmel/avr studio 5.1/extensions/atmel/avrgcc/3.3.1.27/avrtoolchain/bin/../lib/gcc/avr/4.5.1/../../../../avr/lib/avr5\libm.a(fp_inf.o)
                0x0000730e                __fp_inf
 .text.avr-libc.fplib
                0x0000731a        0x6 d:/program files (x86)/atmel/avr studio 5.1/extensions/atmel/avrgcc/3.3.1.27/avrtoolchain/bin/../lib/gcc/avr/4.5.1/../../../../avr/lib/avr5\libm.a(fp_nan.o)
                0x0000731a                __fp_nan
 .text.avr-libc.fplib
                0x00007320        0xe d:/program files (x86)/atmel/avr studio 5.1/extensions/atmel/avrgcc/3.3.1.27/avrtoolchain/bin/../lib/gcc/avr/4.5.1/../../../../avr/lib/avr5\libm.a(fp_pscA.o)
                0x00007320                __fp_pscA
 .text.avr-libc.fplib
                0x0000732e        0xe d:/program files (x86)/atmel/avr studio 5.1/extensions/atmel/avrgcc/3.3.1.27/avrtoolchain/bin/../lib/gcc/avr/4.5.1/../../../../avr/lib/avr5\libm.a(fp_pscB.o)
                0x0000732e                __fp_pscB
 .text.avr-libc.fplib
                0x0000733c       0x22 d:/program files (x86)/atmel/avr studio 5.1/extensions/atmel/avrgcc/3.3.1.27/avrtoolchain/bin/../lib/gcc/avr/4.5.1/../../../../avr/lib/avr5\libm.a(fp_round.o)
                0x0000733c                __fp_round
 .text.avr-libc.fplib
                0x0000735e       0x44 d:/program files (x86)/atmel/avr studio 5.1/extensions/atmel/avrgcc/3.3.1.27/avrtoolchain/bin/../lib/gcc/avr/4.5.1/../../../../avr/lib/avr5\libm.a(fp_split3.o)
                0x0000735e                __fp_split3
                0x0000736e                __fp_splitA
 .text.avr-libc.fplib
                0x000073a2        0xe d:/program files (x86)/atmel/avr studio 5.1/extensions/atmel/avrgcc/3.3.1.27/avrtoolchain/bin/../lib/gcc/avr/4.5.1/../../../../avr/lib/avr5\libm.a(fp_zero.o)
                0x000073a2                __fp_zero
                0x000073a4                __fp_szero
 .text.avr-libc.fplib
                0x000073b0        0x8 d:/program files (x86)/atmel/avr studio 5.1/extensions/atmel/avrgcc/3.3.1.27/avrtoolchain/bin/../lib/gcc/avr/4.5.1/../../../../avr/lib/avr5\libm.a(gesf2.o)
                0x000073b0                __gesf2
                0x000073b0                __gtsf2
 .text.avr-libc.fplib
                0x000073b8        0x4 d:/program files (x86)/atmel/avr studio 5.1/extensions/atmel/avrgcc/3.3.1.27/avrtoolchain/bin/../lib/gcc/avr/4.5.1/../../../../avr/lib/avr5\libm.a(mulsf3.o)
                0x000073b8                __mulsf3
 .text.avr-libc.fplib
                0x000073bc       0xc2 d:/program files (x86)/atmel/avr studio 5.1/extensions/atmel/avrgcc/3.3.1.27/avrtoolchain/bin/../lib/gcc/avr/4.5.1/../../../../avr/lib/avr5\libm.a(mulsf3x.o)
                0x000073d0                __mulsf3x
                0x000073d4                __mulsf3_pse
 .text.avr-libc.fplib
                0x0000747e       0x84 d:/program files (x86)/atmel/avr studio 5.1/extensions/atmel/avrgcc/3.3.1.27/avrtoolchain/bin/../lib/gcc/avr/4.5.1/../../../../avr/lib/avr5\libm.a(sqrt.o)
                0x00007486                sqrt
 .text.avr-libc.fplib
                0x00007502       0x1c d:/program files (x86)/atmel/avr studio 5.1/extensions/atmel/avrgcc/3.3.1.27/avrtoolchain/bin/../lib/gcc/avr/4.5.1/../../../../avr/lib/avr5\libm.a(fp_mpack.o)
                0x00007502                __fp_mpack
                0x00007506                __fp_mpack_finite
 .text.avr-libc.fplib
                0x0000751e        0xe d:/program files (x86)/atmel/avr studio 5.1/extensions/atmel/avrgcc/3.3.1.27/avrtoolchain/bin/../lib/gcc/avr/4.5.1/../../../../avr/lib/avr5\libm.a(fp_norm2.o)
                0x0000751e                __fp_norm2
 .text.libgcc   0x0000752c       0x28 d:/program files (x86)/atmel/avr studio 5.1/extensions/atmel/avrgcc/3.3.1.27/avrtoolchain/bin/../lib/gcc/avr/4.5.1/avr5\libgcc.a(_udivmodhi4.o)
                0x0000752c                __udivmodhi4
 .text.libgcc   0x00007554       0x26 d:/program files (x86)/atmel/avr studio 5.1/extensions/atmel/avrgcc/3.3.1.27/avrtoolchain/bin/../lib/gcc/avr/4.5.1/avr5\libgcc.a(_divmodhi4.o)
                0x00007554                _div
                0x00007554                __divmodhi4
 .text.libgcc   0x0000757a        0x0 d:/program files (x86)/atmel/avr studio 5.1/extensions/atmel/avrgcc/3.3.1.27/avrtoolchain/bin/../lib/gcc/avr/4.5.1/avr5\libgcc.a(_exit.o)
 .text.libgcc   0x0000757a        0x0 d:/program files (x86)/atmel/avr studio 5.1/extensions/atmel/avrgcc/3.3.1.27/avrtoolchain/bin/../lib/gcc/avr/4.5.1/avr5\libgcc.a(_copy_data.o)
 .text.libgcc   0x0000757a        0x0 d:/program files (x86)/atmel/avr studio 5.1/extensions/atmel/avrgcc/3.3.1.27/avrtoolchain/bin/../lib/gcc/avr/4.5.1/avr5\libgcc.a(_clear_bss.o)
 .text.avr-libc
                0x0000757a       0x12 d:/program files (x86)/atmel/avr studio 5.1/extensions/atmel/avrgcc/3.3.1.27/avrtoolchain/bin/../lib/gcc/avr/4.5.1/../../../../avr/lib/avr5\libc.a(abs.o)
                0x0000757a                abs
 .text.avr-libc
                0x0000758c       0x44 d:/program files (x86)/atmel/avr studio 5.1/extensions/atmel/avrgcc/3.3.1.27/avrtoolchain/bin/../lib/gcc/avr/4.5.1/../../../../avr/lib/avr5\libc.a(dtostrf.o)
                0x0000758c                dtostrf
 .text.avr-libc
                0x000075d0       0x12 d:/program files (x86)/atmel/avr studio 5.1/extensions/atmel/avrgcc/3.3.1.27/avrtoolchain/bin/../lib/gcc/avr/4.5.1/../../../../avr/lib/avr5\libc.a(memcpy_P.o)
                0x000075d0                memcpy_P
 .text.avr-libc
                0x000075e2        0xe d:/program files (x86)/atmel/avr studio 5.1/extensions/atmel/avrgcc/3.3.1.27/avrtoolchain/bin/../lib/gcc/avr/4.5.1/../../../../avr/lib/avr5\libc.a(strcpy_P.o)
                0x000075e2                strcpy_P
 .text.avr-libc
                0x000075f0       0x12 d:/program files (x86)/atmel/avr studio 5.1/extensions/atmel/avrgcc/3.3.1.27/avrtoolchain/bin/../lib/gcc/avr/4.5.1/../../../../avr/lib/avr5\libc.a(strlen_P.o)
                0x000075f0                strlen_P
 .text.avr-libc
                0x00007602       0x12 d:/program files (x86)/atmel/avr studio 5.1/extensions/atmel/avrgcc/3.3.1.27/avrtoolchain/bin/../lib/gcc/avr/4.5.1/../../../../avr/lib/avr5\libc.a(memcpy.o)
                0x00007602                memcpy
 .text.avr-libc
                0x00007614       0x16 d:/program files (x86)/atmel/avr studio 5.1/extensions/atmel/avrgcc/3.3.1.27/avrtoolchain/bin/../lib/gcc/avr/4.5.1/../../../../avr/lib/avr5\libc.a(strcat.o)
                0x00007614                strcat
 .text.avr-libc
                0x0000762a       0x42 d:/program files (x86)/atmel/avr studio 5.1/extensions/atmel/avrgcc/3.3.1.27/avrtoolchain/bin/../lib/gcc/avr/4.5.1/../../../../avr/lib/avr5\libc.a(itoa.o)
                0x0000762a                itoa
 .text.avr-libc
                0x0000766c       0x2c d:/program files (x86)/atmel/avr studio 5.1/extensions/atmel/avrgcc/3.3.1.27/avrtoolchain/bin/../lib/gcc/avr/4.5.1/../../../../avr/lib/avr5\libc.a(utoa.o)
                0x0000766c                utoa
 .text.avr-libc
                0x00007698       0x20 d:/program files (x86)/atmel/avr studio 5.1/extensions/atmel/avrgcc/3.3.1.27/avrtoolchain/bin/../lib/gcc/avr/4.5.1/../../../../avr/lib/avr5\libc.a(eerd_block_atmega324pa.o)
                0x00007698                __eerd_block_m324pa
                0x0000769c                __eerd_blraw_m324pa
 .text.avr-libc
                0x000076b8       0x10 d:/program files (x86)/atmel/avr studio 5.1/extensions/atmel/avrgcc/3.3.1.27/avrtoolchain/bin/../lib/gcc/avr/4.5.1/../../../../avr/lib/avr5\libc.a(eerd_byte_atmega324pa.o)
                0x000076b8                __eerd_byte_m324pa
 .text.avr-libc
                0x000076c8       0x1c d:/program files (x86)/atmel/avr studio 5.1/extensions/atmel/avrgcc/3.3.1.27/avrtoolchain/bin/../lib/gcc/avr/4.5.1/../../../../avr/lib/avr5\libc.a(eewr_byte_atmega324pa.o)
                0x000076c8                __eewr_byte_m324pa
                0x000076ca                __eewr_r18_m324pa
 .text.avr-libc
                0x000076e4      0x2ae d:/program files (x86)/atmel/avr studio 5.1/extensions/atmel/avrgcc/3.3.1.27/avrtoolchain/bin/../lib/gcc/avr/4.5.1/../../../../avr/lib/avr5\libc.a(dtoa_prf.o)
                0x000076e4                dtoa_prf
 .text.avr-libc
                0x00007992      0x1b0 d:/program files (x86)/atmel/avr studio 5.1/extensions/atmel/avrgcc/3.3.1.27/avrtoolchain/bin/../lib/gcc/avr/4.5.1/../../../../avr/lib/avr5\libc.a(ftoa_engine.o)
                0x00007992                __ftoa_engine
 .text.avr-libc
                0x00007b42       0x20 d:/program files (x86)/atmel/avr studio 5.1/extensions/atmel/avrgcc/3.3.1.27/avrtoolchain/bin/../lib/gcc/avr/4.5.1/../../../../avr/lib/avr5\libc.a(strrev.o)
                0x00007b42                strrev
 .text.libgcc   0x00007b62       0x38 d:/program files (x86)/atmel/avr studio 5.1/extensions/atmel/avrgcc/3.3.1.27/avrtoolchain/bin/../lib/gcc/avr/4.5.1/avr5\libgcc.a(_prologue.o)
                0x00007b62                __prologue_saves__
 .text.libgcc   0x00007b9a       0x36 d:/program files (x86)/atmel/avr studio 5.1/extensions/atmel/avrgcc/3.3.1.27/avrtoolchain/bin/../lib/gcc/avr/4.5.1/avr5\libgcc.a(_epilogue.o)
                0x00007b9a                __epilogue_restores__
                0x00007bd0                . = ALIGN (0x2)
 *(.fini9)
 .fini9         0x00007bd0        0x0 d:/program files (x86)/atmel/avr studio 5.1/extensions/atmel/avrgcc/3.3.1.27/avrtoolchain/bin/../lib/gcc/avr/4.5.1/avr5\libgcc.a(_exit.o)
                0x00007bd0                _exit
                0x00007bd0                exit
 *(.fini9)
 *(.fini8)
 *(.fini8)
 *(.fini7)
 *(.fini7)
 *(.fini6)
 *(.fini6)
 *(.fini5)
 *(.fini5)
 *(.fini4)
 *(.fini4)
 *(.fini3)
 *(.fini3)
 *(.fini2)
 *(.fini2)
 *(.fini1)
 *(.fini1)
 *(.fini0)
 .fini0         0x00007bd0        0x4 d:/program files (x86)/atmel/avr studio 5.1/extensions/atmel/avrgcc/3.3.1.27/avrtoolchain/bin/../lib/gcc/avr/4.5.1/avr5\libgcc.a(_exit.o)
 *(.fini0)
                0x00007bd4                _etext = .

.data           0x00800100       0x14 load address 0x00007bd4
                0x00800100                PROVIDE (__data_start, .)
 *(.data)
 .data          0x00800100        0x0 d:/program files (x86)/atmel/avr studio 5.1/extensions/atmel/avrgcc/3.3.1.27/avrtoolchain/bin/../lib/gcc/avr/4.5.1/../../../../avr/lib/avr5/crtm324pa.o
 .data          0x00800100        0x0 Accessories/Beeper.o
 .data          0x00800100        0x0 Accessories/KeyBoard.o
 .data          0x00800100        0x0 Accessories/LCD.o
 .data          0x00800100        0x0 Accessories/LED.o
 .data          0x00800100        0x0 Accessories/Misc.o
 .data          0x00800100        0x0 Accessories/Ultrasonic.o
 .data          0x00800100        0x0 Arming.o
 .data          0x00800100        0x0 Core/eepROM.o
 .data          0x00800100        0x0 Core/Timer.o
 .data          0x00800100        0x4 Core/UART.o
 .data          0x00800104        0x0 GFX/font12x16.o
 .data          0x00800104        0x0 GFX/font6x8.o
 .data          0x00800104        0x0 GFX/Fonts.o
 .data          0x00800104        0x0 GFX/glyphs.o
 .data          0x00800104        0x0 GFX/logo.o
 .data          0x00800104        0x4 HefnyCopter2.o
 .data          0x00800108        0x0 IMU/DCM.o
 .data          0x00800108        0x0 IMU/PID.o
 .data          0x00800108        0x0 IMU/IMU.o
 .data          0x00800108        0x0 IMU/Kalman.o
 .data          0x00800108        0x0 Math/Math.o
 .data          0x00800108        0x0 Math/Vector3D.o
 .data          0x00800108        0x0 Motor.o
 .data          0x00800108        0x0 Receiver.o
 .data          0x00800108        0x6 Sensors/Sensors.o
 .data          0x0080010e        0x0 Sensors/ADC_PORT.o
 .data          0x0080010e        0x5 UI/menu.o
 .data          0x00800113        0x0 d:/program files (x86)/atmel/avr studio 5.1/extensions/atmel/avrgcc/3.3.1.27/avrtoolchain/bin/../lib/gcc/avr/4.5.1/../../../../avr/lib/avr5\libm.a(addsf3.o)
 .data          0x00800113        0x0 d:/program files (x86)/atmel/avr studio 5.1/extensions/atmel/avrgcc/3.3.1.27/avrtoolchain/bin/../lib/gcc/avr/4.5.1/../../../../avr/lib/avr5\libm.a(addsf3x.o)
 .data          0x00800113        0x0 d:/program files (x86)/atmel/avr studio 5.1/extensions/atmel/avrgcc/3.3.1.27/avrtoolchain/bin/../lib/gcc/avr/4.5.1/../../../../avr/lib/avr5\libm.a(cmpsf2.o)
 .data          0x00800113        0x0 d:/program files (x86)/atmel/avr studio 5.1/extensions/atmel/avrgcc/3.3.1.27/avrtoolchain/bin/../lib/gcc/avr/4.5.1/../../../../avr/lib/avr5\libm.a(divsf3.o)
 .data          0x00800113        0x0 d:/program files (x86)/atmel/avr studio 5.1/extensions/atmel/avrgcc/3.3.1.27/avrtoolchain/bin/../lib/gcc/avr/4.5.1/../../../../avr/lib/avr5\libm.a(divsf3x.o)
 .data          0x00800113        0x0 d:/program files (x86)/atmel/avr studio 5.1/extensions/atmel/avrgcc/3.3.1.27/avrtoolchain/bin/../lib/gcc/avr/4.5.1/../../../../avr/lib/avr5\libm.a(fixsfsi.o)
 .data          0x00800113        0x0 d:/program files (x86)/atmel/avr studio 5.1/extensions/atmel/avrgcc/3.3.1.27/avrtoolchain/bin/../lib/gcc/avr/4.5.1/../../../../avr/lib/avr5\libm.a(fixunssfsi.o)
 .data          0x00800113        0x0 d:/program files (x86)/atmel/avr studio 5.1/extensions/atmel/avrgcc/3.3.1.27/avrtoolchain/bin/../lib/gcc/avr/4.5.1/../../../../avr/lib/avr5\libm.a(floatsisf.o)
 .data          0x00800113        0x0 d:/program files (x86)/atmel/avr studio 5.1/extensions/atmel/avrgcc/3.3.1.27/avrtoolchain/bin/../lib/gcc/avr/4.5.1/../../../../avr/lib/avr5\libm.a(fp_cmp.o)
 .data          0x00800113        0x0 d:/program files (x86)/atmel/avr studio 5.1/extensions/atmel/avrgcc/3.3.1.27/avrtoolchain/bin/../lib/gcc/avr/4.5.1/../../../../avr/lib/avr5\libm.a(fp_inf.o)
 .data          0x00800113        0x0 d:/program files (x86)/atmel/avr studio 5.1/extensions/atmel/avrgcc/3.3.1.27/avrtoolchain/bin/../lib/gcc/avr/4.5.1/../../../../avr/lib/avr5\libm.a(fp_nan.o)
 .data          0x00800113        0x0 d:/program files (x86)/atmel/avr studio 5.1/extensions/atmel/avrgcc/3.3.1.27/avrtoolchain/bin/../lib/gcc/avr/4.5.1/../../../../avr/lib/avr5\libm.a(fp_pscA.o)
 .data          0x00800113        0x0 d:/program files (x86)/atmel/avr studio 5.1/extensions/atmel/avrgcc/3.3.1.27/avrtoolchain/bin/../lib/gcc/avr/4.5.1/../../../../avr/lib/avr5\libm.a(fp_pscB.o)
 .data          0x00800113        0x0 d:/program files (x86)/atmel/avr studio 5.1/extensions/atmel/avrgcc/3.3.1.27/avrtoolchain/bin/../lib/gcc/avr/4.5.1/../../../../avr/lib/avr5\libm.a(fp_round.o)
 .data          0x00800113        0x0 d:/program files (x86)/atmel/avr studio 5.1/extensions/atmel/avrgcc/3.3.1.27/avrtoolchain/bin/../lib/gcc/avr/4.5.1/../../../../avr/lib/avr5\libm.a(fp_split3.o)
 .data          0x00800113        0x0 d:/program files (x86)/atmel/avr studio 5.1/extensions/atmel/avrgcc/3.3.1.27/avrtoolchain/bin/../lib/gcc/avr/4.5.1/../../../../avr/lib/avr5\libm.a(fp_zero.o)
 .data          0x00800113        0x0 d:/program files (x86)/atmel/avr studio 5.1/extensions/atmel/avrgcc/3.3.1.27/avrtoolchain/bin/../lib/gcc/avr/4.5.1/../../../../avr/lib/avr5\libm.a(gesf2.o)
 .data          0x00800113        0x0 d:/program files (x86)/atmel/avr studio 5.1/extensions/atmel/avrgcc/3.3.1.27/avrtoolchain/bin/../lib/gcc/avr/4.5.1/../../../../avr/lib/avr5\libm.a(mulsf3.o)
 .data          0x00800113        0x0 d:/program files (x86)/atmel/avr studio 5.1/extensions/atmel/avrgcc/3.3.1.27/avrtoolchain/bin/../lib/gcc/avr/4.5.1/../../../../avr/lib/avr5\libm.a(mulsf3x.o)
 .data          0x00800113        0x0 d:/program files (x86)/atmel/avr studio 5.1/extensions/atmel/avrgcc/3.3.1.27/avrtoolchain/bin/../lib/gcc/avr/4.5.1/../../../../avr/lib/avr5\libm.a(sqrt.o)
 .data          0x00800113        0x0 d:/program files (x86)/atmel/avr studio 5.1/extensions/atmel/avrgcc/3.3.1.27/avrtoolchain/bin/../lib/gcc/avr/4.5.1/../../../../avr/lib/avr5\libm.a(fp_mpack.o)
 .data          0x00800113        0x0 d:/program files (x86)/atmel/avr studio 5.1/extensions/atmel/avrgcc/3.3.1.27/avrtoolchain/bin/../lib/gcc/avr/4.5.1/../../../../avr/lib/avr5\libm.a(fp_norm2.o)
 .data          0x00800113        0x0 d:/program files (x86)/atmel/avr studio 5.1/extensions/atmel/avrgcc/3.3.1.27/avrtoolchain/bin/../lib/gcc/avr/4.5.1/avr5\libgcc.a(_udivmodhi4.o)
 .data          0x00800113        0x0 d:/program files (x86)/atmel/avr studio 5.1/extensions/atmel/avrgcc/3.3.1.27/avrtoolchain/bin/../lib/gcc/avr/4.5.1/avr5\libgcc.a(_divmodhi4.o)
 .data          0x00800113        0x0 d:/program files (x86)/atmel/avr studio 5.1/extensions/atmel/avrgcc/3.3.1.27/avrtoolchain/bin/../lib/gcc/avr/4.5.1/avr5\libgcc.a(_exit.o)
 .data          0x00800113        0x0 d:/program files (x86)/atmel/avr studio 5.1/extensions/atmel/avrgcc/3.3.1.27/avrtoolchain/bin/../lib/gcc/avr/4.5.1/avr5\libgcc.a(_copy_data.o)
 .data          0x00800113        0x0 d:/program files (x86)/atmel/avr studio 5.1/extensions/atmel/avrgcc/3.3.1.27/avrtoolchain/bin/../lib/gcc/avr/4.5.1/avr5\libgcc.a(_clear_bss.o)
 .data          0x00800113        0x0 d:/program files (x86)/atmel/avr studio 5.1/extensions/atmel/avrgcc/3.3.1.27/avrtoolchain/bin/../lib/gcc/avr/4.5.1/../../../../avr/lib/avr5\libc.a(abs.o)
 .data          0x00800113        0x0 d:/program files (x86)/atmel/avr studio 5.1/extensions/atmel/avrgcc/3.3.1.27/avrtoolchain/bin/../lib/gcc/avr/4.5.1/../../../../avr/lib/avr5\libc.a(dtostrf.o)
 .data          0x00800113        0x0 d:/program files (x86)/atmel/avr studio 5.1/extensions/atmel/avrgcc/3.3.1.27/avrtoolchain/bin/../lib/gcc/avr/4.5.1/../../../../avr/lib/avr5\libc.a(memcpy_P.o)
 .data          0x00800113        0x0 d:/program files (x86)/atmel/avr studio 5.1/extensions/atmel/avrgcc/3.3.1.27/avrtoolchain/bin/../lib/gcc/avr/4.5.1/../../../../avr/lib/avr5\libc.a(strcpy_P.o)
 .data          0x00800113        0x0 d:/program files (x86)/atmel/avr studio 5.1/extensions/atmel/avrgcc/3.3.1.27/avrtoolchain/bin/../lib/gcc/avr/4.5.1/../../../../avr/lib/avr5\libc.a(strlen_P.o)
 .data          0x00800113        0x0 d:/program files (x86)/atmel/avr studio 5.1/extensions/atmel/avrgcc/3.3.1.27/avrtoolchain/bin/../lib/gcc/avr/4.5.1/../../../../avr/lib/avr5\libc.a(memcpy.o)
 .data          0x00800113        0x0 d:/program files (x86)/atmel/avr studio 5.1/extensions/atmel/avrgcc/3.3.1.27/avrtoolchain/bin/../lib/gcc/avr/4.5.1/../../../../avr/lib/avr5\libc.a(strcat.o)
 .data          0x00800113        0x0 d:/program files (x86)/atmel/avr studio 5.1/extensions/atmel/avrgcc/3.3.1.27/avrtoolchain/bin/../lib/gcc/avr/4.5.1/../../../../avr/lib/avr5\libc.a(itoa.o)
 .data          0x00800113        0x0 d:/program files (x86)/atmel/avr studio 5.1/extensions/atmel/avrgcc/3.3.1.27/avrtoolchain/bin/../lib/gcc/avr/4.5.1/../../../../avr/lib/avr5\libc.a(utoa.o)
 .data          0x00800113        0x0 d:/program files (x86)/atmel/avr studio 5.1/extensions/atmel/avrgcc/3.3.1.27/avrtoolchain/bin/../lib/gcc/avr/4.5.1/../../../../avr/lib/avr5\libc.a(eerd_block_atmega324pa.o)
 .data          0x00800113        0x0 d:/program files (x86)/atmel/avr studio 5.1/extensions/atmel/avrgcc/3.3.1.27/avrtoolchain/bin/../lib/gcc/avr/4.5.1/../../../../avr/lib/avr5\libc.a(eerd_byte_atmega324pa.o)
 .data          0x00800113        0x0 d:/program files (x86)/atmel/avr studio 5.1/extensions/atmel/avrgcc/3.3.1.27/avrtoolchain/bin/../lib/gcc/avr/4.5.1/../../../../avr/lib/avr5\libc.a(eewr_byte_atmega324pa.o)
 .data          0x00800113        0x0 d:/program files (x86)/atmel/avr studio 5.1/extensions/atmel/avrgcc/3.3.1.27/avrtoolchain/bin/../lib/gcc/avr/4.5.1/../../../../avr/lib/avr5\libc.a(dtoa_prf.o)
 .data          0x00800113        0x0 d:/program files (x86)/atmel/avr studio 5.1/extensions/atmel/avrgcc/3.3.1.27/avrtoolchain/bin/../lib/gcc/avr/4.5.1/../../../../avr/lib/avr5\libc.a(ftoa_engine.o)
 .data          0x00800113        0x0 d:/program files (x86)/atmel/avr studio 5.1/extensions/atmel/avrgcc/3.3.1.27/avrtoolchain/bin/../lib/gcc/avr/4.5.1/../../../../avr/lib/avr5\libc.a(strrev.o)
 .data          0x00800113        0x0 d:/program files (x86)/atmel/avr studio 5.1/extensions/atmel/avrgcc/3.3.1.27/avrtoolchain/bin/../lib/gcc/avr/4.5.1/avr5\libgcc.a(_prologue.o)
 .data          0x00800113        0x0 d:/program files (x86)/atmel/avr studio 5.1/extensions/atmel/avrgcc/3.3.1.27/avrtoolchain/bin/../lib/gcc/avr/4.5.1/avr5\libgcc.a(_epilogue.o)
 *(.data*)
 *(.rodata)
 *(.rodata*)
 *(.gnu.linkonce.d*)
                0x00800114                . = ALIGN (0x2)
 *fill*         0x00800113        0x1 00
                0x00800114                _edata = .
                0x00800114                PROVIDE (__data_end, .)

.bss            0x00800114      0x6f0
                0x00800114                PROVIDE (__bss_start, .)
 *(.bss)
 .bss           0x00800114        0x0 d:/program files (x86)/atmel/avr studio 5.1/extensions/atmel/avrgcc/3.3.1.27/avrtoolchain/bin/../lib/gcc/avr/4.5.1/../../../../avr/lib/avr5/crtm324pa.o
 .bss           0x00800114        0x0 Accessories/Beeper.o
 .bss           0x00800114        0x2 Accessories/KeyBoard.o
                0x00800114                TCNT_X_snapshot3
 .bss           0x00800116      0x409 Accessories/LCD.o
 .bss           0x0080051f        0x0 Accessories/LED.o
 .bss           0x0080051f        0x0 Accessories/Misc.o
 .bss           0x0080051f        0x0 Accessories/Ultrasonic.o
 .bss           0x0080051f        0x0 Arming.o
 .bss           0x0080051f        0x0 Core/eepROM.o
 .bss           0x0080051f        0x0 Core/Timer.o
 .bss           0x0080051f        0x2 Core/UART.o
                0x0080051f                RXIndex
 .bss           0x00800521        0x0 GFX/font12x16.o
 .bss           0x00800521        0x0 GFX/font6x8.o
 .bss           0x00800521        0x0 GFX/Fonts.o
 .bss           0x00800521        0x0 GFX/glyphs.o
 .bss           0x00800521        0x0 GFX/logo.o
 .bss           0x00800521        0x1 HefnyCopter2.o
 .bss           0x00800522        0x0 IMU/DCM.o
 .bss           0x00800522        0x0 IMU/PID.o
 .bss           0x00800522        0x6 IMU/IMU.o
 .bss           0x00800528        0x0 IMU/Kalman.o
 .bss           0x00800528        0x0 Math/Math.o
 .bss           0x00800528        0x8 Math/Vector3D.o
 .bss           0x00800530        0x1 Motor.o
 .bss           0x00800531        0x0 Receiver.o
 .bss           0x00800531        0x0 Sensors/Sensors.o
 .bss           0x00800531        0x1 Sensors/ADC_PORT.o
 .bss           0x00800532       0x18 UI/menu.o
                0x00800532                bValueChanged
                0x00800533                bNeedRestart
 .bss           0x0080054a        0x0 d:/program files (x86)/atmel/avr studio 5.1/extensions/atmel/avrgcc/3.3.1.27/avrtoolchain/bin/../lib/gcc/avr/4.5.1/../../../../avr/lib/avr5\libm.a(addsf3.o)
 .bss           0x0080054a        0x0 d:/program files (x86)/atmel/avr studio 5.1/extensions/atmel/avrgcc/3.3.1.27/avrtoolchain/bin/../lib/gcc/avr/4.5.1/../../../../avr/lib/avr5\libm.a(addsf3x.o)
 .bss           0x0080054a        0x0 d:/program files (x86)/atmel/avr studio 5.1/extensions/atmel/avrgcc/3.3.1.27/avrtoolchain/bin/../lib/gcc/avr/4.5.1/../../../../avr/lib/avr5\libm.a(cmpsf2.o)
 .bss           0x0080054a        0x0 d:/program files (x86)/atmel/avr studio 5.1/extensions/atmel/avrgcc/3.3.1.27/avrtoolchain/bin/../lib/gcc/avr/4.5.1/../../../../avr/lib/avr5\libm.a(divsf3.o)
 .bss           0x0080054a        0x0 d:/program files (x86)/atmel/avr studio 5.1/extensions/atmel/avrgcc/3.3.1.27/avrtoolchain/bin/../lib/gcc/avr/4.5.1/../../../../avr/lib/avr5\libm.a(divsf3x.o)
 .bss           0x0080054a        0x0 d:/program files (x86)/atmel/avr studio 5.1/extensions/atmel/avrgcc/3.3.1.27/avrtoolchain/bin/../lib/gcc/avr/4.5.1/../../../../avr/lib/avr5\libm.a(fixsfsi.o)
 .bss           0x0080054a        0x0 d:/program files (x86)/atmel/avr studio 5.1/extensions/atmel/avrgcc/3.3.1.27/avrtoolchain/bin/../lib/gcc/avr/4.5.1/../../../../avr/lib/avr5\libm.a(fixunssfsi.o)
 .bss           0x0080054a        0x0 d:/program files (x86)/atmel/avr studio 5.1/extensions/atmel/avrgcc/3.3.1.27/avrtoolchain/bin/../lib/gcc/avr/4.5.1/../../../../avr/lib/avr5\libm.a(floatsisf.o)
 .bss           0x0080054a        0x0 d:/program files (x86)/atmel/avr studio 5.1/extensions/atmel/avrgcc/3.3.1.27/avrtoolchain/bin/../lib/gcc/avr/4.5.1/../../../../avr/lib/avr5\libm.a(fp_cmp.o)
 .bss           0x0080054a        0x0 d:/program files (x86)/atmel/avr studio 5.1/extensions/atmel/avrgcc/3.3.1.27/avrtoolchain/bin/../lib/gcc/avr/4.5.1/../../../../avr/lib/avr5\libm.a(fp_inf.o)
 .bss           0x0080054a        0x0 d:/program files (x86)/atmel/avr studio 5.1/extensions/atmel/avrgcc/3.3.1.27/avrtoolchain/bin/../lib/gcc/avr/4.5.1/../../../../avr/lib/avr5\libm.a(fp_nan.o)
 .bss           0x0080054a        0x0 d:/program files (x86)/atmel/avr studio 5.1/extensions/atmel/avrgcc/3.3.1.27/avrtoolchain/bin/../lib/gcc/avr/4.5.1/../../../../avr/lib/avr5\libm.a(fp_pscA.o)
 .bss           0x0080054a        0x0 d:/program files (x86)/atmel/avr studio 5.1/extensions/atmel/avrgcc/3.3.1.27/avrtoolchain/bin/../lib/gcc/avr/4.5.1/../../../../avr/lib/avr5\libm.a(fp_pscB.o)
 .bss           0x0080054a        0x0 d:/program files (x86)/atmel/avr studio 5.1/extensions/atmel/avrgcc/3.3.1.27/avrtoolchain/bin/../lib/gcc/avr/4.5.1/../../../../avr/lib/avr5\libm.a(fp_round.o)
 .bss           0x0080054a        0x0 d:/program files (x86)/atmel/avr studio 5.1/extensions/atmel/avrgcc/3.3.1.27/avrtoolchain/bin/../lib/gcc/avr/4.5.1/../../../../avr/lib/avr5\libm.a(fp_split3.o)
 .bss           0x0080054a        0x0 d:/program files (x86)/atmel/avr studio 5.1/extensions/atmel/avrgcc/3.3.1.27/avrtoolchain/bin/../lib/gcc/avr/4.5.1/../../../../avr/lib/avr5\libm.a(fp_zero.o)
 .bss           0x0080054a        0x0 d:/program files (x86)/atmel/avr studio 5.1/extensions/atmel/avrgcc/3.3.1.27/avrtoolchain/bin/../lib/gcc/avr/4.5.1/../../../../avr/lib/avr5\libm.a(gesf2.o)
 .bss           0x0080054a        0x0 d:/program files (x86)/atmel/avr studio 5.1/extensions/atmel/avrgcc/3.3.1.27/avrtoolchain/bin/../lib/gcc/avr/4.5.1/../../../../avr/lib/avr5\libm.a(mulsf3.o)
 .bss           0x0080054a        0x0 d:/program files (x86)/atmel/avr studio 5.1/extensions/atmel/avrgcc/3.3.1.27/avrtoolchain/bin/../lib/gcc/avr/4.5.1/../../../../avr/lib/avr5\libm.a(mulsf3x.o)
 .bss           0x0080054a        0x0 d:/program files (x86)/atmel/avr studio 5.1/extensions/atmel/avrgcc/3.3.1.27/avrtoolchain/bin/../lib/gcc/avr/4.5.1/../../../../avr/lib/avr5\libm.a(sqrt.o)
 .bss           0x0080054a        0x0 d:/program files (x86)/atmel/avr studio 5.1/extensions/atmel/avrgcc/3.3.1.27/avrtoolchain/bin/../lib/gcc/avr/4.5.1/../../../../avr/lib/avr5\libm.a(fp_mpack.o)
 .bss           0x0080054a        0x0 d:/program files (x86)/atmel/avr studio 5.1/extensions/atmel/avrgcc/3.3.1.27/avrtoolchain/bin/../lib/gcc/avr/4.5.1/../../../../avr/lib/avr5\libm.a(fp_norm2.o)
 .bss           0x0080054a        0x0 d:/program files (x86)/atmel/avr studio 5.1/extensions/atmel/avrgcc/3.3.1.27/avrtoolchain/bin/../lib/gcc/avr/4.5.1/avr5\libgcc.a(_udivmodhi4.o)
 .bss           0x0080054a        0x0 d:/program files (x86)/atmel/avr studio 5.1/extensions/atmel/avrgcc/3.3.1.27/avrtoolchain/bin/../lib/gcc/avr/4.5.1/avr5\libgcc.a(_divmodhi4.o)
 .bss           0x0080054a        0x0 d:/program files (x86)/atmel/avr studio 5.1/extensions/atmel/avrgcc/3.3.1.27/avrtoolchain/bin/../lib/gcc/avr/4.5.1/avr5\libgcc.a(_exit.o)
 .bss           0x0080054a        0x0 d:/program files (x86)/atmel/avr studio 5.1/extensions/atmel/avrgcc/3.3.1.27/avrtoolchain/bin/../lib/gcc/avr/4.5.1/avr5\libgcc.a(_copy_data.o)
 .bss           0x0080054a        0x0 d:/program files (x86)/atmel/avr studio 5.1/extensions/atmel/avrgcc/3.3.1.27/avrtoolchain/bin/../lib/gcc/avr/4.5.1/avr5\libgcc.a(_clear_bss.o)
 .bss           0x0080054a        0x0 d:/program files (x86)/atmel/avr studio 5.1/extensions/atmel/avrgcc/3.3.1.27/avrtoolchain/bin/../lib/gcc/avr/4.5.1/../../../../avr/lib/avr5\libc.a(abs.o)
 .bss           0x0080054a        0x0 d:/program files (x86)/atmel/avr studio 5.1/extensions/atmel/avrgcc/3.3.1.27/avrtoolchain/bin/../lib/gcc/avr/4.5.1/../../../../avr/lib/avr5\libc.a(dtostrf.o)
 .bss           0x0080054a        0x0 d:/program files (x86)/atmel/avr studio 5.1/extensions/atmel/avrgcc/3.3.1.27/avrtoolchain/bin/../lib/gcc/avr/4.5.1/../../../../avr/lib/avr5\libc.a(memcpy_P.o)
 .bss           0x0080054a        0x0 d:/program files (x86)/atmel/avr studio 5.1/extensions/atmel/avrgcc/3.3.1.27/avrtoolchain/bin/../lib/gcc/avr/4.5.1/../../../../avr/lib/avr5\libc.a(strcpy_P.o)
 .bss           0x0080054a        0x0 d:/program files (x86)/atmel/avr studio 5.1/extensions/atmel/avrgcc/3.3.1.27/avrtoolchain/bin/../lib/gcc/avr/4.5.1/../../../../avr/lib/avr5\libc.a(strlen_P.o)
 .bss           0x0080054a        0x0 d:/program files (x86)/atmel/avr studio 5.1/extensions/atmel/avrgcc/3.3.1.27/avrtoolchain/bin/../lib/gcc/avr/4.5.1/../../../../avr/lib/avr5\libc.a(memcpy.o)
 .bss           0x0080054a        0x0 d:/program files (x86)/atmel/avr studio 5.1/extensions/atmel/avrgcc/3.3.1.27/avrtoolchain/bin/../lib/gcc/avr/4.5.1/../../../../avr/lib/avr5\libc.a(strcat.o)
 .bss           0x0080054a        0x0 d:/program files (x86)/atmel/avr studio 5.1/extensions/atmel/avrgcc/3.3.1.27/avrtoolchain/bin/../lib/gcc/avr/4.5.1/../../../../avr/lib/avr5\libc.a(itoa.o)
 .bss           0x0080054a        0x0 d:/program files (x86)/atmel/avr studio 5.1/extensions/atmel/avrgcc/3.3.1.27/avrtoolchain/bin/../lib/gcc/avr/4.5.1/../../../../avr/lib/avr5\libc.a(utoa.o)
 .bss           0x0080054a        0x0 d:/program files (x86)/atmel/avr studio 5.1/extensions/atmel/avrgcc/3.3.1.27/avrtoolchain/bin/../lib/gcc/avr/4.5.1/../../../../avr/lib/avr5\libc.a(eerd_block_atmega324pa.o)
 .bss           0x0080054a        0x0 d:/program files (x86)/atmel/avr studio 5.1/extensions/atmel/avrgcc/3.3.1.27/avrtoolchain/bin/../lib/gcc/avr/4.5.1/../../../../avr/lib/avr5\libc.a(eerd_byte_atmega324pa.o)
 .bss           0x0080054a        0x0 d:/program files (x86)/atmel/avr studio 5.1/extensions/atmel/avrgcc/3.3.1.27/avrtoolchain/bin/../lib/gcc/avr/4.5.1/../../../../avr/lib/avr5\libc.a(eewr_byte_atmega324pa.o)
 .bss           0x0080054a        0x0 d:/program files (x86)/atmel/avr studio 5.1/extensions/atmel/avrgcc/3.3.1.27/avrtoolchain/bin/../lib/gcc/avr/4.5.1/../../../../avr/lib/avr5\libc.a(dtoa_prf.o)
 .bss           0x0080054a        0x0 d:/program files (x86)/atmel/avr studio 5.1/extensions/atmel/avrgcc/3.3.1.27/avrtoolchain/bin/../lib/gcc/avr/4.5.1/../../../../avr/lib/avr5\libc.a(ftoa_engine.o)
 .bss           0x0080054a        0x0 d:/program files (x86)/atmel/avr studio 5.1/extensions/atmel/avrgcc/3.3.1.27/avrtoolchain/bin/../lib/gcc/avr/4.5.1/../../../../avr/lib/avr5\libc.a(strrev.o)
 .bss           0x0080054a        0x0 d:/program files (x86)/atmel/avr studio 5.1/extensions/atmel/avrgcc/3.3.1.27/avrtoolchain/bin/../lib/gcc/avr/4.5.1/avr5\libgcc.a(_prologue.o)
 .bss           0x0080054a        0x0 d:/program files (x86)/atmel/avr studio 5.1/extensions/atmel/avrgcc/3.3.1.27/avrtoolchain/bin/../lib/gcc/avr/4.5.1/avr5\libgcc.a(_epilogue.o)
 *(.bss*)
 *(COMMON)
 COMMON         0x0080054a      0x23c Accessories/KeyBoard.o
                0x0080054a                NavX
                0x0080054e                ACC_Roll_Offset
                0x0080054f                SystemActions
                0x00800550                PID_AccTerms
                0x00800598                MotorOut
                0x008005a0                nResult
                0x008005b0                Result
                0x008005b8                gyroRoll
                0x008005ba                TCNT0_X
                0x008005bc                _mykey
                0x008005bd                TCNT2_X
                0x008005bf                lastKeys
                0x008005c0                RX_Snapshot
                0x008005ca                nTemp16
                0x008005cc                ActiveRXIndex
                0x008005cd                _keyrepeat
                0x008005ce                RX_Length
                0x008005e2                CompGyroPitch
                0x008005e6                ACC_Pitch_Offset
                0x008005e7                UIEnableStickCommands
                0x008005e8                TCNT1_X_snapshot1
                0x008005ea                TCNT_X_snapshot2
                0x008005ec                sXDeg
                0x00800600                NavY
                0x00800604                RX_Latest
                0x00800618                AnglePitch
                0x0080061c                nFlyingModes
                0x0080061d                TCNT_X_snapshotAutoDisarm
                0x0080061f                CompGyroZ
                0x00800623                RX_MAX_raw
                0x00800637                gyroPitch
                0x00800639                CompAccZ
                0x0080063d                Sensors_Latest
                0x0080064d                RX_Snapshot_1
                0x00800657                bResetTCNR1_X
                0x00800658                Landing
                0x0080065c                CurrentTCNT1_X
                0x0080065e                TCNT1_X
                0x00800660                CompGyroRoll
                0x00800664                PID_GyroTerms
                0x008006ac                AltDiff
                0x008006b0                RX_MIN_raw
                0x008006c4                _TXKeys
                0x008006c5                SystemErrorType
                0x008006c6                Sensors_dt
                0x008006c8                LastAltitudeHold
                0x008006ca                AngleRoll
                0x008006ce                UpdateServo
                0x008006cf                gyroYaw
                0x008006d1                Config
                0x0080076d                PID_SonarTerms
                0x00800785                IsArmed
 COMMON         0x00800786       0x19 Core/UART.o
                0x00800786                DataCounter
                0x00800787                DisplayBuffer
                0x00800791                RXChar
                0x00800792                LastRXTime
                0x00800794                DataPtr
                0x00800796                RXBuffer
 COMMON         0x0080079f       0x1c HefnyCopter2.o
                0x0080079f                menuEnabled
                0x008007b0                editHiLimit
                0x008007b2                editValuePtr
                0x008007b4                editValueType
                0x008007b5                editMode
                0x008007b6                editLoLimit
                0x008007b8                RX_Good
                0x008007b9                editValue
 COMMON         0x008007bb       0x15 Motor.o
                0x008007bb                ElapsedTCNT2
                0x008007bd                m4
                0x008007bf                m2
                0x008007c1                MotorStartTCNT
                0x008007c3                tempTCNT2
                0x008007c4                i
                0x008007c6                PMW_Pulse_Interval
                0x008007c8                m1
                0x008007ca                tempTCNT1
                0x008007cc                m3
                0x008007ce                CurrentTCNT2
 COMMON         0x008007d0       0x23 Receiver.o
                0x008007d0                RX2_LastValidSignal_timestampAux
                0x008007d2                ShortTime
                0x008007d4                RX2_LastValidSignal_timestamp
                0x008007d6                RX1_LastValidSignal_timestamp
                0x008007d8                RX1_LastValidSignal_timestampAux
                0x008007da                iTemp16
                0x008007dc                OldPortCValue
                0x008007dd                LongTime
                0x008007df                RX_raw
 COMMON         0x008007f3       0x10 Sensors/ADC_PORT.o
                0x008007f3                ADCValues
 COMMON         0x00800803        0x1 UI/menu.o
                0x00800803                bError
                0x00800804                PROVIDE (__bss_end, .)
                0x00007bd4                __data_load_start = LOADADDR (.data)
                0x00007be8                __data_load_end = (__data_load_start + SIZEOF (.data))

.noinit         0x00800804        0x0
                0x00800804                PROVIDE (__noinit_start, .)
 *(.noinit*)
                0x00800804                PROVIDE (__noinit_end, .)
                0x00800804                _end = .
                0x00800804                PROVIDE (__heap_start, .)

.eeprom         0x00810000        0x0
 *(.eeprom*)
                0x00810000                __eeprom_end = .

.fuse
 *(.fuse)
 *(.lfuse)
 *(.hfuse)
 *(.efuse)

.lock
 *(.lock*)

.signature
 *(.signature*)

.stab           0x00000000     0x3c00
 *(.stab)
 .stab          0x00000000      0x6cc d:/program files (x86)/atmel/avr studio 5.1/extensions/atmel/avrgcc/3.3.1.27/avrtoolchain/bin/../lib/gcc/avr/4.5.1/../../../../avr/lib/avr5/crtm324pa.o
 .stab          0x000006cc       0x78 d:/program files (x86)/atmel/avr studio 5.1/extensions/atmel/avrgcc/3.3.1.27/avrtoolchain/bin/../lib/gcc/avr/4.5.1/../../../../avr/lib/avr5\libm.a(addsf3.o)
                                 0x84 (size before relaxing)
 .stab          0x00000744      0x4bc d:/program files (x86)/atmel/avr studio 5.1/extensions/atmel/avrgcc/3.3.1.27/avrtoolchain/bin/../lib/gcc/avr/4.5.1/../../../../avr/lib/avr5\libm.a(addsf3x.o)
                                0x4c8 (size before relaxing)
 .stab          0x00000c00       0x90 d:/program files (x86)/atmel/avr studio 5.1/extensions/atmel/avrgcc/3.3.1.27/avrtoolchain/bin/../lib/gcc/avr/4.5.1/../../../../avr/lib/avr5\libm.a(cmpsf2.o)
                                 0x9c (size before relaxing)
 .stab          0x00000c90       0x48 d:/program files (x86)/atmel/avr studio 5.1/extensions/atmel/avrgcc/3.3.1.27/avrtoolchain/bin/../lib/gcc/avr/4.5.1/../../../../avr/lib/avr5\libm.a(divsf3.o)
                                 0x54 (size before relaxing)
 .stab          0x00000cd8      0x510 d:/program files (x86)/atmel/avr studio 5.1/extensions/atmel/avrgcc/3.3.1.27/avrtoolchain/bin/../lib/gcc/avr/4.5.1/../../../../avr/lib/avr5\libm.a(divsf3x.o)
                                0x51c (size before relaxing)
 .stab          0x000011e8       0x6c d:/program files (x86)/atmel/avr studio 5.1/extensions/atmel/avrgcc/3.3.1.27/avrtoolchain/bin/../lib/gcc/avr/4.5.1/../../../../avr/lib/avr5\libm.a(fixsfsi.o)
                                 0x78 (size before relaxing)
 .stab          0x00001254      0x240 d:/program files (x86)/atmel/avr studio 5.1/extensions/atmel/avrgcc/3.3.1.27/avrtoolchain/bin/../lib/gcc/avr/4.5.1/../../../../avr/lib/avr5\libm.a(fixunssfsi.o)
                                0x24c (size before relaxing)
 .stab          0x00001494      0x318 d:/program files (x86)/atmel/avr studio 5.1/extensions/atmel/avrgcc/3.3.1.27/avrtoolchain/bin/../lib/gcc/avr/4.5.1/../../../../avr/lib/avr5\libm.a(floatsisf.o)
                                0x324 (size before relaxing)
 .stab          0x000017ac      0x1e0 d:/program files (x86)/atmel/avr studio 5.1/extensions/atmel/avrgcc/3.3.1.27/avrtoolchain/bin/../lib/gcc/avr/4.5.1/../../../../avr/lib/avr5\libm.a(fp_cmp.o)
                                0x1ec (size before relaxing)
 .stab          0x0000198c       0x78 d:/program files (x86)/atmel/avr studio 5.1/extensions/atmel/avrgcc/3.3.1.27/avrtoolchain/bin/../lib/gcc/avr/4.5.1/../../../../avr/lib/avr5\libm.a(fp_inf.o)
                                 0x84 (size before relaxing)
 .stab          0x00001a04       0x54 d:/program files (x86)/atmel/avr studio 5.1/extensions/atmel/avrgcc/3.3.1.27/avrtoolchain/bin/../lib/gcc/avr/4.5.1/../../../../avr/lib/avr5\libm.a(fp_nan.o)
                                 0x60 (size before relaxing)
 .stab          0x00001a58       0x84 d:/program files (x86)/atmel/avr studio 5.1/extensions/atmel/avrgcc/3.3.1.27/avrtoolchain/bin/../lib/gcc/avr/4.5.1/../../../../avr/lib/avr5\libm.a(fp_pscA.o)
                                 0x90 (size before relaxing)
 .stab          0x00001adc       0x84 d:/program files (x86)/atmel/avr studio 5.1/extensions/atmel/avrgcc/3.3.1.27/avrtoolchain/bin/../lib/gcc/avr/4.5.1/../../../../avr/lib/avr5\libm.a(fp_pscB.o)
                                 0x90 (size before relaxing)
 .stab          0x00001b60       0xfc d:/program files (x86)/atmel/avr studio 5.1/extensions/atmel/avrgcc/3.3.1.27/avrtoolchain/bin/../lib/gcc/avr/4.5.1/../../../../avr/lib/avr5\libm.a(fp_round.o)
                                0x108 (size before relaxing)
 .stab          0x00001c5c      0x1d4 d:/program files (x86)/atmel/avr studio 5.1/extensions/atmel/avrgcc/3.3.1.27/avrtoolchain/bin/../lib/gcc/avr/4.5.1/../../../../avr/lib/avr5\libm.a(fp_split3.o)
                                0x1e0 (size before relaxing)
 .stab          0x00001e30       0x90 d:/program files (x86)/atmel/avr studio 5.1/extensions/atmel/avrgcc/3.3.1.27/avrtoolchain/bin/../lib/gcc/avr/4.5.1/../../../../avr/lib/avr5\libm.a(fp_zero.o)
                                 0x9c (size before relaxing)
 .stab          0x00001ec0       0x6c d:/program files (x86)/atmel/avr studio 5.1/extensions/atmel/avrgcc/3.3.1.27/avrtoolchain/bin/../lib/gcc/avr/4.5.1/../../../../avr/lib/avr5\libm.a(gesf2.o)
                                 0x78 (size before relaxing)
 .stab          0x00001f2c       0x48 d:/program files (x86)/atmel/avr studio 5.1/extensions/atmel/avrgcc/3.3.1.27/avrtoolchain/bin/../lib/gcc/avr/4.5.1/../../../../avr/lib/avr5\libm.a(mulsf3.o)
                                 0x54 (size before relaxing)
 .stab          0x00001f74      0x4d4 d:/program files (x86)/atmel/avr studio 5.1/extensions/atmel/avrgcc/3.3.1.27/avrtoolchain/bin/../lib/gcc/avr/4.5.1/../../../../avr/lib/avr5\libm.a(mulsf3x.o)
                                0x4e0 (size before relaxing)
 .stab          0x00002448      0x354 d:/program files (x86)/atmel/avr studio 5.1/extensions/atmel/avrgcc/3.3.1.27/avrtoolchain/bin/../lib/gcc/avr/4.5.1/../../../../avr/lib/avr5\libm.a(sqrt.o)
                                0x360 (size before relaxing)
 .stab          0x0000279c       0xe4 d:/program files (x86)/atmel/avr studio 5.1/extensions/atmel/avrgcc/3.3.1.27/avrtoolchain/bin/../lib/gcc/avr/4.5.1/../../../../avr/lib/avr5\libm.a(fp_mpack.o)
                                 0xf0 (size before relaxing)
 .stab          0x00002880       0x84 d:/program files (x86)/atmel/avr studio 5.1/extensions/atmel/avrgcc/3.3.1.27/avrtoolchain/bin/../lib/gcc/avr/4.5.1/../../../../avr/lib/avr5\libm.a(fp_norm2.o)
                                 0x90 (size before relaxing)
 .stab          0x00002904       0x84 d:/program files (x86)/atmel/avr studio 5.1/extensions/atmel/avrgcc/3.3.1.27/avrtoolchain/bin/../lib/gcc/avr/4.5.1/../../../../avr/lib/avr5\libc.a(memcpy_P.o)
                                 0x90 (size before relaxing)
 .stab          0x00002988       0x6c d:/program files (x86)/atmel/avr studio 5.1/extensions/atmel/avrgcc/3.3.1.27/avrtoolchain/bin/../lib/gcc/avr/4.5.1/../../../../avr/lib/avr5\libc.a(strcpy_P.o)
                                 0x78 (size before relaxing)
 .stab          0x000029f4       0x84 d:/program files (x86)/atmel/avr studio 5.1/extensions/atmel/avrgcc/3.3.1.27/avrtoolchain/bin/../lib/gcc/avr/4.5.1/../../../../avr/lib/avr5\libc.a(strlen_P.o)
                                 0x90 (size before relaxing)
 .stab          0x00002a78       0x84 d:/program files (x86)/atmel/avr studio 5.1/extensions/atmel/avrgcc/3.3.1.27/avrtoolchain/bin/../lib/gcc/avr/4.5.1/../../../../avr/lib/avr5\libc.a(memcpy.o)
                                 0x90 (size before relaxing)
 .stab          0x00002afc       0x9c d:/program files (x86)/atmel/avr studio 5.1/extensions/atmel/avrgcc/3.3.1.27/avrtoolchain/bin/../lib/gcc/avr/4.5.1/../../../../avr/lib/avr5\libc.a(strcat.o)
                                 0xa8 (size before relaxing)
 .stab          0x00002b98      0x1b0 d:/program files (x86)/atmel/avr studio 5.1/extensions/atmel/avrgcc/3.3.1.27/avrtoolchain/bin/../lib/gcc/avr/4.5.1/../../../../avr/lib/avr5\libc.a(itoa.o)
                                0x1bc (size before relaxing)
 .stab          0x00002d48      0x12c d:/program files (x86)/atmel/avr studio 5.1/extensions/atmel/avrgcc/3.3.1.27/avrtoolchain/bin/../lib/gcc/avr/4.5.1/../../../../avr/lib/avr5\libc.a(utoa.o)
                                0x138 (size before relaxing)
 .stab          0x00002e74      0x108 d:/program files (x86)/atmel/avr studio 5.1/extensions/atmel/avrgcc/3.3.1.27/avrtoolchain/bin/../lib/gcc/avr/4.5.1/../../../../avr/lib/avr5\libc.a(eerd_block_atmega324pa.o)
                                0x114 (size before relaxing)
 .stab          0x00002f7c       0x90 d:/program files (x86)/atmel/avr studio 5.1/extensions/atmel/avrgcc/3.3.1.27/avrtoolchain/bin/../lib/gcc/avr/4.5.1/../../../../avr/lib/avr5\libc.a(eerd_byte_atmega324pa.o)
                                 0x9c (size before relaxing)
 .stab          0x0000300c       0xe4 d:/program files (x86)/atmel/avr studio 5.1/extensions/atmel/avrgcc/3.3.1.27/avrtoolchain/bin/../lib/gcc/avr/4.5.1/../../../../avr/lib/avr5\libc.a(eewr_byte_atmega324pa.o)
                                 0xf0 (size before relaxing)
 .stab          0x000030f0      0xa38 d:/program files (x86)/atmel/avr studio 5.1/extensions/atmel/avrgcc/3.3.1.27/avrtoolchain/bin/../lib/gcc/avr/4.5.1/../../../../avr/lib/avr5\libc.a(ftoa_engine.o)
                                0xa44 (size before relaxing)
 .stab          0x00003b28       0xd8 d:/program files (x86)/atmel/avr studio 5.1/extensions/atmel/avrgcc/3.3.1.27/avrtoolchain/bin/../lib/gcc/avr/4.5.1/../../../../avr/lib/avr5\libc.a(strrev.o)
                                 0xe4 (size before relaxing)

.stabstr        0x00000000      0xf25
 *(.stabstr)
 .stabstr       0x00000000      0xf25 d:/program files (x86)/atmel/avr studio 5.1/extensions/atmel/avrgcc/3.3.1.27/avrtoolchain/bin/../lib/gcc/avr/4.5.1/../../../../avr/lib/avr5/crtm324pa.o

.stab.excl
 *(.stab.excl)

.stab.exclstr
 *(.stab.exclstr)

.stab.index
 *(.stab.index)

.stab.indexstr
 *(.stab.indexstr)

.comment
 *(.comment)

.debug
 *(.debug)

.line
 *(.line)

.debug_srcinfo
 *(.debug_srcinfo)

.debug_sfnames
 *(.debug_sfnames)

.debug_aranges  0x00000000      0x358
 *(.debug_aranges)
 .debug_aranges
                0x00000000       0x20 Accessories/Beeper.o
 .debug_aranges
                0x00000020       0x20 Accessories/KeyBoard.o
 .debug_aranges
                0x00000040       0x28 Accessories/LCD.o
 .debug_aranges
                0x00000068       0x20 Accessories/LED.o
 .debug_aranges
                0x00000088       0x20 Accessories/Misc.o
 .debug_aranges
                0x000000a8       0x20 Accessories/Ultrasonic.o
 .debug_aranges
                0x000000c8       0x20 Arming.o
 .debug_aranges
                0x000000e8       0x20 Core/eepROM.o
 .debug_aranges
                0x00000108       0x20 Core/Timer.o
 .debug_aranges
                0x00000128       0x20 Core/UART.o
 .debug_aranges
                0x00000148       0x20 GFX/font12x16.o
 .debug_aranges
                0x00000168       0x20 GFX/font6x8.o
 .debug_aranges
                0x00000188       0x20 HefnyCopter2.o
 .debug_aranges
                0x000001a8       0x20 IMU/PID.o
 .debug_aranges
                0x000001c8       0x20 IMU/IMU.o
 .debug_aranges
                0x000001e8       0x20 Math/Math.o
 .debug_aranges
                0x00000208       0x20 Math/Vector3D.o
 .debug_aranges
                0x00000228       0x20 Motor.o
 .debug_aranges
                0x00000248       0x50 Receiver.o
 .debug_aranges
                0x00000298       0x20 Sensors/Sensors.o
 .debug_aranges
                0x000002b8       0x20 Sensors/ADC_PORT.o
 .debug_aranges
                0x000002d8       0x20 UI/menu.o
 .debug_aranges
                0x000002f8       0x20 d:/program files (x86)/atmel/avr studio 5.1/extensions/atmel/avrgcc/3.3.1.27/avrtoolchain/bin/../lib/gcc/avr/4.5.1/../../../../avr/lib/avr5\libc.a(abs.o)
 .debug_aranges
                0x00000318       0x20 d:/program files (x86)/atmel/avr studio 5.1/extensions/atmel/avrgcc/3.3.1.27/avrtoolchain/bin/../lib/gcc/avr/4.5.1/../../../../avr/lib/avr5\libc.a(dtostrf.o)
 .debug_aranges
                0x00000338       0x20 d:/program files (x86)/atmel/avr studio 5.1/extensions/atmel/avrgcc/3.3.1.27/avrtoolchain/bin/../lib/gcc/avr/4.5.1/../../../../avr/lib/avr5\libc.a(dtoa_prf.o)

.debug_pubnames
                0x00000000     0x3d19
 *(.debug_pubnames)
 .debug_pubnames
                0x00000000       0x22 Accessories/Beeper.o
 .debug_pubnames
                0x00000022      0x385 Accessories/KeyBoard.o
 .debug_pubnames
                0x000003a7      0x4fc Accessories/LCD.o
 .debug_pubnames
                0x000008a3       0x29 Accessories/LED.o
 .debug_pubnames
                0x000008cc       0x2c Accessories/Misc.o
 .debug_pubnames
                0x000008f8      0x31a Accessories/Ultrasonic.o
 .debug_pubnames
                0x00000c12      0x319 Arming.o
 .debug_pubnames
                0x00000f2b      0x3d8 Core/eepROM.o
 .debug_pubnames
                0x00001303      0x335 Core/Timer.o
 .debug_pubnames
                0x00001638      0x3c5 Core/UART.o
 .debug_pubnames
                0x000019fd       0x20 GFX/font12x16.o
 .debug_pubnames
                0x00001a1d       0x1e GFX/font6x8.o
 .debug_pubnames
                0x00001a3b       0x1c GFX/Fonts.o
 .debug_pubnames
                0x00001a57       0x59 GFX/glyphs.o
 .debug_pubnames
                0x00001ab0       0x1e GFX/logo.o
 .debug_pubnames
                0x00001ace      0x482 HefnyCopter2.o
 .debug_pubnames
                0x00001f50      0x33a IMU/PID.o
 .debug_pubnames
                0x0000228a      0x332 IMU/IMU.o
 .debug_pubnames
                0x000025bc       0x47 Math/Math.o
 .debug_pubnames
                0x00002603       0xa6 Math/Vector3D.o
 .debug_pubnames
                0x000026a9      0x3af Motor.o
 .debug_pubnames
                0x00002a58      0x536 Receiver.o
 .debug_pubnames
                0x00002f8e      0x368 Sensors/Sensors.o
 .debug_pubnames
                0x000032f6      0x345 Sensors/ADC_PORT.o
 .debug_pubnames
                0x0000363b      0x67d UI/menu.o
 .debug_pubnames
                0x00003cb8       0x24 d:/program files (x86)/atmel/avr studio 5.1/extensions/atmel/avrgcc/3.3.1.27/avrtoolchain/bin/../lib/gcc/avr/4.5.1/../../../../avr/lib/avr5\libc.a(abs.o)
 .debug_pubnames
                0x00003cdc       0x1e d:/program files (x86)/atmel/avr studio 5.1/extensions/atmel/avrgcc/3.3.1.27/avrtoolchain/bin/../lib/gcc/avr/4.5.1/../../../../avr/lib/avr5\libc.a(dtostrf.o)
 .debug_pubnames
                0x00003cfa       0x1f d:/program files (x86)/atmel/avr studio 5.1/extensions/atmel/avrgcc/3.3.1.27/avrtoolchain/bin/../lib/gcc/avr/4.5.1/../../../../avr/lib/avr5\libc.a(dtoa_prf.o)

.debug_info     0x00000000     0xcf99
 *(.debug_info)
 .debug_info    0x00000000      0x15b Accessories/Beeper.o
 .debug_info    0x0000015b      0x8e6 Accessories/KeyBoard.o
 .debug_info    0x00000a41     0x14dc Accessories/LCD.o
 .debug_info    0x00001f1d      0x175 Accessories/LED.o
 .debug_info    0x00002092       0xcb Accessories/Misc.o
 .debug_info    0x0000215d      0x879 Accessories/Ultrasonic.o
 .debug_info    0x000029d6      0xce2 Arming.o
 .debug_info    0x000036b8      0x92c Core/eepROM.o
 .debug_info    0x00003fe4      0x822 Core/Timer.o
 .debug_info    0x00004806      0xb15 Core/UART.o
 .debug_info    0x0000531b      0x157 GFX/font12x16.o
 .debug_info    0x00005472      0x157 GFX/font6x8.o
 .debug_info    0x000055c9      0x147 GFX/Fonts.o
 .debug_info    0x00005710      0x12e GFX/glyphs.o
 .debug_info    0x0000583e       0xe6 GFX/logo.o
 .debug_info    0x00005924     0x146f HefnyCopter2.o
 .debug_info    0x00006d93        0x0 IMU/DCM.o
 .debug_info    0x00006d93      0x8ee IMU/PID.o
 .debug_info    0x00007681      0xaed IMU/IMU.o
 .debug_info    0x0000816e        0x0 IMU/Kalman.o
 .debug_info    0x0000816e      0x207 Math/Math.o
 .debug_info    0x00008375      0x1ed Math/Vector3D.o
 .debug_info    0x00008562      0xaa2 Motor.o
 .debug_info    0x00009004      0xe50 Receiver.o
 .debug_info    0x00009e54      0xa94 Sensors/Sensors.o
 .debug_info    0x0000a8e8      0x8f1 Sensors/ADC_PORT.o
 .debug_info    0x0000b1d9     0x1b43 UI/menu.o
 .debug_info    0x0000cd1c       0x66 d:/program files (x86)/atmel/avr studio 5.1/extensions/atmel/avrgcc/3.3.1.27/avrtoolchain/bin/../lib/gcc/avr/4.5.1/../../../../avr/lib/avr5\libc.a(abs.o)
 .debug_info    0x0000cd82       0xdb d:/program files (x86)/atmel/avr studio 5.1/extensions/atmel/avrgcc/3.3.1.27/avrtoolchain/bin/../lib/gcc/avr/4.5.1/../../../../avr/lib/avr5\libc.a(dtostrf.o)
 .debug_info    0x0000ce5d      0x13c d:/program files (x86)/atmel/avr studio 5.1/extensions/atmel/avrgcc/3.3.1.27/avrtoolchain/bin/../lib/gcc/avr/4.5.1/../../../../avr/lib/avr5\libc.a(dtoa_prf.o)
 *(.gnu.linkonce.wi.*)

.debug_abbrev   0x00000000     0x2506
 *(.debug_abbrev)
 .debug_abbrev  0x00000000       0x95 Accessories/Beeper.o
 .debug_abbrev  0x00000095      0x160 Accessories/KeyBoard.o
 .debug_abbrev  0x000001f5      0x3ae Accessories/LCD.o
 .debug_abbrev  0x000005a3       0xa6 Accessories/LED.o
 .debug_abbrev  0x00000649       0x7f Accessories/Misc.o
 .debug_abbrev  0x000006c8      0x106 Accessories/Ultrasonic.o
 .debug_abbrev  0x000007ce      0x180 Arming.o
 .debug_abbrev  0x0000094e      0x177 Core/eepROM.o
 .debug_abbrev  0x00000ac5      0x104 Core/Timer.o
 .debug_abbrev  0x00000bc9      0x20e Core/UART.o
 .debug_abbrev  0x00000dd7       0xcd GFX/font12x16.o
 .debug_abbrev  0x00000ea4       0xcd GFX/font6x8.o
 .debug_abbrev  0x00000f71       0xa9 GFX/Fonts.o
 .debug_abbrev  0x0000101a       0x7b GFX/glyphs.o
 .debug_abbrev  0x00001095       0x7b GFX/logo.o
 .debug_abbrev  0x00001110      0x291 HefnyCopter2.o
 .debug_abbrev  0x000013a1        0x1 IMU/DCM.o
 .debug_abbrev  0x000013a2      0x176 IMU/PID.o
 .debug_abbrev  0x00001518      0x1d8 IMU/IMU.o
 .debug_abbrev  0x000016f0        0x1 IMU/Kalman.o
 .debug_abbrev  0x000016f1       0xcf Math/Math.o
 .debug_abbrev  0x000017c0       0xb4 Math/Vector3D.o
 .debug_abbrev  0x00001874      0x1dd Motor.o
 .debug_abbrev  0x00001a51      0x23a Receiver.o
 .debug_abbrev  0x00001c8b      0x255 Sensors/Sensors.o
 .debug_abbrev  0x00001ee0      0x1d4 Sensors/ADC_PORT.o
 .debug_abbrev  0x000020b4      0x2df UI/menu.o
 .debug_abbrev  0x00002393       0x53 d:/program files (x86)/atmel/avr studio 5.1/extensions/atmel/avrgcc/3.3.1.27/avrtoolchain/bin/../lib/gcc/avr/4.5.1/../../../../avr/lib/avr5\libc.a(abs.o)
 .debug_abbrev  0x000023e6       0x79 d:/program files (x86)/atmel/avr studio 5.1/extensions/atmel/avrgcc/3.3.1.27/avrtoolchain/bin/../lib/gcc/avr/4.5.1/../../../../avr/lib/avr5\libc.a(dtostrf.o)
 .debug_abbrev  0x0000245f       0xa7 d:/program files (x86)/atmel/avr studio 5.1/extensions/atmel/avrgcc/3.3.1.27/avrtoolchain/bin/../lib/gcc/avr/4.5.1/../../../../avr/lib/avr5\libc.a(dtoa_prf.o)

.debug_line     0x00000000     0x661b
 *(.debug_line)
 .debug_line    0x00000000      0x16b Accessories/Beeper.o
 .debug_line    0x0000016b      0x1f7 Accessories/KeyBoard.o
 .debug_line    0x00000362      0x88d Accessories/LCD.o
 .debug_line    0x00000bef      0x178 Accessories/LED.o
 .debug_line    0x00000d67      0x186 Accessories/Misc.o
 .debug_line    0x00000eed      0x184 Accessories/Ultrasonic.o
 .debug_line    0x00001071      0x28b Arming.o
 .debug_line    0x000012fc      0x2d5 Core/eepROM.o
 .debug_line    0x000015d1      0x1a6 Core/Timer.o
 .debug_line    0x00001777      0x3ed Core/UART.o
 .debug_line    0x00001b64      0x1cf GFX/font12x16.o
 .debug_line    0x00001d33      0x1cd GFX/font6x8.o
 .debug_line    0x00001f00      0x1b0 GFX/Fonts.o
 .debug_line    0x000020b0      0x1b2 GFX/glyphs.o
 .debug_line    0x00002262      0x1b0 GFX/logo.o
 .debug_line    0x00002412      0xbf1 HefnyCopter2.o
 .debug_line    0x00003003       0x24 IMU/DCM.o
 .debug_line    0x00003027      0x255 IMU/PID.o
 .debug_line    0x0000327c      0x4ce IMU/IMU.o
 .debug_line    0x0000374a       0x24 IMU/Kalman.o
 .debug_line    0x0000376e      0x1a5 Math/Math.o
 .debug_line    0x00003913      0x1c2 Math/Vector3D.o
 .debug_line    0x00003ad5      0x3ed Motor.o
 .debug_line    0x00003ec2      0x7ff Receiver.o
 .debug_line    0x000046c1      0x450 Sensors/Sensors.o
 .debug_line    0x00004b11      0x26f Sensors/ADC_PORT.o
 .debug_line    0x00004d80     0x1292 UI/menu.o
 .debug_line    0x00006012       0xbd d:/program files (x86)/atmel/avr studio 5.1/extensions/atmel/avrgcc/3.3.1.27/avrtoolchain/bin/../lib/gcc/avr/4.5.1/../../../../avr/lib/avr5\libc.a(abs.o)
 .debug_line    0x000060cf       0xc9 d:/program files (x86)/atmel/avr studio 5.1/extensions/atmel/avrgcc/3.3.1.27/avrtoolchain/bin/../lib/gcc/avr/4.5.1/../../../../avr/lib/avr5\libc.a(dtostrf.o)
 .debug_line    0x00006198      0x483 d:/program files (x86)/atmel/avr studio 5.1/extensions/atmel/avrgcc/3.3.1.27/avrtoolchain/bin/../lib/gcc/avr/4.5.1/../../../../avr/lib/avr5\libc.a(dtoa_prf.o)

.debug_frame    0x00000000      0xa70
 *(.debug_frame)
 .debug_frame   0x00000000       0x20 Accessories/Beeper.o
 .debug_frame   0x00000020       0x40 Accessories/KeyBoard.o
 .debug_frame   0x00000060      0x1d0 Accessories/LCD.o
 .debug_frame   0x00000230       0x20 Accessories/LED.o
 .debug_frame   0x00000250       0x30 Accessories/Misc.o
 .debug_frame   0x00000280       0x20 Accessories/Ultrasonic.o
 .debug_frame   0x000002a0       0x30 Arming.o
 .debug_frame   0x000002d0       0x80 Core/eepROM.o
 .debug_frame   0x00000350       0x40 Core/Timer.o
 .debug_frame   0x00000390       0x70 Core/UART.o
 .debug_frame   0x00000400       0x20 GFX/font12x16.o
 .debug_frame   0x00000420       0x20 GFX/font6x8.o
 .debug_frame   0x00000440       0xa0 HefnyCopter2.o
 .debug_frame   0x000004e0       0x40 IMU/PID.o
 .debug_frame   0x00000520       0x40 IMU/IMU.o
 .debug_frame   0x00000560       0x50 Math/Math.o
 .debug_frame   0x000005b0       0x80 Math/Vector3D.o
 .debug_frame   0x00000630       0x20 Motor.o
 .debug_frame   0x00000650      0x100 Receiver.o
 .debug_frame   0x00000750       0x60 Sensors/Sensors.o
 .debug_frame   0x000007b0       0x40 Sensors/ADC_PORT.o
 .debug_frame   0x000007f0      0x220 UI/menu.o
 .debug_frame   0x00000a10       0x20 d:/program files (x86)/atmel/avr studio 5.1/extensions/atmel/avrgcc/3.3.1.27/avrtoolchain/bin/../lib/gcc/avr/4.5.1/../../../../avr/lib/avr5\libc.a(abs.o)
 .debug_frame   0x00000a30       0x20 d:/program files (x86)/atmel/avr studio 5.1/extensions/atmel/avrgcc/3.3.1.27/avrtoolchain/bin/../lib/gcc/avr/4.5.1/../../../../avr/lib/avr5\libc.a(dtostrf.o)
 .debug_frame   0x00000a50       0x20 d:/program files (x86)/atmel/avr studio 5.1/extensions/atmel/avrgcc/3.3.1.27/avrtoolchain/bin/../lib/gcc/avr/4.5.1/../../../../avr/lib/avr5\libc.a(dtoa_prf.o)

.debug_str      0x00000000     0x19fb
 *(.debug_str)
 .debug_str     0x00000000       0xee Accessories/Beeper.o
                                0x122 (size before relaxing)
 .debug_str     0x000000ee      0x46e Accessories/KeyBoard.o
                                0x552 (size before relaxing)
 .debug_str     0x0000055c      0x313 Accessories/LCD.o
                                0x818 (size before relaxing)
 .debug_str     0x0000086f       0x40 Accessories/LED.o
                                0x13e (size before relaxing)
 .debug_str     0x000008af       0x24 Accessories/Misc.o
                                 0xea (size before relaxing)
 .debug_str     0x000008d3       0x2c Accessories/Ultrasonic.o
                                0x521 (size before relaxing)
 .debug_str     0x000008ff      0x1fa Arming.o
                                0x71f (size before relaxing)
 .debug_str     0x00000af9       0xeb Core/eepROM.o
                                0x5c2 (size before relaxing)
 .debug_str     0x00000be4       0x33 Core/Timer.o
                                0x4f8 (size before relaxing)
 .debug_str     0x00000c17       0xf4 Core/UART.o
                                0x5cd (size before relaxing)
 .debug_str     0x00000d0b       0x3e GFX/font12x16.o
                                0x139 (size before relaxing)
 .debug_str     0x00000d49       0x2e GFX/font6x8.o
                                0x131 (size before relaxing)
 .debug_str     0x00000d77       0x15 GFX/Fonts.o
                                0x117 (size before relaxing)
 .debug_str     0x00000d8c       0x43 GFX/glyphs.o
                                0x127 (size before relaxing)
 .debug_str     0x00000dcf       0x16 GFX/logo.o
                                 0xfa (size before relaxing)
 .debug_str     0x00000de5      0x2ce HefnyCopter2.o
                                0xa59 (size before relaxing)
 .debug_str     0x000010b3       0x5d IMU/PID.o
                                0x52f (size before relaxing)
 .debug_str     0x00001110       0x73 IMU/IMU.o
                                0x5a3 (size before relaxing)
 .debug_str     0x00001183       0x80 Math/Math.o
                                0x153 (size before relaxing)
 .debug_str     0x00001203       0x97 Math/Vector3D.o
                                 0xe9 (size before relaxing)
 .debug_str     0x0000129a       0x7e Motor.o
                                0x59d (size before relaxing)
 .debug_str     0x00001318      0x203 Receiver.o
                                0x732 (size before relaxing)
 .debug_str     0x0000151b       0x8d Sensors/Sensors.o
                                0x5f4 (size before relaxing)
 .debug_str     0x000015a8       0x4c Sensors/ADC_PORT.o
                                0x54f (size before relaxing)
 .debug_str     0x000015f4      0x2b0 UI/menu.o
                                0xcb8 (size before relaxing)
 .debug_str     0x000018a4       0x68 d:/program files (x86)/atmel/avr studio 5.1/extensions/atmel/avrgcc/3.3.1.27/avrtoolchain/bin/../lib/gcc/avr/4.5.1/../../../../avr/lib/avr5\libc.a(abs.o)
                                 0x8a (size before relaxing)
 .debug_str     0x0000190c       0x76 d:/program files (x86)/atmel/avr studio 5.1/extensions/atmel/avrgcc/3.3.1.27/avrtoolchain/bin/../lib/gcc/avr/4.5.1/../../../../avr/lib/avr5\libc.a(dtostrf.o)
                                 0xfb (size before relaxing)
 .debug_str     0x00001982       0x79 d:/program files (x86)/atmel/avr studio 5.1/extensions/atmel/avrgcc/3.3.1.27/avrtoolchain/bin/../lib/gcc/avr/4.5.1/../../../../avr/lib/avr5\libc.a(dtoa_prf.o)
                                0x109 (size before relaxing)

.debug_loc      0x00000000     0x2256
 *(.debug_loc)
 .debug_loc     0x00000000       0x7a Accessories/Beeper.o
 .debug_loc     0x0000007a       0x42 Accessories/KeyBoard.o
 .debug_loc     0x000000bc      0x904 Accessories/LCD.o
 .debug_loc     0x000009c0       0x9d Accessories/LED.o
 .debug_loc     0x00000a5d       0x30 Accessories/Misc.o
 .debug_loc     0x00000a8d      0x113 Core/eepROM.o
 .debug_loc     0x00000ba0      0x177 Core/UART.o
 .debug_loc     0x00000d17       0x13 GFX/font12x16.o
 .debug_loc     0x00000d2a       0x13 GFX/font6x8.o
 .debug_loc     0x00000d3d       0x73 HefnyCopter2.o
 .debug_loc     0x00000db0       0x80 IMU/PID.o
 .debug_loc     0x00000e30      0x19e IMU/IMU.o
 .debug_loc     0x00000fce      0x180 Math/Math.o
 .debug_loc     0x0000114e      0x284 Math/Vector3D.o
 .debug_loc     0x000013d2       0x40 Motor.o
 .debug_loc     0x00001412      0x2f2 Receiver.o
 .debug_loc     0x00001704      0x129 Sensors/Sensors.o
 .debug_loc     0x0000182d       0x3e Sensors/ADC_PORT.o
 .debug_loc     0x0000186b      0x3b1 UI/menu.o
 .debug_loc     0x00001c1c       0x18 d:/program files (x86)/atmel/avr studio 5.1/extensions/atmel/avrgcc/3.3.1.27/avrtoolchain/bin/../lib/gcc/avr/4.5.1/../../../../avr/lib/avr5\libc.a(abs.o)
 .debug_loc     0x00001c34       0x90 d:/program files (x86)/atmel/avr studio 5.1/extensions/atmel/avrgcc/3.3.1.27/avrtoolchain/bin/../lib/gcc/avr/4.5.1/../../../../avr/lib/avr5\libc.a(dtostrf.o)
 .debug_loc     0x00001cc4      0x592 d:/program files (x86)/atmel/avr studio 5.1/extensions/atmel/avrgcc/3.3.1.27/avrtoolchain/bin/../lib/gcc/avr/4.5.1/../../../../avr/lib/avr5\libc.a(dtoa_prf.o)

.debug_macinfo
 *(.debug_macinfo)
OUTPUT(HefnyCopter 2.elf elf32-avr)
LOAD linker stubs

.debug_pubtypes
                0x00000000      0xb57
 .debug_pubtypes
                0x00000000       0x37 Accessories/Beeper.o
 .debug_pubtypes
                0x00000037       0x82 Accessories/KeyBoard.o
 .debug_pubtypes
                0x000000b9       0xda Accessories/LCD.o
 .debug_pubtypes
                0x00000193       0x37 Accessories/LED.o
 .debug_pubtypes
                0x000001ca       0x2b Accessories/Misc.o
 .debug_pubtypes
                0x000001f5       0x8e Accessories/Ultrasonic.o
 .debug_pubtypes
                0x00000283       0x9c Arming.o
 .debug_pubtypes
                0x0000031f       0x8d Core/eepROM.o
 .debug_pubtypes
                0x000003ac       0x82 Core/Timer.o
 .debug_pubtypes
                0x0000042e       0x94 Core/UART.o
 .debug_pubtypes